Archive member included to satisfy reference by file (symbol)

C:/ST/STM32CubeIDE_1.18.0/STM32CubeIDE/plugins/com.st.stm32cube.ide.mcu.externaltools.gnu-tools-for-stm32.13.3.rel1.win32_1.0.0.202411081344/tools/bin/../lib/gcc/arm-none-eabi/13.3.1/../../../../arm-none-eabi/lib/thumb/v7-m/nofp\libc_nano.a(libc_a-exit.o)
                              C:/ST/STM32CubeIDE_1.18.0/STM32CubeIDE/plugins/com.st.stm32cube.ide.mcu.externaltools.gnu-tools-for-stm32.13.3.rel1.win32_1.0.0.202411081344/tools/bin/../lib/gcc/arm-none-eabi/13.3.1/../../../../arm-none-eabi/lib/thumb/v7-m/nofp/crt0.o (exit)
C:/ST/STM32CubeIDE_1.18.0/STM32CubeIDE/plugins/com.st.stm32cube.ide.mcu.externaltools.gnu-tools-for-stm32.13.3.rel1.win32_1.0.0.202411081344/tools/bin/../lib/gcc/arm-none-eabi/13.3.1/../../../../arm-none-eabi/lib/thumb/v7-m/nofp\libc_nano.a(libc_a-findfp.o)
                              C:/ST/STM32CubeIDE_1.18.0/STM32CubeIDE/plugins/com.st.stm32cube.ide.mcu.externaltools.gnu-tools-for-stm32.13.3.rel1.win32_1.0.0.202411081344/tools/bin/../lib/gcc/arm-none-eabi/13.3.1/../../../../arm-none-eabi/lib/thumb/v7-m/nofp\libc_nano.a(libc_a-exit.o) (__stdio_exit_handler)
C:/ST/STM32CubeIDE_1.18.0/STM32CubeIDE/plugins/com.st.stm32cube.ide.mcu.externaltools.gnu-tools-for-stm32.13.3.rel1.win32_1.0.0.202411081344/tools/bin/../lib/gcc/arm-none-eabi/13.3.1/../../../../arm-none-eabi/lib/thumb/v7-m/nofp\libc_nano.a(libc_a-fwalk.o)
                              C:/ST/STM32CubeIDE_1.18.0/STM32CubeIDE/plugins/com.st.stm32cube.ide.mcu.externaltools.gnu-tools-for-stm32.13.3.rel1.win32_1.0.0.202411081344/tools/bin/../lib/gcc/arm-none-eabi/13.3.1/../../../../arm-none-eabi/lib/thumb/v7-m/nofp\libc_nano.a(libc_a-findfp.o) (_fwalk_sglue)
C:/ST/STM32CubeIDE_1.18.0/STM32CubeIDE/plugins/com.st.stm32cube.ide.mcu.externaltools.gnu-tools-for-stm32.13.3.rel1.win32_1.0.0.202411081344/tools/bin/../lib/gcc/arm-none-eabi/13.3.1/../../../../arm-none-eabi/lib/thumb/v7-m/nofp\libc_nano.a(libc_a-stdio.o)
                              C:/ST/STM32CubeIDE_1.18.0/STM32CubeIDE/plugins/com.st.stm32cube.ide.mcu.externaltools.gnu-tools-for-stm32.13.3.rel1.win32_1.0.0.202411081344/tools/bin/../lib/gcc/arm-none-eabi/13.3.1/../../../../arm-none-eabi/lib/thumb/v7-m/nofp\libc_nano.a(libc_a-findfp.o) (__sread)
C:/ST/STM32CubeIDE_1.18.0/STM32CubeIDE/plugins/com.st.stm32cube.ide.mcu.externaltools.gnu-tools-for-stm32.13.3.rel1.win32_1.0.0.202411081344/tools/bin/../lib/gcc/arm-none-eabi/13.3.1/../../../../arm-none-eabi/lib/thumb/v7-m/nofp\libc_nano.a(libc_a-memset.o)
                              C:/ST/STM32CubeIDE_1.18.0/STM32CubeIDE/plugins/com.st.stm32cube.ide.mcu.externaltools.gnu-tools-for-stm32.13.3.rel1.win32_1.0.0.202411081344/tools/bin/../lib/gcc/arm-none-eabi/13.3.1/../../../../arm-none-eabi/lib/thumb/v7-m/nofp/crt0.o (memset)
C:/ST/STM32CubeIDE_1.18.0/STM32CubeIDE/plugins/com.st.stm32cube.ide.mcu.externaltools.gnu-tools-for-stm32.13.3.rel1.win32_1.0.0.202411081344/tools/bin/../lib/gcc/arm-none-eabi/13.3.1/../../../../arm-none-eabi/lib/thumb/v7-m/nofp\libc_nano.a(libc_a-closer.o)
                              C:/ST/STM32CubeIDE_1.18.0/STM32CubeIDE/plugins/com.st.stm32cube.ide.mcu.externaltools.gnu-tools-for-stm32.13.3.rel1.win32_1.0.0.202411081344/tools/bin/../lib/gcc/arm-none-eabi/13.3.1/../../../../arm-none-eabi/lib/thumb/v7-m/nofp\libc_nano.a(libc_a-stdio.o) (_close_r)
C:/ST/STM32CubeIDE_1.18.0/STM32CubeIDE/plugins/com.st.stm32cube.ide.mcu.externaltools.gnu-tools-for-stm32.13.3.rel1.win32_1.0.0.202411081344/tools/bin/../lib/gcc/arm-none-eabi/13.3.1/../../../../arm-none-eabi/lib/thumb/v7-m/nofp\libc_nano.a(libc_a-reent.o)
                              C:/ST/STM32CubeIDE_1.18.0/STM32CubeIDE/plugins/com.st.stm32cube.ide.mcu.externaltools.gnu-tools-for-stm32.13.3.rel1.win32_1.0.0.202411081344/tools/bin/../lib/gcc/arm-none-eabi/13.3.1/../../../../arm-none-eabi/lib/thumb/v7-m/nofp\libc_nano.a(libc_a-closer.o) (errno)
C:/ST/STM32CubeIDE_1.18.0/STM32CubeIDE/plugins/com.st.stm32cube.ide.mcu.externaltools.gnu-tools-for-stm32.13.3.rel1.win32_1.0.0.202411081344/tools/bin/../lib/gcc/arm-none-eabi/13.3.1/../../../../arm-none-eabi/lib/thumb/v7-m/nofp\libc_nano.a(libc_a-impure.o)
                              C:/ST/STM32CubeIDE_1.18.0/STM32CubeIDE/plugins/com.st.stm32cube.ide.mcu.externaltools.gnu-tools-for-stm32.13.3.rel1.win32_1.0.0.202411081344/tools/bin/../lib/gcc/arm-none-eabi/13.3.1/../../../../arm-none-eabi/lib/thumb/v7-m/nofp\libc_nano.a(libc_a-reent.o) (_impure_ptr)
C:/ST/STM32CubeIDE_1.18.0/STM32CubeIDE/plugins/com.st.stm32cube.ide.mcu.externaltools.gnu-tools-for-stm32.13.3.rel1.win32_1.0.0.202411081344/tools/bin/../lib/gcc/arm-none-eabi/13.3.1/../../../../arm-none-eabi/lib/thumb/v7-m/nofp\libc_nano.a(libc_a-lseekr.o)
[...]
Memory Configuration

Name             Origin             Length             Attributes
RAM              0x20000000         0x00002800         xrw
FLASH            0x08000000         0x00010000         xr
*default*        0x00000000         0xffffffff

Linker script and memory map

LOAD C:/ST/STM32CubeIDE_1.18.0/STM32CubeIDE/plugins/com.st.stm32cube.ide.mcu.externaltools.gnu-tools-for-stm32.13.3.rel1.win32_1.0.0.202411081344/tools/bin/../lib/gcc/arm-none-eabi/13.3.1/thumb/v7-m/nofp/crti.o
LOAD C:/ST/STM32CubeIDE_1.18.0/STM32CubeIDE/plugins/com.st.stm32cube.ide.mcu.externaltools.gnu-tools-for-stm32.13.3.rel1.win32_1.0.0.202411081344/tools/bin/../lib/gcc/arm-none-eabi/13.3.1/thumb/v7-m/nofp/crtbegin.o
LOAD C:/ST/STM32CubeIDE_1.18.0/STM32CubeIDE/plugins/com.st.stm32cube.ide.mcu.externaltools.gnu-tools-for-stm32.13.3.rel1.win32_1.0.0.202411081344/tools/bin/../lib/gcc/arm-none-eabi/13.3.1/../../../../arm-none-eabi/lib/thumb/v7-m/nofp/crt0.o
LOAD ./Core/Src/adc.o
LOAD ./Core/Src/cycle.o
LOAD ./Core/Src/delay_us.o
LOAD ./Core/Src/dma.o
LOAD ./Core/Src/gpio.o
LOAD ./Core/Src/init.o
LOAD ./Core/Src/irq.o
LOAD ./Core/Src/main.o
LOAD ./Core/Src/nextion_com.o
LOAD ./Core/Src/nrf24l01p.o
LOAD ./Core/Src/spi.o
LOAD ./Core/Src/stm32l1xx_hal_msp.o
LOAD ./Core/Src/stm32l1xx_it.o
LOAD ./Core/Src/syscalls.o
LOAD ./Core/Src/sysmem.o
LOAD ./Core/Src/system_stm32l1xx.o
LOAD ./Core/Src/thermistor.o
LOAD ./Core/Src/tim.o
LOAD ./Core/Src/uart_dma.o
LOAD ./Core/Src/usart.o
LOAD ./Core/Startup/startup_stm32l151c8tx.o
LOAD ./Drivers/STM32L1xx_HAL_Driver/Src/stm32l1xx_hal.o
LOAD ./Drivers/STM32L1xx_HAL_Driver/Src/stm32l1xx_hal_adc.o
LOAD ./Drivers/STM32L1xx_HAL_Driver/Src/stm32l1xx_hal_adc_ex.o
LOAD ./Drivers/STM32L1xx_HAL_Driver/Src/stm32l1xx_hal_cortex.o
LOAD ./Drivers/STM32L1xx_HAL_Driver/Src/stm32l1xx_hal_dma.o
LOAD ./Drivers/STM32L1xx_HAL_Driver/Src/stm32l1xx_hal_exti.o
LOAD ./Drivers/STM32L1xx_HAL_Driver/Src/stm32l1xx_hal_flash.o
LOAD ./Drivers/STM32L1xx_HAL_Driver/Src/stm32l1xx_hal_flash_ex.o
LOAD ./Drivers/STM32L1xx_HAL_Driver/Src/stm32l1xx_hal_flash_ramfunc.o
LOAD ./Drivers/STM32L1xx_HAL_Driver/Src/stm32l1xx_hal_gpio.o
LOAD ./Drivers/STM32L1xx_HAL_Driver/Src/stm32l1xx_hal_pwr.o
LOAD ./Drivers/STM32L1xx_HAL_Driver/Src/stm32l1xx_hal_pwr_ex.o
LOAD ./Drivers/STM32L1xx_HAL_Driver/Src/stm32l1xx_hal_rcc.o
LOAD ./Drivers/STM32L1xx_HAL_Driver/Src/stm32l1xx_hal_rcc_ex.o
LOAD ./Drivers/STM32L1xx_HAL_Driver/Src/stm32l1xx_hal_spi.o
LOAD ./Drivers/STM32L1xx_HAL_Driver/Src/stm32l1xx_hal_tim.o
LOAD ./Drivers/STM32L1xx_HAL_Driver/Src/stm32l1xx_hal_tim_ex.o
LOAD ./Drivers/STM32L1xx_HAL_Driver/Src/stm32l1xx_hal_uart.o
START GROUP
LOAD C:/ST/STM32CubeIDE_1.18.0/STM32CubeIDE/plugins/com.st.stm32cube.ide.mcu.externaltools.gnu-tools-for-stm32.13.3.rel1.win32_1.0.0.202411081344/tools/bin/../lib/gcc/arm-none-eabi/13.3.1/../../../../arm-none-eabi/lib/thumb/v7-m/nofp\libc_nano.a
LOAD C:/ST/STM32CubeIDE_1.18.0/STM32CubeIDE/plugins/com.st.stm32cube.ide.mcu.externaltools.gnu-tools-for-stm32.13.3.rel1.win32_1.0.0.202411081344/tools/bin/../lib/gcc/arm-none-eabi/13.3.1/../../../../arm-none-eabi/lib/thumb/v7-m/nofp\libm.a
END GROUP
START GROUP
LOAD C:/ST/STM32CubeIDE_1.18.0/STM32CubeIDE/plugins/com.st.stm32cube.ide.mcu.externaltools.gnu-tools-for-stm32.13.3.rel1.win32_1.0.0.202411081344/tools/bin/../lib/gcc/arm-none-eabi/13.3.1/thumb/v7-m/nofp\libgcc.a
LOAD C:/ST/STM32CubeIDE_1.18.0/STM32CubeIDE/plugins/com.st.stm32cube.ide.mcu.externaltools.gnu-tools-for-stm32.13.3.rel1.win32_1.0.0.202411081344/tools/bin/../lib/gcc/arm-none-eabi/13.3.1/../../../../arm-none-eabi/lib/thumb/v7-m/nofp\libc_nano.a
END GROUP
START GROUP
LOAD C:/ST/STM32CubeIDE_1.18.0/STM32CubeIDE/plugins/com.st.stm32cube.ide.mcu.externaltools.gnu-tools-for-stm32.13.3.rel1.win32_1.0.0.202411081344/tools/bin/../lib/gcc/arm-none-eabi/13.3.1/thumb/v7-m/nofp\libgcc.a
LOAD C:/ST/STM32CubeIDE_1.18.0/STM32CubeIDE/plugins/com.st.stm32cube.ide.mcu.externaltools.gnu-tools-for-stm32.13.3.rel1.win32_1.0.0.202411081344/tools/bin/../lib/gcc/arm-none-eabi/13.3.1/../../../../arm-none-eabi/lib/thumb/v7-m/nofp\libc_nano.a
LOAD C:/ST/STM32CubeIDE_1.18.0/STM32CubeIDE/plugins/com.st.stm32cube.ide.mcu.externaltools.gnu-tools-for-stm32.13.3.rel1.win32_1.0.0.202411081344/tools/bin/../lib/gcc/arm-none-eabi/13.3.1/../../../../arm-none-eabi/lib/thumb/v7-m/nofp\libnosys.a
END GROUP
START GROUP
LOAD C:/ST/STM32CubeIDE_1.18.0/STM32CubeIDE/plugins/com.st.stm32cube.ide.mcu.externaltools.gnu-tools-for-stm32.13.3.rel1.win32_1.0.0.202411081344/tools/bin/../lib/gcc/arm-none-eabi/13.3.1/thumb/v7-m/nofp\libgcc.a
LOAD C:/ST/STM32CubeIDE_1.18.0/STM32CubeIDE/plugins/com.st.stm32cube.ide.mcu.externaltools.gnu-tools-for-stm32.13.3.rel1.win32_1.0.0.202411081344/tools/bin/../lib/gcc/arm-none-eabi/13.3.1/../../../../arm-none-eabi/lib/thumb/v7-m/nofp\libc_nano.a
LOAD C:/ST/STM32CubeIDE_1.18.0/STM32CubeIDE/plugins/com.st.stm32cube.ide.mcu.externaltools.gnu-tools-for-stm32.13.3.rel1.win32_1.0.0.202411081344/tools/bin/../lib/gcc/arm-none-eabi/13.3.1/../../../../arm-none-eabi/lib/thumb/v7-m/nofp\libnosys.a
END GROUP
LOAD C:/ST/STM32CubeIDE_1.18.0/STM32CubeIDE/plugins/com.st.stm32cube.ide.mcu.externaltools.gnu-tools-for-stm32.13.3.rel1.win32_1.0.0.202411081344/tools/bin/../lib/gcc/arm-none-eabi/13.3.1/thumb/v7-m/nofp/crtend.o
LOAD C:/ST/STM32CubeIDE_1.18.0/STM32CubeIDE/plugins/com.st.stm32cube.ide.mcu.externaltools.gnu-tools-for-stm32.13.3.rel1.win32_1.0.0.202411081344/tools/bin/../lib/gcc/arm-none-eabi/13.3.1/thumb/v7-m/nofp/crtn.o
                0x20002800                        _estack = (ORIGIN (RAM) + LENGTH (RAM))
                0x00000200                        _Min_Heap_Size = 0x200
                0x00000400                        _Min_Stack_Size = 0x400

.isr_vector     0x08000000      0x13c
                0x08000000                        . = ALIGN (0x4)
 *(.isr_vector)
 .isr_vector    0x08000000      0x13c ./Core/Startup/startup_stm32l151c8tx.o
                0x08000000                g_pfnVectors
                0x0800013c                        . = ALIGN (0x4)

.text           0x0800013c     0x5d34
                0x0800013c                        . = ALIGN (0x4)
 *(.text)
 .text          0x0800013c       0x40 C:/ST/STM32CubeIDE_1.18.0/STM32CubeIDE/plugins/com.st.stm32cube.ide.mcu.externaltools.gnu-tools-for-stm32.13.3.rel1.win32_1.0.0.202411081344/tools/bin/../lib/gcc/arm-none-eabi/13.3.1/thumb/v7-m/nofp/crtbegin.o
 .text          0x0800017c       0x30 C:/ST/STM32CubeIDE_1.18.0/STM32CubeIDE/plugins/com.st.stm32cube.ide.mcu.externaltools.gnu-tools-for-stm32.13.3.rel1.win32_1.0.0.202411081344/tools/bin/../lib/gcc/arm-none-eabi/13.3.1/thumb/v7-m/nofp\libgcc.a(_aeabi_uldivmod.o)
                0x0800017c                __aeabi_uldivmod
 .text          0x080001ac      0x300 C:/ST/STM32CubeIDE_1.18.0/STM32CubeIDE/plugins/com.st.stm32cube.ide.mcu.externaltools.gnu-tools-for-stm32.13.3.rel1.win32_1.0.0.202411081344/tools/bin/../lib/gcc/arm-none-eabi/13.3.1/thumb/v7-m/nofp\libgcc.a(_udivmoddi4.o)
                0x080001ac                __udivmoddi4
 .text          0x080004ac        0x4 C:/ST/STM32CubeIDE_1.18.0/STM32CubeIDE/plugins/com.st.stm32cube.ide.mcu.externaltools.gnu-tools-for-stm32.13.3.rel1.win32_1.0.0.202411081344/tools/bin/../lib/gcc/arm-none-eabi/13.3.1/thumb/v7-m/nofp\libgcc.a(_dvmd_tls.o)
                0x080004ac                __aeabi_idiv0
                0x080004ac                __aeabi_ldiv0
 *(.text*)
 .text.MX_ADC_Init
                0x080004b0       0xec ./Core/Src/adc.o
                0x080004b0                MX_ADC_Init
 .text.HAL_ADC_MspInit
                0x0800059c       0xe8 ./Core/Src/adc.o
                0x0800059c                HAL_ADC_MspInit
 .text.adc_filter
                0x08000684       0xc8 ./Core/Src/cycle.o
 .text.process_adc_values
                0x0800074c       0x74 ./Core/Src/cycle.o
                0x0800074c                process_adc_values
 .text.cycle    0x080007c0       0xa4 ./Core/Src/cycle.o
                0x080007c0                cycle
 .text.delay_us_init
                0x08000864       0x50 ./Core/Src/delay_us.o
                0x08000864                delay_us_init
 .text.delay_us
                0x080008b4       0x40 ./Core/Src/delay_us.o
                0x080008b4                delay_us
 .text.MX_DMA_Init
                0x080008f4       0x5c ./Core/Src/dma.o
                0x080008f4                MX_DMA_Init
 .text.MX_GPIO_Init
                0x08000950       0xb8 ./Core/Src/gpio.o
                0x08000950                MX_GPIO_Init
 .text.init     0x08000a08       0x38 ./Core/Src/init.o
                0x08000a08                init
 .text.HAL_TIM_PeriodElapsedCallback
                0x08000a40       0x2c ./Core/Src/irq.o
                0x08000a40                HAL_TIM_PeriodElapsedCallback
 .text.HAL_GPIO_EXTI_Callback
                0x08000a6c       0x30 ./Core/Src/irq.o
                0x08000a6c                HAL_GPIO_EXTI_Callback
 .text.HAL_UARTEx_RxEventCallback
                0x08000a9c       0x16 ./Core/Src/irq.o
                0x08000a9c                HAL_UARTEx_RxEventCallback
 .text.main     0x08000ab2       0x3e ./Core/Src/main.o
                0x08000ab2                main
 .text.SystemClock_Config
                0x08000af0       0x9c ./Core/Src/main.o
                0x08000af0                SystemClock_Config
 .text.Error_Handler
                0x08000b8c        0xc ./Core/Src/main.o
                0x08000b8c                Error_Handler
 .text.battery_level_from_mv
                0x08000b98       0x3c ./Core/Src/nextion_com.o
 .text.append_nextion_txt
                0x08000bd4      0x1b8 ./Core/Src/nextion_com.o
 .text.append_nextion_val
                0x08000d8c       0xbc ./Core/Src/nextion_com.o
 .text.SendDataNextion
                0x08000e48      0x148 ./Core/Src/nextion_com.o
                0x08000e48                SendDataNextion
 .text.cs_high  0x08000f90       0x18 ./Core/Src/nrf24l01p.o
 .text.cs_low   0x08000fa8       0x18 ./Core/Src/nrf24l01p.o
 .text.ce_high  0x08000fc0       0x18 ./Core/Src/nrf24l01p.o
 .text.ce_low   0x08000fd8       0x18 ./Core/Src/nrf24l01p.o
 .text.read_register
                0x08000ff0       0x4c ./Core/Src/nrf24l01p.o
 .text.write_register
                0x0800103c       0x4c ./Core/Src/nrf24l01p.o
 .text.write_address
                0x08001088       0x50 ./Core/Src/nrf24l01p.o
 .text.nrf24l01p_reset
                0x080010d8       0x68 ./Core/Src/nrf24l01p.o
                0x080010d8                nrf24l01p_reset
 .text.nrf24l01p_power_up
                0x08001140       0x28 ./Core/Src/nrf24l01p.o
                0x08001140                nrf24l01p_power_up
 .text.nrf24l01p_prx_mode
                0x08001168       0x28 ./Core/Src/nrf24l01p.o
                0x08001168                nrf24l01p_prx_mode
 .text.nrf24l01p_ptx_mode
                0x08001190       0x28 ./Core/Src/nrf24l01p.o
                0x08001190                nrf24l01p_ptx_mode
 .text.nrf24l01p_set_rf_channel
                0x080011b8       0x22 ./Core/Src/nrf24l01p.o
                0x080011b8                nrf24l01p_set_rf_channel
 .text.nrf24l01p_set_rf_air_data_rate
                0x080011da       0x48 ./Core/Src/nrf24l01p.o
                0x080011da                nrf24l01p_set_rf_air_data_rate
 .text.nrf24l01p_set_rf_tx_output_power
                0x08001222       0x3c ./Core/Src/nrf24l01p.o
                0x08001222                nrf24l01p_set_rf_tx_output_power
 *fill*         0x0800125e        0x2 
 .text.nrf24l01p_flush_tx_fifo
                0x08001260       0x2c ./Core/Src/nrf24l01p.o
                0x08001260                nrf24l01p_flush_tx_fifo
 .text.nrf24l01p_flush_rx_fifo
                0x0800128c       0x2c ./Core/Src/nrf24l01p.o
                0x0800128c                nrf24l01p_flush_rx_fifo
 .text.nrf24l01p_rx_init
                0x080012b8       0x5c ./Core/Src/nrf24l01p.o
                0x080012b8                nrf24l01p_rx_init
 .text.nrf24l01p_tx_transmit
                0x08001314       0x58 ./Core/Src/nrf24l01p.o
                0x08001314                nrf24l01p_tx_transmit
 .text.nrf24l01p_rx_receive
                0x0800136c       0x48 ./Core/Src/nrf24l01p.o
                0x0800136c                nrf24l01p_rx_receive
 .text.nrf24l01p_switch_rx_to_tx
                0x080013b4       0x26 ./Core/Src/nrf24l01p.o
                0x080013b4                nrf24l01p_switch_rx_to_tx
 .text.nrf24l01p_switch_tx_to_rx
                0x080013da       0x2a ./Core/Src/nrf24l01p.o
                0x080013da                nrf24l01p_switch_tx_to_rx
 .text.MX_SPI1_Init
                0x08001404       0x68 ./Core/Src/spi.o
                0x08001404                MX_SPI1_Init
 .text.HAL_SPI_MspInit
                0x0800146c       0x98 ./Core/Src/spi.o
                0x0800146c                HAL_SPI_MspInit
 .text.HAL_MspInit
                0x08001504       0x5c ./Core/Src/stm32l1xx_hal_msp.o
                0x08001504                HAL_MspInit
 .text.NMI_Handler
                0x08001560        0x8 ./Core/Src/stm32l1xx_it.o
                0x08001560                NMI_Handler
 .text.HardFault_Handler
                0x08001568        0x8 ./Core/Src/stm32l1xx_it.o
                0x08001568                HardFault_Handler
 .text.MemManage_Handler
                0x08001570        0x8 ./Core/Src/stm32l1xx_it.o
                0x08001570                MemManage_Handler
 .text.BusFault_Handler
                0x08001578        0x8 ./Core/Src/stm32l1xx_it.o
                0x08001578                BusFault_Handler
 .text.UsageFault_Handler
                0x08001580        0x8 ./Core/Src/stm32l1xx_it.o
                0x08001580                UsageFault_Handler
 .text.SVC_Handler
                0x08001588        0xc ./Core/Src/stm32l1xx_it.o
                0x08001588                SVC_Handler
 .text.DebugMon_Handler
                0x08001594        0xc ./Core/Src/stm32l1xx_it.o
                0x08001594                DebugMon_Handler
 .text.PendSV_Handler
                0x080015a0        0xc ./Core/Src/stm32l1xx_it.o
                0x080015a0                PendSV_Handler
 .text.SysTick_Handler
                0x080015ac        0xc ./Core/Src/stm32l1xx_it.o
                0x080015ac                SysTick_Handler
 .text.DMA1_Channel1_IRQHandler
                0x080015b8       0x14 ./Core/Src/stm32l1xx_it.o
                0x080015b8                DMA1_Channel1_IRQHandler
 .text.DMA1_Channel2_IRQHandler
                0x080015cc       0x14 ./Core/Src/stm32l1xx_it.o
                0x080015cc                DMA1_Channel2_IRQHandler
 .text.DMA1_Channel3_IRQHandler
                0x080015e0       0x14 ./Core/Src/stm32l1xx_it.o
                0x080015e0                DMA1_Channel3_IRQHandler
 .text.ADC1_IRQHandler
                0x080015f4       0x14 ./Core/Src/stm32l1xx_it.o
                0x080015f4                ADC1_IRQHandler
 .text.TIM11_IRQHandler
                0x08001608       0x14 ./Core/Src/stm32l1xx_it.o
                0x08001608                TIM11_IRQHandler
 .text.SPI1_IRQHandler
                0x0800161c       0x14 ./Core/Src/stm32l1xx_it.o
                0x0800161c                SPI1_IRQHandler
 .text.USART3_IRQHandler
                0x08001630       0x14 ./Core/Src/stm32l1xx_it.o
                0x08001630                USART3_IRQHandler
 .text.EXTI15_10_IRQHandler
                0x08001644       0x10 ./Core/Src/stm32l1xx_it.o
                0x08001644                EXTI15_10_IRQHandler
 .text.SystemInit
                0x08001654        0xc ./Core/Src/system_stm32l1xx.o
                0x08001654                SystemInit
 .text.NTC_ADC2Temperature
                0x08001660       0x48 ./Core/Src/thermistor.o
                0x08001660                NTC_ADC2Temperature
 .text.MX_TIM11_Init
                0x080016a8       0x74 ./Core/Src/tim.o
                0x080016a8                MX_TIM11_Init
 .text.HAL_TIM_Base_MspInit
                0x0800171c       0x4c ./Core/Src/tim.o
                0x0800171c                HAL_TIM_Base_MspInit
 .text.uart_tx_write
                0x08001768       0xc8 ./Core/Src/uart_dma.o
                0x08001768                uart_tx_write
 .text.uart_tx_start_dma
                0x08001830       0x88 ./Core/Src/uart_dma.o
 .text.HAL_UART_TxCpltCallback
                0x080018b8       0x60 ./Core/Src/uart_dma.o
                0x080018b8                HAL_UART_TxCpltCallback
 .text.MX_USART3_UART_Init
                0x08001918       0x54 ./Core/Src/usart.o
                0x08001918                MX_USART3_UART_Init
 .text.HAL_UART_MspInit
                0x0800196c      0x144 ./Core/Src/usart.o
                0x0800196c                HAL_UART_MspInit
 .text.Reset_Handler
                0x08001ab0       0x48 ./Core/Startup/startup_stm32l151c8tx.o
                0x08001ab0                Reset_Handler
 .text.Default_Handler
                0x08001af8        0x2 ./Core/Startup/startup_stm32l151c8tx.o
                0x08001af8                RTC_Alarm_IRQHandler
                0x08001af8                EXTI2_IRQHandler
                0x08001af8                TIM10_IRQHandler
                0x08001af8                USB_HP_IRQHandler
                0x08001af8                TIM6_IRQHandler
                0x08001af8                PVD_IRQHandler
                0x08001af8                EXTI3_IRQHandler
                0x08001af8                EXTI0_IRQHandler
                0x08001af8                I2C2_EV_IRQHandler
                0x08001af8                USB_FS_WKUP_IRQHandler
                0x08001af8                DMA1_Channel4_IRQHandler
                0x08001af8                DMA1_Channel7_IRQHandler
                0x08001af8                TIM4_IRQHandler
                0x08001af8                I2C1_EV_IRQHandler
                0x08001af8                DMA1_Channel6_IRQHandler
                0x08001af8                TIM3_IRQHandler
                0x08001af8                RCC_IRQHandler
                0x08001af8                Default_Handler
                0x08001af8                TIM7_IRQHandler
                0x08001af8                EXTI9_5_IRQHandler
                0x08001af8                TIM9_IRQHandler
                0x08001af8                TAMPER_STAMP_IRQHandler
                0x08001af8                RTC_WKUP_IRQHandler
                0x08001af8                SPI2_IRQHandler
                0x08001af8                DMA1_Channel5_IRQHandler
                0x08001af8                USB_LP_IRQHandler
                0x08001af8                EXTI4_IRQHandler
                0x08001af8                COMP_IRQHandler
                0x08001af8                WWDG_IRQHandler
                0x08001af8                TIM2_IRQHandler
                0x08001af8                DAC_IRQHandler
                0x08001af8                EXTI1_IRQHandler
                0x08001af8                USART2_IRQHandler
                0x08001af8                I2C2_ER_IRQHandler
                0x08001af8                FLASH_IRQHandler
                0x08001af8                USART1_IRQHandler
                0x08001af8                I2C1_ER_IRQHandler
 .text.HAL_Init
                0x08001afa       0x30 ./Drivers/STM32L1xx_HAL_Driver/Src/stm32l1xx_hal.o
                0x08001afa                HAL_Init
 *fill*         0x08001b2a        0x2 
 .text.HAL_InitTick
                0x08001b2c       0x74 ./Drivers/STM32L1xx_HAL_Driver/Src/stm32l1xx_hal.o
                0x08001b2c                HAL_InitTick
 .text.HAL_IncTick
                0x08001ba0       0x24 ./Drivers/STM32L1xx_HAL_Driver/Src/stm32l1xx_hal.o
                0x08001ba0                HAL_IncTick
 .text.HAL_GetTick
                0x08001bc4       0x14 ./Drivers/STM32L1xx_HAL_Driver/Src/stm32l1xx_hal.o
                0x08001bc4                HAL_GetTick
 .text.HAL_Delay
                0x08001bd8       0x44 ./Drivers/STM32L1xx_HAL_Driver/Src/stm32l1xx_hal.o
                0x08001bd8                HAL_Delay
 .text.HAL_ADC_Init
                0x08001c1c      0x28c ./Drivers/STM32L1xx_HAL_Driver/Src/stm32l1xx_hal_adc.o
                0x08001c1c                HAL_ADC_Init
 .text.HAL_ADC_Start
                0x08001ea8       0xc0 ./Drivers/STM32L1xx_HAL_Driver/Src/stm32l1xx_hal_adc.o
                0x08001ea8                HAL_ADC_Start
 .text.HAL_ADC_Start_DMA
                0x08001f68      0x120 ./Drivers/STM32L1xx_HAL_Driver/Src/stm32l1xx_hal_adc.o
                0x08001f68                HAL_ADC_Start_DMA
 .text.HAL_ADC_IRQHandler
                0x08002088      0x1ee ./Drivers/STM32L1xx_HAL_Driver/Src/stm32l1xx_hal_adc.o
                0x08002088                HAL_ADC_IRQHandler
 .text.HAL_ADC_ConvCpltCallback
                0x08002276       0x12 ./Drivers/STM32L1xx_HAL_Driver/Src/stm32l1xx_hal_adc.o
                0x08002276                HAL_ADC_ConvCpltCallback
 .text.HAL_ADC_ConvHalfCpltCallback
                0x08002288       0x12 ./Drivers/STM32L1xx_HAL_Driver/Src/stm32l1xx_hal_adc.o
                0x08002288                HAL_ADC_ConvHalfCpltCallback
 .text.HAL_ADC_LevelOutOfWindowCallback
                0x0800229a       0x12 ./Drivers/STM32L1xx_HAL_Driver/Src/stm32l1xx_hal_adc.o
                0x0800229a                HAL_ADC_LevelOutOfWindowCallback
 .text.HAL_ADC_ErrorCallback
                0x080022ac       0x12 ./Drivers/STM32L1xx_HAL_Driver/Src/stm32l1xx_hal_adc.o
                0x080022ac                HAL_ADC_ErrorCallback
 *fill*         0x080022be        0x2 
 .text.HAL_ADC_ConfigChannel
                0x080022c0      0x2a0 ./Drivers/STM32L1xx_HAL_Driver/Src/stm32l1xx_hal_adc.o
                0x080022c0                HAL_ADC_ConfigChannel
 .text.ADC_Enable
                0x08002560       0xb8 ./Drivers/STM32L1xx_HAL_Driver/Src/stm32l1xx_hal_adc.o
                0x08002560                ADC_Enable
 .text.ADC_DMAConvCplt
                0x08002618       0xa8 ./Drivers/STM32L1xx_HAL_Driver/Src/stm32l1xx_hal_adc.o
 .text.ADC_DMAHalfConvCplt
                0x080026c0       0x1c ./Drivers/STM32L1xx_HAL_Driver/Src/stm32l1xx_hal_adc.o
 .text.ADC_DMAError
                0x080026dc       0x34 ./Drivers/STM32L1xx_HAL_Driver/Src/stm32l1xx_hal_adc.o
 .text.HAL_ADCEx_InjectedConvCpltCallback
                0x08002710       0x12 ./Drivers/STM32L1xx_HAL_Driver/Src/stm32l1xx_hal_adc_ex.o
                0x08002710                HAL_ADCEx_InjectedConvCpltCallback
 *fill*         0x08002722        0x2 
 .text.__NVIC_SetPriorityGrouping
                0x08002724       0x48 ./Drivers/STM32L1xx_HAL_Driver/Src/stm32l1xx_hal_cortex.o
 .text.__NVIC_GetPriorityGrouping
                0x0800276c       0x1c ./Drivers/STM32L1xx_HAL_Driver/Src/stm32l1xx_hal_cortex.o
 .text.__NVIC_EnableIRQ
                0x08002788       0x38 ./Drivers/STM32L1xx_HAL_Driver/Src/stm32l1xx_hal_cortex.o
 .text.__NVIC_SetPriority
                0x080027c0       0x54 ./Drivers/STM32L1xx_HAL_Driver/Src/stm32l1xx_hal_cortex.o
 .text.NVIC_EncodePriority
                0x08002814       0x64 ./Drivers/STM32L1xx_HAL_Driver/Src/stm32l1xx_hal_cortex.o
 .text.SysTick_Config
                0x08002878       0x44 ./Drivers/STM32L1xx_HAL_Driver/Src/stm32l1xx_hal_cortex.o
 .text.HAL_NVIC_SetPriorityGrouping
                0x080028bc       0x16 ./Drivers/STM32L1xx_HAL_Driver/Src/stm32l1xx_hal_cortex.o
                0x080028bc                HAL_NVIC_SetPriorityGrouping
 .text.HAL_NVIC_SetPriority
                0x080028d2       0x38 ./Drivers/STM32L1xx_HAL_Driver/Src/stm32l1xx_hal_cortex.o
                0x080028d2                HAL_NVIC_SetPriority
 .text.HAL_NVIC_EnableIRQ
                0x0800290a       0x1c ./Drivers/STM32L1xx_HAL_Driver/Src/stm32l1xx_hal_cortex.o
                0x0800290a                HAL_NVIC_EnableIRQ
 .text.HAL_SYSTICK_Config
                0x08002926       0x18 ./Drivers/STM32L1xx_HAL_Driver/Src/stm32l1xx_hal_cortex.o
                0x08002926                HAL_SYSTICK_Config
 *fill*         0x0800293e        0x2 
 .text.HAL_DMA_Init
                0x08002940       0xb0 ./Drivers/STM32L1xx_HAL_Driver/Src/stm32l1xx_hal_dma.o
                0x08002940                HAL_DMA_Init
 .text.HAL_DMA_Start_IT
                0x080029f0       0xc0 ./Drivers/STM32L1xx_HAL_Driver/Src/stm32l1xx_hal_dma.o
                0x080029f0                HAL_DMA_Start_IT
 .text.HAL_DMA_Abort
                0x08002ab0       0x7a ./Drivers/STM32L1xx_HAL_Driver/Src/stm32l1xx_hal_dma.o
                0x08002ab0                HAL_DMA_Abort
 .text.HAL_DMA_Abort_IT
                0x08002b2a       0x82 ./Drivers/STM32L1xx_HAL_Driver/Src/stm32l1xx_hal_dma.o
                0x08002b2a                HAL_DMA_Abort_IT
 .text.HAL_DMA_IRQHandler
                0x08002bac      0x15e ./Drivers/STM32L1xx_HAL_Driver/Src/stm32l1xx_hal_dma.o
                0x08002bac                HAL_DMA_IRQHandler
 .text.DMA_SetConfig
                0x08002d0a       0x5e ./Drivers/STM32L1xx_HAL_Driver/Src/stm32l1xx_hal_dma.o
 .text.HAL_GPIO_Init
                0x08002d68      0x300 ./Drivers/STM32L1xx_HAL_Driver/Src/stm32l1xx_hal_gpio.o
                0x08002d68                HAL_GPIO_Init
 .text.HAL_GPIO_WritePin
                0x08003068       0x30 ./Drivers/STM32L1xx_HAL_Driver/Src/stm32l1xx_hal_gpio.o
                0x08003068                HAL_GPIO_WritePin
 .text.HAL_GPIO_EXTI_IRQHandler
                0x08003098       0x30 ./Drivers/STM32L1xx_HAL_Driver/Src/stm32l1xx_hal_gpio.o
                0x08003098                HAL_GPIO_EXTI_IRQHandler
 .text.HAL_RCC_OscConfig
                0x080030c8      0x660 ./Drivers/STM32L1xx_HAL_Driver/Src/stm32l1xx_hal_rcc.o
                0x080030c8                HAL_RCC_OscConfig
 .text.HAL_RCC_ClockConfig
                0x08003728      0x268 ./Drivers/STM32L1xx_HAL_Driver/Src/stm32l1xx_hal_rcc.o
                0x08003728                HAL_RCC_ClockConfig
 .text.HAL_RCC_GetSysClockFreq
                0x08003990      0x17c ./Drivers/STM32L1xx_HAL_Driver/Src/stm32l1xx_hal_rcc.o
                0x08003990                HAL_RCC_GetSysClockFreq
 .text.HAL_RCC_GetHCLKFreq
                0x08003b0c       0x14 ./Drivers/STM32L1xx_HAL_Driver/Src/stm32l1xx_hal_rcc.o
                0x08003b0c                HAL_RCC_GetHCLKFreq
 .text.HAL_RCC_GetPCLK1Freq
                0x08003b20       0x28 ./Drivers/STM32L1xx_HAL_Driver/Src/stm32l1xx_hal_rcc.o
                0x08003b20                HAL_RCC_GetPCLK1Freq
 .text.HAL_RCC_GetPCLK2Freq
                0x08003b48       0x28 ./Drivers/STM32L1xx_HAL_Driver/Src/stm32l1xx_hal_rcc.o
                0x08003b48                HAL_RCC_GetPCLK2Freq
 .text.RCC_SetFlashLatencyFromMSIRange
                0x08003b70       0xc0 ./Drivers/STM32L1xx_HAL_Driver/Src/stm32l1xx_hal_rcc.o
 .text.HAL_SPI_Init
                0x08003c30       0xf8 ./Drivers/STM32L1xx_HAL_Driver/Src/stm32l1xx_hal_spi.o
                0x08003c30                HAL_SPI_Init
 .text.HAL_SPI_Transmit
                0x08003d28      0x288 ./Drivers/STM32L1xx_HAL_Driver/Src/stm32l1xx_hal_spi.o
                0x08003d28                HAL_SPI_Transmit
 .text.HAL_SPI_Receive
                0x08003fb0      0x232 ./Drivers/STM32L1xx_HAL_Driver/Src/stm32l1xx_hal_spi.o
                0x08003fb0                HAL_SPI_Receive
 .text.HAL_SPI_TransmitReceive
                0x080041e2      0x352 ./Drivers/STM32L1xx_HAL_Driver/Src/stm32l1xx_hal_spi.o
                0x080041e2                HAL_SPI_TransmitReceive
 .text.HAL_SPI_IRQHandler
                0x08004534      0x1cc ./Drivers/STM32L1xx_HAL_Driver/Src/stm32l1xx_hal_spi.o
                0x08004534                HAL_SPI_IRQHandler
 .text.HAL_SPI_ErrorCallback
                0x08004700       0x12 ./Drivers/STM32L1xx_HAL_Driver/Src/stm32l1xx_hal_spi.o
                0x08004700                HAL_SPI_ErrorCallback
 .text.SPI_DMAAbortOnError
                0x08004712       0x28 ./Drivers/STM32L1xx_HAL_Driver/Src/stm32l1xx_hal_spi.o
 *fill*         0x0800473a        0x2 
 .text.SPI_WaitFlagStateUntilTimeout
                0x0800473c      0x110 ./Drivers/STM32L1xx_HAL_Driver/Src/stm32l1xx_hal_spi.o
 .text.SPI_EndRxTransaction
                0x0800484c       0xca ./Drivers/STM32L1xx_HAL_Driver/Src/stm32l1xx_hal_spi.o
 *fill*         0x08004916        0x2 
 .text.SPI_EndRxTxTransaction
                0x08004918       0xa8 ./Drivers/STM32L1xx_HAL_Driver/Src/stm32l1xx_hal_spi.o
 .text.HAL_TIM_Base_Init
                0x080049c0       0x7e ./Drivers/STM32L1xx_HAL_Driver/Src/stm32l1xx_hal_tim.o
                0x080049c0                HAL_TIM_Base_Init
 *fill*         0x08004a3e        0x2 
 .text.HAL_TIM_Base_Start_IT
                0x08004a40       0xa4 ./Drivers/STM32L1xx_HAL_Driver/Src/stm32l1xx_hal_tim.o
                0x08004a40                HAL_TIM_Base_Start_IT
 .text.HAL_TIM_IRQHandler
                0x08004ae4      0x198 ./Drivers/STM32L1xx_HAL_Driver/Src/stm32l1xx_hal_tim.o
                0x08004ae4                HAL_TIM_IRQHandler
 .text.HAL_TIM_ConfigClockSource
                0x08004c7c      0x18e ./Drivers/STM32L1xx_HAL_Driver/Src/stm32l1xx_hal_tim.o
                0x08004c7c                HAL_TIM_ConfigClockSource
 .text.HAL_TIM_OC_DelayElapsedCallback
                0x08004e0a       0x12 ./Drivers/STM32L1xx_HAL_Driver/Src/stm32l1xx_hal_tim.o
                0x08004e0a                HAL_TIM_OC_DelayElapsedCallback
 .text.HAL_TIM_IC_CaptureCallback
                0x08004e1c       0x12 ./Drivers/STM32L1xx_HAL_Driver/Src/stm32l1xx_hal_tim.o
                0x08004e1c                HAL_TIM_IC_CaptureCallback
 .text.HAL_TIM_PWM_PulseFinishedCallback
                0x08004e2e       0x12 ./Drivers/STM32L1xx_HAL_Driver/Src/stm32l1xx_hal_tim.o
                0x08004e2e                HAL_TIM_PWM_PulseFinishedCallback
 .text.HAL_TIM_TriggerCallback
                0x08004e40       0x12 ./Drivers/STM32L1xx_HAL_Driver/Src/stm32l1xx_hal_tim.o
                0x08004e40                HAL_TIM_TriggerCallback
 *fill*         0x08004e52        0x2 
 .text.TIM_Base_SetConfig
                0x08004e54       0xd0 ./Drivers/STM32L1xx_HAL_Driver/Src/stm32l1xx_hal_tim.o
 .text.TIM_TI1_ConfigInputStage
                0x08004f24       0x5c ./Drivers/STM32L1xx_HAL_Driver/Src/stm32l1xx_hal_tim.o
 .text.TIM_TI2_ConfigInputStage
                0x08004f80       0x5e ./Drivers/STM32L1xx_HAL_Driver/Src/stm32l1xx_hal_tim.o
 .text.TIM_ITRx_SetConfig
                0x08004fde       0x34 ./Drivers/STM32L1xx_HAL_Driver/Src/stm32l1xx_hal_tim.o
 .text.TIM_ETR_SetConfig
                0x08005012       0x3e ./Drivers/STM32L1xx_HAL_Driver/Src/stm32l1xx_hal_tim.o
 .text.HAL_UART_Init
                0x08005050       0xa0 ./Drivers/STM32L1xx_HAL_Driver/Src/stm32l1xx_hal_uart.o
                0x08005050                HAL_UART_Init
 .text.HAL_UART_Transmit_DMA
                0x080050f0       0xf8 ./Drivers/STM32L1xx_HAL_Driver/Src/stm32l1xx_hal_uart.o
                0x080050f0                HAL_UART_Transmit_DMA
 .text.HAL_UART_IRQHandler
                0x080051e8      0x550 ./Drivers/STM32L1xx_HAL_Driver/Src/stm32l1xx_hal_uart.o
                0x080051e8                HAL_UART_IRQHandler
 .text.HAL_UART_TxHalfCpltCallback
                0x08005738       0x12 ./Drivers/STM32L1xx_HAL_Driver/Src/stm32l1xx_hal_uart.o
                0x08005738                HAL_UART_TxHalfCpltCallback
 .text.HAL_UART_RxCpltCallback
                0x0800574a       0x12 ./Drivers/STM32L1xx_HAL_Driver/Src/stm32l1xx_hal_uart.o
                0x0800574a                HAL_UART_RxCpltCallback
 .text.HAL_UART_ErrorCallback
                0x0800575c       0x12 ./Drivers/STM32L1xx_HAL_Driver/Src/stm32l1xx_hal_uart.o
                0x0800575c                HAL_UART_ErrorCallback
 .text.UART_DMATransmitCplt
                0x0800576e       0x9a ./Drivers/STM32L1xx_HAL_Driver/Src/stm32l1xx_hal_uart.o
 .text.UART_DMATxHalfCplt
                0x08005808       0x1c ./Drivers/STM32L1xx_HAL_Driver/Src/stm32l1xx_hal_uart.o
 .text.UART_DMAError
                0x08005824       0x94 ./Drivers/STM32L1xx_HAL_Driver/Src/stm32l1xx_hal_uart.o
 .text.UART_EndTxTransfer
                0x080058b8       0x4e ./Drivers/STM32L1xx_HAL_Driver/Src/stm32l1xx_hal_uart.o
 .text.UART_EndRxTransfer
                0x08005906       0xc4 ./Drivers/STM32L1xx_HAL_Driver/Src/stm32l1xx_hal_uart.o
 .text.UART_DMAAbortOnError
                0x080059ca       0x22 ./Drivers/STM32L1xx_HAL_Driver/Src/stm32l1xx_hal_uart.o
 .text.UART_Transmit_IT
                0x080059ec       0x9e ./Drivers/STM32L1xx_HAL_Driver/Src/stm32l1xx_hal_uart.o
 .text.UART_EndTransmit_IT
                0x08005a8a       0x30 ./Drivers/STM32L1xx_HAL_Driver/Src/stm32l1xx_hal_uart.o
 .text.UART_Receive_IT
                0x08005aba      0x17c ./Drivers/STM32L1xx_HAL_Driver/Src/stm32l1xx_hal_uart.o
 *fill*         0x08005c36        0x2 
 .text.UART_SetConfig
                0x08005c38      0x1c8 ./Drivers/STM32L1xx_HAL_Driver/Src/stm32l1xx_hal_uart.o
 .text.memset   0x08005e00       0x10 C:/ST/STM32CubeIDE_1.18.0/STM32CubeIDE/plugins/com.st.stm32cube.ide.mcu.externaltools.gnu-tools-for-stm32.13.3.rel1.win32_1.0.0.202411081344/tools/bin/../lib/gcc/arm-none-eabi/13.3.1/../../../../arm-none-eabi/lib/thumb/v7-m/nofp\libc_nano.a(libc_a-memset.o)
                0x08005e00                memset
 .text.__libc_init_array
                0x08005e10       0x48 C:/ST/STM32CubeIDE_1.18.0/STM32CubeIDE/plugins/com.st.stm32cube.ide.mcu.externaltools.gnu-tools-for-stm32.13.3.rel1.win32_1.0.0.202411081344/tools/bin/../lib/gcc/arm-none-eabi/13.3.1/../../../../arm-none-eabi/lib/thumb/v7-m/nofp\libc_nano.a(libc_a-init.o)
                0x08005e10                __libc_init_array
 *(.glue_7)
 .glue_7        0x08005e58        0x0 linker stubs
 *(.glue_7t)
 .glue_7t       0x08005e58        0x0 linker stubs
 *(.eh_frame)
 .eh_frame      0x08005e58        0x0 C:/ST/STM32CubeIDE_1.18.0/STM32CubeIDE/plugins/com.st.stm32cube.ide.mcu.externaltools.gnu-tools-for-stm32.13.3.rel1.win32_1.0.0.202411081344/tools/bin/../lib/gcc/arm-none-eabi/13.3.1/thumb/v7-m/nofp/crtbegin.o
 *(.init)
 .init          0x08005e58        0x4 C:/ST/STM32CubeIDE_1.18.0/STM32CubeIDE/plugins/com.st.stm32cube.ide.mcu.externaltools.gnu-tools-for-stm32.13.3.rel1.win32_1.0.0.202411081344/tools/bin/../lib/gcc/arm-none-eabi/13.3.1/thumb/v7-m/nofp/crti.o
                0x08005e58                _init
 .init          0x08005e5c        0x8 C:/ST/STM32CubeIDE_1.18.0/STM32CubeIDE/plugins/com.st.stm32cube.ide.mcu.externaltools.gnu-tools-for-stm32.13.3.rel1.win32_1.0.0.202411081344/tools/bin/../lib/gcc/arm-none-eabi/13.3.1/thumb/v7-m/nofp/crtn.o
 *(.fini)
 .fini          0x08005e64        0x4 C:/ST/STM32CubeIDE_1.18.0/STM32CubeIDE/plugins/com.st.stm32cube.ide.mcu.externaltools.gnu-tools-for-stm32.13.3.rel1.win32_1.0.0.202411081344/tools/bin/../lib/gcc/arm-none-eabi/13.3.1/thumb/v7-m/nofp/crti.o
                0x08005e64                _fini
 .fini          0x08005e68        0x8 C:/ST/STM32CubeIDE_1.18.0/STM32CubeIDE/plugins/com.st.stm32cube.ide.mcu.externaltools.gnu-tools-for-stm32.13.3.rel1.win32_1.0.0.202411081344/tools/bin/../lib/gcc/arm-none-eabi/13.3.1/thumb/v7-m/nofp/crtn.o
                0x08005e70                        . = ALIGN (0x4)
                0x08005e70                        _etext = .

.vfp11_veneer   0x08005e70        0x0
 .vfp11_veneer  0x08005e70        0x0 linker stubs

.v4_bx          0x08005e70        0x0
 .v4_bx         0x08005e70        0x0 linker stubs

.iplt           0x08005e70        0x0
 .iplt          0x08005e70        0x0 C:/ST/STM32CubeIDE_1.18.0/STM32CubeIDE/plugins/com.st.stm32cube.ide.mcu.externaltools.gnu-tools-for-stm32.13.3.rel1.win32_1.0.0.202411081344/tools/bin/../lib/gcc/arm-none-eabi/13.3.1/thumb/v7-m/nofp/crtbegin.o

.rodata         0x08005e70       0x6c
                0x08005e70                        . = ALIGN (0x4)
 *(.rodata)
 .rodata        0x08005e70       0x3d ./Core/Src/nextion_com.o
 *(.rodata*)
 *fill*         0x08005ead        0x3 
 .rodata.NRF_ADDR
                0x08005eb0        0x5 ./Core/Src/nrf24l01p.o
 *fill*         0x08005eb5        0x3 
 .rodata.PLLMulTable
                0x08005eb8        0x9 ./Core/Src/system_stm32l1xx.o
                0x08005eb8                PLLMulTable
 *fill*         0x08005ec1        0x3 
 .rodata.AHBPrescTable
                0x08005ec4       0x10 ./Core/Src/system_stm32l1xx.o
                0x08005ec4                AHBPrescTable
 .rodata.APBPrescTable
                0x08005ed4        0x8 ./Core/Src/system_stm32l1xx.o
                0x08005ed4                APBPrescTable
                0x08005edc                        . = ALIGN (0x4)

.ARM.extab      0x08005edc        0x0
                0x08005edc                        . = ALIGN (0x4)
 *(.ARM.extab* .gnu.linkonce.armextab.*)
                0x08005edc                        . = ALIGN (0x4)

.ARM            0x08005edc        0x8
                0x08005edc                        . = ALIGN (0x4)
                0x08005edc                        __exidx_start = .
 *(.ARM.exidx*)
 .ARM.exidx     0x08005edc        0x8 C:/ST/STM32CubeIDE_1.18.0/STM32CubeIDE/plugins/com.st.stm32cube.ide.mcu.externaltools.gnu-tools-for-stm32.13.3.rel1.win32_1.0.0.202411081344/tools/bin/../lib/gcc/arm-none-eabi/13.3.1/thumb/v7-m/nofp\libgcc.a(_udivmoddi4.o)
                0x08005ee4                        __exidx_end = .
                0x08005ee4                        . = ALIGN (0x4)

.preinit_array  0x08005ee4        0x0
                0x08005ee4                        . = ALIGN (0x4)
                0x08005ee4                        PROVIDE (__preinit_array_start = .)
 *(.preinit_array*)
                0x08005ee4                        PROVIDE (__preinit_array_end = .)
                0x08005ee4                        . = ALIGN (0x4)

.init_array     0x08005ee4        0x4
                0x08005ee4                        . = ALIGN (0x4)
                0x08005ee4                        PROVIDE (__init_array_start = .)
 *(SORT_BY_NAME(.init_array.*))
 *(.init_array*)
 .init_array    0x08005ee4        0x4 C:/ST/STM32CubeIDE_1.18.0/STM32CubeIDE/plugins/com.st.stm32cube.ide.mcu.externaltools.gnu-tools-for-stm32.13.3.rel1.win32_1.0.0.202411081344/tools/bin/../lib/gcc/arm-none-eabi/13.3.1/thumb/v7-m/nofp/crtbegin.o
                0x08005ee8                        PROVIDE (__init_array_end = .)
                0x08005ee8                        . = ALIGN (0x4)

.fini_array     0x08005ee8        0x4
                0x08005ee8                        . = ALIGN (0x4)
                [!provide]                        PROVIDE (__fini_array_start = .)
 *(SORT_BY_NAME(.fini_array.*))
 *(.fini_array*)
 .fini_array    0x08005ee8        0x4 C:/ST/STM32CubeIDE_1.18.0/STM32CubeIDE/plugins/com.st.stm32cube.ide.mcu.externaltools.gnu-tools-for-stm32.13.3.rel1.win32_1.0.0.202411081344/tools/bin/../lib/gcc/arm-none-eabi/13.3.1/thumb/v7-m/nofp/crtbegin.o
                [!provide]                        PROVIDE (__fini_array_end = .)
                0x08005eec                        . = ALIGN (0x4)
                0x08005eec                        _sidata = LOADADDR (.data)

.rel.dyn        0x08005eec        0x0
 .rel.iplt      0x08005eec        0x0 C:/ST/STM32CubeIDE_1.18.0/STM32CubeIDE/plugins/com.st.stm32cube.ide.mcu.externaltools.gnu-tools-for-stm32.13.3.rel1.win32_1.0.0.202411081344/tools/bin/../lib/gcc/arm-none-eabi/13.3.1/thumb/v7-m/nofp/crtbegin.o

.data           0x20000000      0x418 load address 0x08005eec
                0x20000000                        . = ALIGN (0x4)
                0x20000000                        _sdata = .
 *(.data)
 *(.data*)
 .data.tx_data  0x20000000        0x8 ./Core/Src/cycle.o
                0x20000000                tx_data
 .data.SystemCoreClock
                0x20000008        0x4 ./Core/Src/system_stm32l1xx.o
                0x20000008                SystemCoreClock
 .data.NTC_table
                0x2000000c      0x404 ./Core/Src/thermistor.o
                0x2000000c                NTC_table
 .data.uwTickPrio
                0x20000410        0x4 ./Drivers/STM32L1xx_HAL_Driver/Src/stm32l1xx_hal.o
                0x20000410                uwTickPrio
 .data.uwTickFreq
                0x20000414        0x4 ./Drivers/STM32L1xx_HAL_Driver/Src/stm32l1xx_hal.o
                0x20000414                uwTickFreq
 *(.RamFunc)
 *(.RamFunc*)
                0x20000418                        . = ALIGN (0x4)
                0x20000418                        _edata = .

.igot.plt       0x20000418        0x0 load address 0x08006304
 .igot.plt      0x20000418        0x0 C:/ST/STM32CubeIDE_1.18.0/STM32CubeIDE/plugins/com.st.stm32cube.ide.mcu.externaltools.gnu-tools-for-stm32.13.3.rel1.win32_1.0.0.202411081344/tools/bin/../lib/gcc/arm-none-eabi/13.3.1/thumb/v7-m/nofp/crtbegin.o
                0x20000418                        . = ALIGN (0x4)

.bss            0x20000418      0x4ac load address 0x08006304
                0x20000418                        _sbss = .
                0x20000418                        __bss_start__ = _sbss
 *(.bss)
 .bss           0x20000418       0x1c C:/ST/STM32CubeIDE_1.18.0/STM32CubeIDE/plugins/com.st.stm32cube.ide.mcu.externaltools.gnu-tools-for-stm32.13.3.rel1.win32_1.0.0.202411081344/tools/bin/../lib/gcc/arm-none-eabi/13.3.1/thumb/v7-m/nofp/crtbegin.o
 *(.bss*)
 .bss.hadc      0x20000434       0x54 ./Core/Src/adc.o
                0x20000434                hadc
 .bss.hdma_adc  0x20000488       0x44 ./Core/Src/adc.o
                0x20000488                hdma_adc
 .bss.adc       0x200004cc        0xc ./Core/Src/cycle.o
                0x200004cc                adc
 .bss.adc_buffer
                0x200004d8       0x40 ./Core/Src/cycle.o
 .bss.adc_sum   0x20000518       0x10 ./Core/Src/cycle.o
 .bss.adc_index
                0x20000528        0x4 ./Core/Src/cycle.o
 .bss.adc_filled
                0x2000052c        0x4 ./Core/Src/cycle.o
 .bss.temperature
                0x20000530        0x4 ./Core/Src/cycle.o
                0x20000530                temperature
 .bss.voltage_mv
                0x20000534        0x4 ./Core/Src/cycle.o
                0x20000534                voltage_mv
 .bss.cycles_per_us
                0x20000538        0x4 ./Core/Src/delay_us.o
 .bss.uart_tx_flag
                0x2000053c        0x1 ./Core/Src/irq.o
                0x2000053c                uart_tx_flag
 .bss.rf_flag   0x2000053d        0x1 ./Core/Src/irq.o
                0x2000053d                rf_flag
 *fill*         0x2000053e        0x2 
 .bss.rx_data   0x20000540        0x8 ./Core/Src/irq.o
                0x20000540                rx_data
 .bss.bat_char  0x20000548        0x1 ./Core/Src/nextion_com.o
                0x20000548                bat_char
 .bss.fenix_stat
                0x20000549        0x1 ./Core/Src/nextion_com.o
                0x20000549                fenix_stat
 .bss.lqi       0x2000054a        0x1 ./Core/Src/nextion_com.o
                0x2000054a                lqi
 .bss.co_stat   0x2000054b        0x1 ./Core/Src/nextion_com.o
                0x2000054b                co_stat
 .bss.cwu_stat  0x2000054c        0x1 ./Core/Src/nextion_com.o
                0x2000054c                cwu_stat
 *fill*         0x2000054d        0x3 
 .bss.hspi1     0x20000550       0x58 ./Core/Src/spi.o
                0x20000550                hspi1
 .bss.htim11    0x200005a8       0x40 ./Core/Src/tim.o
                0x200005a8                htim11
 .bss.tx_buf    0x200005e8      0x200 ./Core/Src/uart_dma.o
 .bss.tx_head   0x200007e8        0x2 ./Core/Src/uart_dma.o
 .bss.tx_tail   0x200007ea        0x2 ./Core/Src/uart_dma.o
 .bss.tx_dma_busy
                0x200007ec        0x1 ./Core/Src/uart_dma.o
 *fill*         0x200007ed        0x3 
 .bss.huart3    0x200007f0       0x48 ./Core/Src/usart.o
                0x200007f0                huart3
 .bss.hdma_usart3_rx
                0x20000838       0x44 ./Core/Src/usart.o
                0x20000838                hdma_usart3_rx
 .bss.hdma_usart3_tx
                0x2000087c       0x44 ./Core/Src/usart.o
                0x2000087c                hdma_usart3_tx
 .bss.uwTick    0x200008c0        0x4 ./Drivers/STM32L1xx_HAL_Driver/Src/stm32l1xx_hal.o
                0x200008c0                uwTick
 *(COMMON)
                0x200008c4                        . = ALIGN (0x4)
                0x200008c4                        _ebss = .
                0x200008c4                        __bss_end__ = _ebss

._user_heap_stack
                0x200008c4      0x604 load address 0x08006304
                0x200008c8                        . = ALIGN (0x8)
 *fill*         0x200008c4        0x4 
                [!provide]                        PROVIDE (end = .)
                0x200008c8                        PROVIDE (_end = .)
                0x20000ac8                        . = (. + _Min_Heap_Size)
 *fill*         0x200008c8      0x200 
                0x20000ec8                        . = (. + _Min_Stack_Size)
 *fill*         0x20000ac8      0x400 
                0x20000ec8                        . = ALIGN (0x8)

/DISCARD/
 libc.a(*)
 libm.a(*)
 libgcc.a(*)

.ARM.attributes
                0x00000000       0x29
 *(.ARM.attributes)
 .ARM.attributes
                0x00000000       0x1d C:/ST/STM32CubeIDE_1.18.0/STM32CubeIDE/plugins/com.st.stm32cube.ide.mcu.externaltools.gnu-tools-for-stm32.13.3.rel1.win32_1.0.0.202411081344/tools/bin/../lib/gcc/arm-none-eabi/13.3.1/thumb/v7-m/nofp/crti.o
 .ARM.attributes
                0x0000001d       0x2d C:/ST/STM32CubeIDE_1.18.0/STM32CubeIDE/plugins/com.st.stm32cube.ide.mcu.externaltools.gnu-tools-for-stm32.13.3.rel1.win32_1.0.0.202411081344/tools/bin/../lib/gcc/arm-none-eabi/13.3.1/thumb/v7-m/nofp/crtbegin.o
 .ARM.attributes
                0x0000004a       0x2d ./Core/Src/adc.o
 .ARM.attributes
                0x00000077       0x2d ./Core/Src/cycle.o
 .ARM.attributes
                0x000000a4       0x2d ./Core/Src/delay_us.o
 .ARM.attributes
                0x000000d1       0x2d ./Core/Src/dma.o
 .ARM.attributes
                0x000000fe       0x2d ./Core/Src/gpio.o
 .ARM.attributes
                0x0000012b       0x2d ./Core/Src/init.o
 .ARM.attributes
                0x00000158       0x2d ./Core/Src/irq.o
 .ARM.attributes
                0x00000185       0x2d ./Core/Src/main.o
 .ARM.attributes
                0x000001b2       0x2d ./Core/Src/nextion_com.o
 .ARM.attributes
                0x000001df       0x2d ./Core/Src/nrf24l01p.o
 .ARM.attributes
                0x0000020c       0x2d ./Core/Src/spi.o
 .ARM.attributes
                0x00000239       0x2d ./Core/Src/stm32l1xx_hal_msp.o
 .ARM.attributes
                0x00000266       0x2d ./Core/Src/stm32l1xx_it.o
 .ARM.attributes
                0x00000293       0x2d ./Core/Src/system_stm32l1xx.o
 .ARM.attributes
                0x000002c0       0x2d ./Core/Src/thermistor.o
 .ARM.attributes
                0x000002ed       0x2d ./Core/Src/tim.o
 .ARM.attributes
                0x0000031a       0x2d ./Core/Src/uart_dma.o
 .ARM.attributes
                0x00000347       0x2d ./Core/Src/usart.o
 .ARM.attributes
                0x00000374       0x21 ./Core/Startup/startup_stm32l151c8tx.o
 .ARM.attributes
                0x00000395       0x2d ./Drivers/STM32L1xx_HAL_Driver/Src/stm32l1xx_hal.o
 .ARM.attributes
                0x000003c2       0x2d ./Drivers/STM32L1xx_HAL_Driver/Src/stm32l1xx_hal_adc.o
 .ARM.attributes
                0x000003ef       0x2d ./Drivers/STM32L1xx_HAL_Driver/Src/stm32l1xx_hal_adc_ex.o
 .ARM.attributes
                0x0000041c       0x2d ./Drivers/STM32L1xx_HAL_Driver/Src/stm32l1xx_hal_cortex.o
 .ARM.attributes
                0x00000449       0x2d ./Drivers/STM32L1xx_HAL_Driver/Src/stm32l1xx_hal_dma.o
 .ARM.attributes
                0x00000476       0x2d ./Drivers/STM32L1xx_HAL_Driver/Src/stm32l1xx_hal_gpio.o
 .ARM.attributes
                0x000004a3       0x2d ./Drivers/STM32L1xx_HAL_Driver/Src/stm32l1xx_hal_rcc.o
 .ARM.attributes
                0x000004d0       0x2d ./Drivers/STM32L1xx_HAL_Driver/Src/stm32l1xx_hal_spi.o
 .ARM.attributes
                0x000004fd       0x2d ./Drivers/STM32L1xx_HAL_Driver/Src/stm32l1xx_hal_tim.o
 .ARM.attributes
                0x0000052a       0x2d ./Drivers/STM32L1xx_HAL_Driver/Src/stm32l1xx_hal_uart.o
 .ARM.attributes
                0x00000557       0x2d C:/ST/STM32CubeIDE_1.18.0/STM32CubeIDE/plugins/com.st.stm32cube.ide.mcu.externaltools.gnu-tools-for-stm32.13.3.rel1.win32_1.0.0.202411081344/tools/bin/../lib/gcc/arm-none-eabi/13.3.1/../../../../arm-none-eabi/lib/thumb/v7-m/nofp\libc_nano.a(libc_a-memset.o)
 .ARM.attributes
                0x00000584       0x2d C:/ST/STM32CubeIDE_1.18.0/STM32CubeIDE/plugins/com.st.stm32cube.ide.mcu.externaltools.gnu-tools-for-stm32.13.3.rel1.win32_1.0.0.202411081344/tools/bin/../lib/gcc/arm-none-eabi/13.3.1/../../../../arm-none-eabi/lib/thumb/v7-m/nofp\libc_nano.a(libc_a-init.o)
 .ARM.attributes
                0x000005b1       0x1d C:/ST/STM32CubeIDE_1.18.0/STM32CubeIDE/plugins/com.st.stm32cube.ide.mcu.externaltools.gnu-tools-for-stm32.13.3.rel1.win32_1.0.0.202411081344/tools/bin/../lib/gcc/arm-none-eabi/13.3.1/thumb/v7-m/nofp\libgcc.a(_aeabi_uldivmod.o)
 .ARM.attributes
                0x000005ce       0x2d C:/ST/STM32CubeIDE_1.18.0/STM32CubeIDE/plugins/com.st.stm32cube.ide.mcu.externaltools.gnu-tools-for-stm32.13.3.rel1.win32_1.0.0.202411081344/tools/bin/../lib/gcc/arm-none-eabi/13.3.1/thumb/v7-m/nofp\libgcc.a(_udivmoddi4.o)
 .ARM.attributes
                0x000005fb       0x1d C:/ST/STM32CubeIDE_1.18.0/STM32CubeIDE/plugins/com.st.stm32cube.ide.mcu.externaltools.gnu-tools-for-stm32.13.3.rel1.win32_1.0.0.202411081344/tools/bin/../lib/gcc/arm-none-eabi/13.3.1/thumb/v7-m/nofp\libgcc.a(_dvmd_tls.o)
 .ARM.attributes
                0x00000618       0x1d C:/ST/STM32CubeIDE_1.18.0/STM32CubeIDE/plugins/com.st.stm32cube.ide.mcu.externaltools.gnu-tools-for-stm32.13.3.rel1.win32_1.0.0.202411081344/tools/bin/../lib/gcc/arm-none-eabi/13.3.1/thumb/v7-m/nofp/crtn.o
OUTPUT(sterownik_pokojowy.elf elf32-littlearm)
LOAD linker stubs
LOAD C:/ST/STM32CubeIDE_1.18.0/STM32CubeIDE/plugins/com.st.stm32cube.ide.mcu.externaltools.gnu-tools-for-stm32.13.3.rel1.win32_1.0.0.202411081344/tools/bin/../lib/gcc/arm-none-eabi/13.3.1/../../../../arm-none-eabi/lib/thumb/v7-m/nofp\libc.a
LOAD C:/ST/STM32CubeIDE_1.18.0/STM32CubeIDE/plugins/com.st.stm32cube.ide.mcu.externaltools.gnu-tools-for-stm32.13.3.rel1.win32_1.0.0.202411081344/tools/bin/../lib/gcc/arm-none-eabi/13.3.1/../../../../arm-none-eabi/lib/thumb/v7-m/nofp\libm.a
LOAD C:/ST/STM32CubeIDE_1.18.0/STM32CubeIDE/plugins/com.st.stm32cube.ide.mcu.externaltools.gnu-tools-for-stm32.13.3.rel1.win32_1.0.0.202411081344/tools/bin/../lib/gcc/arm-none-eabi/13.3.1/thumb/v7-m/nofp\libgcc.a

.debug_info     0x00000000    0x120dd
 .debug_info    0x00000000      0xabb ./Core/Src/adc.o
 .debug_info    0x00000abb      0x2bc ./Core/Src/cycle.o
 .debug_info    0x00000d77      0x286 ./Core/Src/delay_us.o
 .debug_info    0x00000ffd      0x305 ./Core/Src/dma.o
 .debug_info    0x00001302      0x48c ./Core/Src/gpio.o
 .debug_info    0x0000178e      0x99f ./Core/Src/init.o
 .debug_info    0x0000212d      0x94e ./Core/Src/irq.o
 .debug_info    0x00002a7b      0x325 ./Core/Src/main.o
 .debug_info    0x00002da0      0x2d6 ./Core/Src/nextion_com.o
 .debug_info    0x00003076      0xb2a ./Core/Src/nrf24l01p.o
 .debug_info    0x00003ba0      0x9c8 ./Core/Src/spi.o
 .debug_info    0x00004568      0x1b4 ./Core/Src/stm32l1xx_hal_msp.o
 .debug_info    0x0000471c      0xf32 ./Core/Src/stm32l1xx_it.o
 .debug_info    0x0000564e      0x27c ./Core/Src/system_stm32l1xx.o
 .debug_info    0x000058ca       0xd9 ./Core/Src/thermistor.o
 .debug_info    0x000059a3      0x972 ./Core/Src/tim.o
 .debug_info    0x00006315      0x808 ./Core/Src/uart_dma.o
 .debug_info    0x00006b1d      0x9f6 ./Core/Src/usart.o
 .debug_info    0x00007513       0x30 ./Core/Startup/startup_stm32l151c8tx.o
 .debug_info    0x00007543      0x6ad ./Drivers/STM32L1xx_HAL_Driver/Src/stm32l1xx_hal.o
 .debug_info    0x00007bf0      0xe7f ./Drivers/STM32L1xx_HAL_Driver/Src/stm32l1xx_hal_adc.o
 .debug_info    0x00008a6f      0x90d ./Drivers/STM32L1xx_HAL_Driver/Src/stm32l1xx_hal_adc_ex.o
 .debug_info    0x0000937c      0xca3 ./Drivers/STM32L1xx_HAL_Driver/Src/stm32l1xx_hal_cortex.o
 .debug_info    0x0000a01f      0x6dc ./Drivers/STM32L1xx_HAL_Driver/Src/stm32l1xx_hal_dma.o
 .debug_info    0x0000a6fb      0x5a6 ./Drivers/STM32L1xx_HAL_Driver/Src/stm32l1xx_hal_gpio.o
 .debug_info    0x0000aca1      0x945 ./Drivers/STM32L1xx_HAL_Driver/Src/stm32l1xx_hal_rcc.o
 .debug_info    0x0000b5e6     0x143c ./Drivers/STM32L1xx_HAL_Driver/Src/stm32l1xx_hal_spi.o
 .debug_info    0x0000ca22     0x27c4 ./Drivers/STM32L1xx_HAL_Driver/Src/stm32l1xx_hal_tim.o
 .debug_info    0x0000f1e6     0x2ef7 ./Drivers/STM32L1xx_HAL_Driver/Src/stm32l1xx_hal_uart.o

.debug_abbrev   0x00000000     0x35af
 .debug_abbrev  0x00000000      0x20a ./Core/Src/adc.o
 .debug_abbrev  0x0000020a      0x194 ./Core/Src/cycle.o
 .debug_abbrev  0x0000039e       0xfa ./Core/Src/delay_us.o
 .debug_abbrev  0x00000498       0xfc ./Core/Src/dma.o
 .debug_abbrev  0x00000594      0x15b ./Core/Src/gpio.o
 .debug_abbrev  0x000006ef      0x1b1 ./Core/Src/init.o
 .debug_abbrev  0x000008a0      0x1ac ./Core/Src/irq.o
 .debug_abbrev  0x00000a4c      0x1bb ./Core/Src/main.o
 .debug_abbrev  0x00000c07      0x151 ./Core/Src/nextion_com.o
 .debug_abbrev  0x00000d58      0x2bf ./Core/Src/nrf24l01p.o
 .debug_abbrev  0x00001017      0x1fe ./Core/Src/spi.o
 .debug_abbrev  0x00001215       0xc6 ./Core/Src/stm32l1xx_hal_msp.o
 .debug_abbrev  0x000012db      0x1c3 ./Core/Src/stm32l1xx_it.o
 .debug_abbrev  0x0000149e      0x11c ./Core/Src/system_stm32l1xx.o
 .debug_abbrev  0x000015ba       0x90 ./Core/Src/thermistor.o
 .debug_abbrev  0x0000164a      0x208 ./Core/Src/tim.o
 .debug_abbrev  0x00001852      0x296 ./Core/Src/uart_dma.o
 .debug_abbrev  0x00001ae8      0x215 ./Core/Src/usart.o
 .debug_abbrev  0x00001cfd       0x24 ./Core/Startup/startup_stm32l151c8tx.o
 .debug_abbrev  0x00001d21      0x275 ./Drivers/STM32L1xx_HAL_Driver/Src/stm32l1xx_hal.o
 .debug_abbrev  0x00001f96      0x292 ./Drivers/STM32L1xx_HAL_Driver/Src/stm32l1xx_hal_adc.o
 .debug_abbrev  0x00002228      0x225 ./Drivers/STM32L1xx_HAL_Driver/Src/stm32l1xx_hal_adc_ex.o
 .debug_abbrev  0x0000244d      0x31c ./Drivers/STM32L1xx_HAL_Driver/Src/stm32l1xx_hal_cortex.o
 .debug_abbrev  0x00002769      0x1cd ./Drivers/STM32L1xx_HAL_Driver/Src/stm32l1xx_hal_dma.o
 .debug_abbrev  0x00002936      0x1d4 ./Drivers/STM32L1xx_HAL_Driver/Src/stm32l1xx_hal_gpio.o
 .debug_abbrev  0x00002b0a      0x2b8 ./Drivers/STM32L1xx_HAL_Driver/Src/stm32l1xx_hal_rcc.o
 .debug_abbrev  0x00002dc2      0x276 ./Drivers/STM32L1xx_HAL_Driver/Src/stm32l1xx_hal_spi.o
 .debug_abbrev  0x00003038      0x272 ./Drivers/STM32L1xx_HAL_Driver/Src/stm32l1xx_hal_tim.o
 .debug_abbrev  0x000032aa      0x305 ./Drivers/STM32L1xx_HAL_Driver/Src/stm32l1xx_hal_uart.o

.debug_aranges  0x00000000     0x10d0
 .debug_aranges
                0x00000000       0x30 ./Core/Src/adc.o
 .debug_aranges
                0x00000030       0x30 ./Core/Src/cycle.o
 .debug_aranges
                0x00000060       0x28 ./Core/Src/delay_us.o
 .debug_aranges
                0x00000088       0x20 ./Core/Src/dma.o
 .debug_aranges
                0x000000a8       0x20 ./Core/Src/gpio.o
 .debug_aranges
                0x000000c8       0x20 ./Core/Src/init.o
 .debug_aranges
                0x000000e8       0x30 ./Core/Src/irq.o
 .debug_aranges
                0x00000118       0x30 ./Core/Src/main.o
 .debug_aranges
                0x00000148       0x38 ./Core/Src/nextion_com.o
 .debug_aranges
                0x00000180       0xd8 ./Core/Src/nrf24l01p.o
 .debug_aranges
                0x00000258       0x30 ./Core/Src/spi.o
 .debug_aranges
                0x00000288       0x20 ./Core/Src/stm32l1xx_hal_msp.o
 .debug_aranges
                0x000002a8       0xa0 ./Core/Src/stm32l1xx_it.o
 .debug_aranges
                0x00000348       0x28 ./Core/Src/system_stm32l1xx.o
 .debug_aranges
                0x00000370       0x20 ./Core/Src/thermistor.o
 .debug_aranges
                0x00000390       0x30 ./Core/Src/tim.o
 .debug_aranges
                0x000003c0       0x58 ./Core/Src/uart_dma.o
 .debug_aranges
                0x00000418       0x30 ./Core/Src/usart.o
 .debug_aranges
                0x00000448       0x28 ./Core/Startup/startup_stm32l151c8tx.o
 .debug_aranges
                0x00000470       0xe0 ./Drivers/STM32L1xx_HAL_Driver/Src/stm32l1xx_hal.o
 .debug_aranges
                0x00000550       0xf0 ./Drivers/STM32L1xx_HAL_Driver/Src/stm32l1xx_hal_adc.o
 .debug_aranges
                0x00000640       0x58 ./Drivers/STM32L1xx_HAL_Driver/Src/stm32l1xx_hal_adc_ex.o
 .debug_aranges
                0x00000698      0x128 ./Drivers/STM32L1xx_HAL_Driver/Src/stm32l1xx_hal_cortex.o
 .debug_aranges
                0x000007c0       0x80 ./Drivers/STM32L1xx_HAL_Driver/Src/stm32l1xx_hal_dma.o
 .debug_aranges
                0x00000840       0x58 ./Drivers/STM32L1xx_HAL_Driver/Src/stm32l1xx_hal_gpio.o
 .debug_aranges
                0x00000898       0x90 ./Drivers/STM32L1xx_HAL_Driver/Src/stm32l1xx_hal_rcc.o
 .debug_aranges
                0x00000928      0x1d0 ./Drivers/STM32L1xx_HAL_Driver/Src/stm32l1xx_hal_spi.o
 .debug_aranges
                0x00000af8      0x3d0 ./Drivers/STM32L1xx_HAL_Driver/Src/stm32l1xx_hal_tim.o
 .debug_aranges
                0x00000ec8      0x208 ./Drivers/STM32L1xx_HAL_Driver/Src/stm32l1xx_hal_uart.o

.debug_rnglists
                0x00000000      0xcc1
 .debug_rnglists
                0x00000000       0x21 ./Core/Src/adc.o
 .debug_rnglists
                0x00000021       0x21 ./Core/Src/cycle.o
 .debug_rnglists
                0x00000042       0x19 ./Core/Src/delay_us.o
 .debug_rnglists
                0x0000005b       0x13 ./Core/Src/dma.o
 .debug_rnglists
                0x0000006e       0x14 ./Core/Src/gpio.o
 .debug_rnglists
                0x00000082       0x13 ./Core/Src/init.o
 .debug_rnglists
                0x00000095       0x1f ./Core/Src/irq.o
 .debug_rnglists
                0x000000b4       0x20 ./Core/Src/main.o
 .debug_rnglists
                0x000000d4       0x28 ./Core/Src/nextion_com.o
 .debug_rnglists
                0x000000fc       0x9d ./Core/Src/nrf24l01p.o
 .debug_rnglists
                0x00000199       0x20 ./Core/Src/spi.o
 .debug_rnglists
                0x000001b9       0x13 ./Core/Src/stm32l1xx_hal_msp.o
 .debug_rnglists
                0x000001cc       0x73 ./Core/Src/stm32l1xx_it.o
 .debug_rnglists
                0x0000023f       0x1a ./Core/Src/system_stm32l1xx.o
 .debug_rnglists
                0x00000259       0x13 ./Core/Src/thermistor.o
 .debug_rnglists
                0x0000026c       0x1f ./Core/Src/tim.o
 .debug_rnglists
                0x0000028b       0x3f ./Core/Src/uart_dma.o
 .debug_rnglists
                0x000002ca       0x20 ./Core/Src/usart.o
 .debug_rnglists
                0x000002ea       0x19 ./Core/Startup/startup_stm32l151c8tx.o
 .debug_rnglists
                0x00000303       0xa3 ./Drivers/STM32L1xx_HAL_Driver/Src/stm32l1xx_hal.o
 .debug_rnglists
                0x000003a6       0xbd ./Drivers/STM32L1xx_HAL_Driver/Src/stm32l1xx_hal_adc.o
 .debug_rnglists
                0x00000463       0x43 ./Drivers/STM32L1xx_HAL_Driver/Src/stm32l1xx_hal_adc_ex.o
 .debug_rnglists
                0x000004a6       0xd9 ./Drivers/STM32L1xx_HAL_Driver/Src/stm32l1xx_hal_cortex.o
 .debug_rnglists
                0x0000057f       0x64 ./Drivers/STM32L1xx_HAL_Driver/Src/stm32l1xx_hal_dma.o
 .debug_rnglists
                0x000005e3       0x3f ./Drivers/STM32L1xx_HAL_Driver/Src/stm32l1xx_hal_gpio.o
 .debug_rnglists
                0x00000622       0x6d ./Drivers/STM32L1xx_HAL_Driver/Src/stm32l1xx_hal_rcc.o
 .debug_rnglists
                0x0000068f      0x16f ./Drivers/STM32L1xx_HAL_Driver/Src/stm32l1xx_hal_spi.o
 .debug_rnglists
                0x000007fe      0x307 ./Drivers/STM32L1xx_HAL_Driver/Src/stm32l1xx_hal_tim.o
 .debug_rnglists
                0x00000b05      0x1bc ./Drivers/STM32L1xx_HAL_Driver/Src/stm32l1xx_hal_uart.o

.debug_macro    0x00000000    0x16eab
 .debug_macro   0x00000000      0x1e6 ./Core/Src/adc.o
 .debug_macro   0x000001e6      0xacc ./Core/Src/adc.o
 .debug_macro   0x00000cb2      0x11b ./Core/Src/adc.o
 .debug_macro   0x00000dcd       0x2e ./Core/Src/adc.o
 .debug_macro   0x00000dfb       0x22 ./Core/Src/adc.o
 .debug_macro   0x00000e1d       0x22 ./Core/Src/adc.o
 .debug_macro   0x00000e3f       0x8e ./Core/Src/adc.o
 .debug_macro   0x00000ecd       0x51 ./Core/Src/adc.o
 .debug_macro   0x00000f1e      0x103 ./Core/Src/adc.o
 .debug_macro   0x00001021       0x6a ./Core/Src/adc.o
 .debug_macro   0x0000108b      0x1df ./Core/Src/adc.o
 .debug_macro   0x0000126a       0x1c ./Core/Src/adc.o
 .debug_macro   0x00001286       0x22 ./Core/Src/adc.o
 .debug_macro   0x000012a8       0xbd ./Core/Src/adc.o
 .debug_macro   0x00001365      0xe49 ./Core/Src/adc.o
 .debug_macro   0x000021ae      0x11f ./Core/Src/adc.o
 .debug_macro   0x000022cd     0x9b46 ./Core/Src/adc.o
 .debug_macro   0x0000be13       0x6d ./Core/Src/adc.o
 .debug_macro   0x0000be80     0x34e1 ./Core/Src/adc.o
 .debug_macro   0x0000f361      0x190 ./Core/Src/adc.o
 .debug_macro   0x0000f4f1       0x5b ./Core/Src/adc.o
 .debug_macro   0x0000f54c      0xe37 ./Core/Src/adc.o
 .debug_macro   0x00010383       0x5c ./Core/Src/adc.o
 .debug_macro   0x000103df      0x1b8 ./Core/Src/adc.o
 .debug_macro   0x00010597       0xa7 ./Core/Src/adc.o
 .debug_macro   0x0001063e      0x21e ./Core/Src/adc.o
 .debug_macro   0x0001085c      0x236 ./Core/Src/adc.o
 .debug_macro   0x00010a92      0x631 ./Core/Src/adc.o
 .debug_macro   0x000110c3      0x15d ./Core/Src/adc.o
 .debug_macro   0x00011220      0x10e ./Core/Src/adc.o
 .debug_macro   0x0001132e      0x281 ./Core/Src/adc.o
 .debug_macro   0x000115af      0x1e9 ./Core/Src/adc.o
 .debug_macro   0x00011798       0x22 ./Core/Src/adc.o
 .debug_macro   0x000117ba      0x217 ./Core/Src/adc.o
 .debug_macro   0x000119d1      0x788 ./Core/Src/adc.o
 .debug_macro   0x00012159       0x59 ./Core/Src/adc.o
 .debug_macro   0x000121b2      0x2aa ./Core/Src/adc.o
 .debug_macro   0x0001245c      0x15c ./Core/Src/adc.o
 .debug_macro   0x000125b8      0x3ce ./Core/Src/adc.o
 .debug_macro   0x00012986       0x2e ./Core/Src/adc.o
 .debug_macro   0x000129b4      0x345 ./Core/Src/cycle.o
 .debug_macro   0x00012cf9       0x61 ./Core/Src/cycle.o
 .debug_macro   0x00012d5a       0x24 ./Core/Src/cycle.o
 .debug_macro   0x00012d7e       0x43 ./Core/Src/cycle.o
 .debug_macro   0x00012dc1       0x34 ./Core/Src/cycle.o
 .debug_macro   0x00012df5      0x370 ./Core/Src/cycle.o
 .debug_macro   0x00013165       0x16 ./Core/Src/cycle.o
 .debug_macro   0x0001317b       0x4a ./Core/Src/cycle.o
 .debug_macro   0x000131c5       0x34 ./Core/Src/cycle.o
 .debug_macro   0x000131f9       0x10 ./Core/Src/cycle.o
 .debug_macro   0x00013209       0x58 ./Core/Src/cycle.o
 .debug_macro   0x00013261       0x8e ./Core/Src/cycle.o
 .debug_macro   0x000132ef       0x1c ./Core/Src/cycle.o
 .debug_macro   0x0001330b      0x185 ./Core/Src/cycle.o
 .debug_macro   0x00013490       0x10 ./Core/Src/cycle.o
 .debug_macro   0x000134a0       0x3c ./Core/Src/cycle.o
 .debug_macro   0x000134dc       0x20 ./Core/Src/cycle.o
 .debug_macro   0x000134fc      0x19b ./Core/Src/cycle.o
 .debug_macro   0x00013697       0x22 ./Core/Src/cycle.o
 .debug_macro   0x000136b9      0x11d ./Core/Src/cycle.o
 .debug_macro   0x000137d6      0x1d1 ./Core/Src/delay_us.o
 .debug_macro   0x000139a7      0x1e6 ./Core/Src/dma.o
 .debug_macro   0x00013b8d      0x1e6 ./Core/Src/gpio.o
 .debug_macro   0x00013d73      0x25a ./Core/Src/init.o
 .debug_macro   0x00013fcd      0x312 ./Core/Src/irq.o
 .debug_macro   0x000142df      0x25a ./Core/Src/main.o
 .debug_macro   0x00014539      0x32a ./Core/Src/nextion_com.o
 .debug_macro   0x00014863       0x16 ./Core/Src/nextion_com.o
 .debug_macro   0x00014879       0x10 ./Core/Src/nextion_com.o
 .debug_macro   0x00014889       0x16 ./Core/Src/nextion_com.o
 .debug_macro   0x0001489f       0x16 ./Core/Src/nextion_com.o
 .debug_macro   0x000148b5      0x146 ./Core/Src/nextion_com.o
 .debug_macro   0x000149fb       0x16 ./Core/Src/nextion_com.o
 .debug_macro   0x00014a11      0x202 ./Core/Src/nrf24l01p.o
 .debug_macro   0x00014c13      0x1e6 ./Core/Src/spi.o
 .debug_macro   0x00014df9      0x1dc ./Core/Src/stm32l1xx_hal_msp.o
 .debug_macro   0x00014fd5      0x1e6 ./Core/Src/stm32l1xx_it.o
 .debug_macro   0x000151bb      0x1cd ./Core/Src/system_stm32l1xx.o
 .debug_macro   0x00015388      0x1e6 ./Core/Src/thermistor.o
 .debug_macro   0x0001556e      0x1e6 ./Core/Src/tim.o
 .debug_macro   0x00015754      0x2ce ./Core/Src/uart_dma.o
 .debug_macro   0x00015a22      0x1e6 ./Core/Src/usart.o
 .debug_macro   0x00015c08      0x1f1 ./Drivers/STM32L1xx_HAL_Driver/Src/stm32l1xx_hal.o
 .debug_macro   0x00015df9      0x1ea ./Drivers/STM32L1xx_HAL_Driver/Src/stm32l1xx_hal_adc.o
 .debug_macro   0x00015fe3      0x203 ./Drivers/STM32L1xx_HAL_Driver/Src/stm32l1xx_hal_adc_ex.o
 .debug_macro   0x000161e6      0x1cd ./Drivers/STM32L1xx_HAL_Driver/Src/stm32l1xx_hal_cortex.o
 .debug_macro   0x000163b3      0x1cd ./Drivers/STM32L1xx_HAL_Driver/Src/stm32l1xx_hal_dma.o
 .debug_macro   0x00016580      0x1d4 ./Drivers/STM32L1xx_HAL_Driver/Src/stm32l1xx_hal_gpio.o
 .debug_macro   0x00016754      0x1df ./Drivers/STM32L1xx_HAL_Driver/Src/stm32l1xx_hal_rcc.o
 .debug_macro   0x00016933      0x1dc ./Drivers/STM32L1xx_HAL_Driver/Src/stm32l1xx_hal_spi.o
 .debug_macro   0x00016b0f      0x1ce ./Drivers/STM32L1xx_HAL_Driver/Src/stm32l1xx_hal_tim.o
 .debug_macro   0x00016cdd      0x1ce ./Drivers/STM32L1xx_HAL_Driver/Src/stm32l1xx_hal_uart.o

.debug_line     0x00000000    0x167c2
 .debug_line    0x00000000      0x853 ./Core/Src/adc.o
 .debug_line    0x00000853      0xa14 ./Core/Src/cycle.o
 .debug_line    0x00001267      0x7b0 ./Core/Src/delay_us.o
 .debug_line    0x00001a17      0x774 ./Core/Src/dma.o
 .debug_line    0x0000218b      0x78f ./Core/Src/gpio.o
 .debug_line    0x0000291a      0x7db ./Core/Src/init.o
 .debug_line    0x000030f5      0x963 ./Core/Src/irq.o
 .debug_line    0x00003a58      0x85d ./Core/Src/main.o
 .debug_line    0x000042b5      0xb2a ./Core/Src/nextion_com.o
 .debug_line    0x00004ddf      0xa6e ./Core/Src/nrf24l01p.o
 .debug_line    0x0000584d      0x7ea ./Core/Src/spi.o
 .debug_line    0x00006037      0x775 ./Core/Src/stm32l1xx_hal_msp.o
 .debug_line    0x000067ac      0x8e3 ./Core/Src/stm32l1xx_it.o
 .debug_line    0x0000708f      0x815 ./Core/Src/system_stm32l1xx.o
 .debug_line    0x000078a4      0x79a ./Core/Src/thermistor.o
 .debug_line    0x0000803e      0x7d7 ./Core/Src/tim.o
 .debug_line    0x00008815      0xaab ./Core/Src/uart_dma.o
 .debug_line    0x000092c0      0x833 ./Core/Src/usart.o
 .debug_line    0x00009af3       0x79 ./Core/Startup/startup_stm32l151c8tx.o
 .debug_line    0x00009b6c      0xa44 ./Drivers/STM32L1xx_HAL_Driver/Src/stm32l1xx_hal.o
 .debug_line    0x0000a5b0     0x1018 ./Drivers/STM32L1xx_HAL_Driver/Src/stm32l1xx_hal_adc.o
 .debug_line    0x0000b5c8      0xb3d ./Drivers/STM32L1xx_HAL_Driver/Src/stm32l1xx_hal_adc_ex.o
 .debug_line    0x0000c105      0xd13 ./Drivers/STM32L1xx_HAL_Driver/Src/stm32l1xx_hal_cortex.o
 .debug_line    0x0000ce18      0xc6b ./Drivers/STM32L1xx_HAL_Driver/Src/stm32l1xx_hal_dma.o
 .debug_line    0x0000da83      0xa60 ./Drivers/STM32L1xx_HAL_Driver/Src/stm32l1xx_hal_gpio.o
 .debug_line    0x0000e4e3     0x1007 ./Drivers/STM32L1xx_HAL_Driver/Src/stm32l1xx_hal_rcc.o
 .debug_line    0x0000f4ea     0x1ce9 ./Drivers/STM32L1xx_HAL_Driver/Src/stm32l1xx_hal_spi.o
 .debug_line    0x000111d3     0x3056 ./Drivers/STM32L1xx_HAL_Driver/Src/stm32l1xx_hal_tim.o
 .debug_line    0x00014229     0x2599 ./Drivers/STM32L1xx_HAL_Driver/Src/stm32l1xx_hal_uart.o

.debug_str      0x00000000    0x86645
 .debug_str     0x00000000    0x86645 ./Core/Src/adc.o
                              0x7e45e (size before relaxing)
 .debug_str     0x00086645    0x81d1f ./Core/Src/cycle.o
 .debug_str     0x00086645    0x7dc0b ./Core/Src/delay_us.o
 .debug_str     0x00086645    0x7df02 ./Core/Src/dma.o
 .debug_str     0x00086645    0x7dfd0 ./Core/Src/gpio.o
 .debug_str     0x00086645    0x7e8ff ./Core/Src/init.o
 .debug_str     0x00086645    0x81b12 ./Core/Src/irq.o
 .debug_str     0x00086645    0x7e3de ./Core/Src/main.o
 .debug_str     0x00086645    0x814d0 ./Core/Src/nextion_com.o
 .debug_str     0x00086645    0x7e862 ./Core/Src/nrf24l01p.o
 .debug_str     0x00086645    0x7e3ed ./Core/Src/spi.o
 .debug_str     0x00086645    0x7dc13 ./Core/Src/stm32l1xx_hal_msp.o
 .debug_str     0x00086645    0x7e7c3 ./Core/Src/stm32l1xx_it.o
 .debug_str     0x00086645    0x7dbe6 ./Core/Src/system_stm32l1xx.o
 .debug_str     0x00086645    0x7dbbb ./Core/Src/thermistor.o
 .debug_str     0x00086645    0x7e4d0 ./Core/Src/tim.o
 .debug_str     0x00086645    0x81332 ./Core/Src/uart_dma.o
 .debug_str     0x00086645    0x7e466 ./Core/Src/usart.o
 .debug_str     0x00086645       0x7d ./Core/Startup/startup_stm32l151c8tx.o
 .debug_str     0x00086645    0x7e26e ./Drivers/STM32L1xx_HAL_Driver/Src/stm32l1xx_hal.o
 .debug_str     0x00086645    0x7e378 ./Drivers/STM32L1xx_HAL_Driver/Src/stm32l1xx_hal_adc.o
 .debug_str     0x00086645    0x7e38b ./Drivers/STM32L1xx_HAL_Driver/Src/stm32l1xx_hal_adc_ex.o
 .debug_str     0x00086645    0x7e37a ./Drivers/STM32L1xx_HAL_Driver/Src/stm32l1xx_hal_cortex.o
 .debug_str     0x00086645    0x7df6b ./Drivers/STM32L1xx_HAL_Driver/Src/stm32l1xx_hal_dma.o
 .debug_str     0x00086645    0x7dd79 ./Drivers/STM32L1xx_HAL_Driver/Src/stm32l1xx_hal_gpio.o
 .debug_str     0x00086645    0x7e087 ./Drivers/STM32L1xx_HAL_Driver/Src/stm32l1xx_hal_rcc.o
 .debug_str     0x00086645    0x7e4ef ./Drivers/STM32L1xx_HAL_Driver/Src/stm32l1xx_hal_spi.o
 .debug_str     0x00086645    0x7eee9 ./Drivers/STM32L1xx_HAL_Driver/Src/stm32l1xx_hal_tim.o
 .debug_str     0x00086645    0x7e64b ./Drivers/STM32L1xx_HAL_Driver/Src/stm32l1xx_hal_uart.o

.comment        0x00000000       0x86
 .comment       0x00000000       0x86 ./Core/Src/adc.o
                                 0x44 (size before relaxing)
 .comment       0x00000086       0x44 ./Core/Src/cycle.o
 .comment       0x00000086       0x44 ./Core/Src/delay_us.o
 .comment       0x00000086       0x44 ./Core/Src/dma.o
 .comment       0x00000086       0x44 ./Core/Src/gpio.o
 .comment       0x00000086       0x44 ./Core/Src/init.o
 .comment       0x00000086       0x44 ./Core/Src/irq.o
 .comment       0x00000086       0x44 ./Core/Src/main.o
 .comment       0x00000086       0x44 ./Core/Src/nextion_com.o
 .comment       0x00000086       0x44 ./Core/Src/nrf24l01p.o
 .comment       0x00000086       0x44 ./Core/Src/spi.o
 .comment       0x00000086       0x44 ./Core/Src/stm32l1xx_hal_msp.o
 .comment       0x00000086       0x44 ./Core/Src/stm32l1xx_it.o
 .comment       0x00000086       0x44 ./Core/Src/system_stm32l1xx.o
 .comment       0x00000086       0x44 ./Core/Src/thermistor.o
 .comment       0x00000086       0x44 ./Core/Src/tim.o
 .comment       0x00000086       0x44 ./Core/Src/uart_dma.o
 .comment       0x00000086       0x44 ./Core/Src/usart.o
 .comment       0x00000086       0x44 ./Drivers/STM32L1xx_HAL_Driver/Src/stm32l1xx_hal.o
 .comment       0x00000086       0x44 ./Drivers/STM32L1xx_HAL_Driver/Src/stm32l1xx_hal_adc.o
 .comment       0x00000086       0x44 ./Drivers/STM32L1xx_HAL_Driver/Src/stm32l1xx_hal_adc_ex.o
 .comment       0x00000086       0x44 ./Drivers/STM32L1xx_HAL_Driver/Src/stm32l1xx_hal_cortex.o
 .comment       0x00000086       0x44 ./Drivers/STM32L1xx_HAL_Driver/Src/stm32l1xx_hal_dma.o
 .comment       0x00000086       0x44 ./Drivers/STM32L1xx_HAL_Driver/Src/stm32l1xx_hal_gpio.o
 .comment       0x00000086       0x44 ./Drivers/STM32L1xx_HAL_Driver/Src/stm32l1xx_hal_rcc.o
 .comment       0x00000086       0x44 ./Drivers/STM32L1xx_HAL_Driver/Src/stm32l1xx_hal_spi.o
 .comment       0x00000086       0x44 ./Drivers/STM32L1xx_HAL_Driver/Src/stm32l1xx_hal_tim.o
 .comment       0x00000086       0x44 ./Drivers/STM32L1xx_HAL_Driver/Src/stm32l1xx_hal_uart.o

.debug_frame    0x00000000     0x4298
 .debug_frame   0x00000000       0x7c ./Core/Src/adc.o
 .debug_frame   0x0000007c       0x78 ./Core/Src/cycle.o
 .debug_frame   0x000000f4       0x58 ./Core/Src/delay_us.o
 .debug_frame   0x0000014c       0x34 ./Core/Src/dma.o
 .debug_frame   0x00000180       0x34 ./Core/Src/gpio.o
 .debug_frame   0x000001b4       0x2c ./Core/Src/init.o
 .debug_frame   0x000001e0       0x84 ./Core/Src/irq.o
 .debug_frame   0x00000264       0x68 ./Core/Src/main.o
 .debug_frame   0x000002cc       0xb0 ./Core/Src/nextion_com.o
 .debug_frame   0x0000037c      0x338 ./Core/Src/nrf24l01p.o
 .debug_frame   0x000006b4       0x74 ./Core/Src/spi.o
 .debug_frame   0x00000728       0x38 ./Core/Src/stm32l1xx_hal_msp.o
 .debug_frame   0x00000760      0x1e4 ./Core/Src/stm32l1xx_it.o
 .debug_frame   0x00000944       0x58 ./Core/Src/system_stm32l1xx.o
 .debug_frame   0x0000099c       0x38 ./Core/Src/thermistor.o
 .debug_frame   0x000009d4       0x7c ./Core/Src/tim.o
 .debug_frame   0x00000a50      0x124 ./Core/Src/uart_dma.o
 .debug_frame   0x00000b74       0x74 ./Core/Src/usart.o
 .debug_frame   0x00000be8      0x33c ./Drivers/STM32L1xx_HAL_Driver/Src/stm32l1xx_hal.o
 .debug_frame   0x00000f24      0x40c ./Drivers/STM32L1xx_HAL_Driver/Src/stm32l1xx_hal_adc.o
 .debug_frame   0x00001330      0x140 ./Drivers/STM32L1xx_HAL_Driver/Src/stm32l1xx_hal_adc_ex.o
 .debug_frame   0x00001470      0x4e8 ./Drivers/STM32L1xx_HAL_Driver/Src/stm32l1xx_hal_cortex.o
 .debug_frame   0x00001958      0x204 ./Drivers/STM32L1xx_HAL_Driver/Src/stm32l1xx_hal_dma.o
 .debug_frame   0x00001b5c      0x14c ./Drivers/STM32L1xx_HAL_Driver/Src/stm32l1xx_hal_gpio.o
 .debug_frame   0x00001ca8      0x224 ./Drivers/STM32L1xx_HAL_Driver/Src/stm32l1xx_hal_rcc.o
 .debug_frame   0x00001ecc      0x828 ./Drivers/STM32L1xx_HAL_Driver/Src/stm32l1xx_hal_spi.o
 .debug_frame   0x000026f4     0x11b4 ./Drivers/STM32L1xx_HAL_Driver/Src/stm32l1xx_hal_tim.o
 .debug_frame   0x000038a8      0x944 ./Drivers/STM32L1xx_HAL_Driver/Src/stm32l1xx_hal_uart.o
 .debug_frame   0x000041ec       0x20 C:/ST/STM32CubeIDE_1.18.0/STM32CubeIDE/plugins/com.st.stm32cube.ide.mcu.externaltools.gnu-tools-for-stm32.13.3.rel1.win32_1.0.0.202411081344/tools/bin/../lib/gcc/arm-none-eabi/13.3.1/../../../../arm-none-eabi/lib/thumb/v7-m/nofp\libc_nano.a(libc_a-memset.o)
 .debug_frame   0x0000420c       0x2c C:/ST/STM32CubeIDE_1.18.0/STM32CubeIDE/plugins/com.st.stm32cube.ide.mcu.externaltools.gnu-tools-for-stm32.13.3.rel1.win32_1.0.0.202411081344/tools/bin/../lib/gcc/arm-none-eabi/13.3.1/../../../../arm-none-eabi/lib/thumb/v7-m/nofp\libc_nano.a(libc_a-init.o)
 .debug_frame   0x00004238       0x2c C:/ST/STM32CubeIDE_1.18.0/STM32CubeIDE/plugins/com.st.stm32cube.ide.mcu.externaltools.gnu-tools-for-stm32.13.3.rel1.win32_1.0.0.202411081344/tools/bin/../lib/gcc/arm-none-eabi/13.3.1/thumb/v7-m/nofp\libgcc.a(_aeabi_uldivmod.o)
 .debug_frame   0x00004264       0x34 C:/ST/STM32CubeIDE_1.18.0/STM32CubeIDE/plugins/com.st.stm32cube.ide.mcu.externaltools.gnu-tools-for-stm32.13.3.rel1.win32_1.0.0.202411081344/tools/bin/../lib/gcc/arm-none-eabi/13.3.1/thumb/v7-m/nofp\libgcc.a(_udivmoddi4.o)

.debug_line_str
                0x00000000       0x61
 .debug_line_str
                0x00000000       0x61 ./Core/Startup/startup_stm32l151c8tx.o
