Archive member included to satisfy reference by file (symbol)

C:/ST/STM32CubeIDE_1.18.0/STM32CubeIDE/plugins/com.st.stm32cube.ide.mcu.externaltools.gnu-tools-for-stm32.13.3.rel1.win32_1.0.0.202411081344/tools/bin/../lib/gcc/arm-none-eabi/13.3.1/../../../../arm-none-eabi/lib/thumb/v7-m/nofp\libc_nano.a(libc_a-atoi.o)
                              ./Core/Src/cycle.o (atoi)
C:/ST/STM32CubeIDE_1.18.0/STM32CubeIDE/plugins/com.st.stm32cube.ide.mcu.externaltools.gnu-tools-for-stm32.13.3.rel1.win32_1.0.0.202411081344/tools/bin/../lib/gcc/arm-none-eabi/13.3.1/../../../../arm-none-eabi/lib/thumb/v7-m/nofp\libc_nano.a(libc_a-exit.o)
                              C:/ST/STM32CubeIDE_1.18.0/STM32CubeIDE/plugins/com.st.stm32cube.ide.mcu.externaltools.gnu-tools-for-stm32.13.3.rel1.win32_1.0.0.202411081344/tools/bin/../lib/gcc/arm-none-eabi/13.3.1/../../../../arm-none-eabi/lib/thumb/v7-m/nofp/crt0.o (exit)
C:/ST/STM32CubeIDE_1.18.0/STM32CubeIDE/plugins/com.st.stm32cube.ide.mcu.externaltools.gnu-tools-for-stm32.13.3.rel1.win32_1.0.0.202411081344/tools/bin/../lib/gcc/arm-none-eabi/13.3.1/../../../../arm-none-eabi/lib/thumb/v7-m/nofp\libc_nano.a(libc_a-strtol.o)
                              C:/ST/STM32CubeIDE_1.18.0/STM32CubeIDE/plugins/com.st.stm32cube.ide.mcu.externaltools.gnu-tools-for-stm32.13.3.rel1.win32_1.0.0.202411081344/tools/bin/../lib/gcc/arm-none-eabi/13.3.1/../../../../arm-none-eabi/lib/thumb/v7-m/nofp\libc_nano.a(libc_a-atoi.o) (_strtol_r)
C:/ST/STM32CubeIDE_1.18.0/STM32CubeIDE/plugins/com.st.stm32cube.ide.mcu.externaltools.gnu-tools-for-stm32.13.3.rel1.win32_1.0.0.202411081344/tools/bin/../lib/gcc/arm-none-eabi/13.3.1/../../../../arm-none-eabi/lib/thumb/v7-m/nofp\libc_nano.a(libc_a-ctype_.o)
                              C:/ST/STM32CubeIDE_1.18.0/STM32CubeIDE/plugins/com.st.stm32cube.ide.mcu.externaltools.gnu-tools-for-stm32.13.3.rel1.win32_1.0.0.202411081344/tools/bin/../lib/gcc/arm-none-eabi/13.3.1/../../../../arm-none-eabi/lib/thumb/v7-m/nofp\libc_nano.a(libc_a-strtol.o) (_ctype_)
C:/ST/STM32CubeIDE_1.18.0/STM32CubeIDE/plugins/com.st.stm32cube.ide.mcu.externaltools.gnu-tools-for-stm32.13.3.rel1.win32_1.0.0.202411081344/tools/bin/../lib/gcc/arm-none-eabi/13.3.1/../../../../arm-none-eabi/lib/thumb/v7-m/nofp\libc_nano.a(libc_a-findfp.o)
                              C:/ST/STM32CubeIDE_1.18.0/STM32CubeIDE/plugins/com.st.stm32cube.ide.mcu.externaltools.gnu-tools-for-stm32.13.3.rel1.win32_1.0.0.202411081344/tools/bin/../lib/gcc/arm-none-eabi/13.3.1/../../../../arm-none-eabi/lib/thumb/v7-m/nofp\libc_nano.a(libc_a-exit.o) (__stdio_exit_handler)
C:/ST/STM32CubeIDE_1.18.0/STM32CubeIDE/plugins/com.st.stm32cube.ide.mcu.externaltools.gnu-tools-for-stm32.13.3.rel1.win32_1.0.0.202411081344/tools/bin/../lib/gcc/arm-none-eabi/13.3.1/../../../../arm-none-eabi/lib/thumb/v7-m/nofp\libc_nano.a(libc_a-fwalk.o)
                              C:/ST/STM32CubeIDE_1.18.0/STM32CubeIDE/plugins/com.st.stm32cube.ide.mcu.externaltools.gnu-tools-for-stm32.13.3.rel1.win32_1.0.0.202411081344/tools/bin/../lib/gcc/arm-none-eabi/13.3.1/../../../../arm-none-eabi/lib/thumb/v7-m/nofp\libc_nano.a(libc_a-findfp.o) (_fwalk_sglue)
C:/ST/STM32CubeIDE_1.18.0/STM32CubeIDE/plugins/com.st.stm32cube.ide.mcu.externaltools.gnu-tools-for-stm32.13.3.rel1.win32_1.0.0.202411081344/tools/bin/../lib/gcc/arm-none-eabi/13.3.1/../../../../arm-none-eabi/lib/thumb/v7-m/nofp\libc_nano.a(libc_a-stdio.o)
                              C:/ST/STM32CubeIDE_1.18.0/STM32CubeIDE/plugins/com.st.stm32cube.ide.mcu.externaltools.gnu-tools-for-stm32.13.3.rel1.win32_1.0.0.202411081344/tools/bin/../lib/gcc/arm-none-eabi/13.3.1/../../../../arm-none-eabi/lib/thumb/v7-m/nofp\libc_nano.a(libc_a-findfp.o) (__sread)
C:/ST/STM32CubeIDE_1.18.0/STM32CubeIDE/plugins/com.st.stm32cube.ide.mcu.externaltools.gnu-tools-for-stm32.13.3.rel1.win32_1.0.0.202411081344/tools/bin/../lib/gcc/arm-none-eabi/13.3.1/../../../../arm-none-eabi/lib/thumb/v7-m/nofp\libc_nano.a(libc_a-memset.o)
                              C:/ST/STM32CubeIDE_1.18.0/STM32CubeIDE/plugins/com.st.stm32cube.ide.mcu.externaltools.gnu-tools-for-stm32.13.3.rel1.win32_1.0.0.202411081344/tools/bin/../lib/gcc/arm-none-eabi/13.3.1/../../../../arm-none-eabi/lib/thumb/v7-m/nofp/crt0.o (memset)
C:/ST/STM32CubeIDE_1.18.0/STM32CubeIDE/plugins/com.st.stm32cube.ide.mcu.externaltools.gnu-tools-for-stm32.13.3.rel1.win32_1.0.0.202411081344/tools/bin/../lib/gcc/arm-none-eabi/13.3.1/../../../../arm-none-eabi/lib/thumb/v7-m/nofp\libc_nano.a(libc_a-strncmp.o)
                              ./Core/Src/cycle.o (strncmp)
C:/ST/STM32CubeIDE_1.18.0/STM32CubeIDE/plugins/com.st.stm32cube.ide.mcu.externaltools.gnu-tools-for-stm32.13.3.rel1.win32_1.0.0.202411081344/tools/bin/../lib/gcc/arm-none-eabi/13.3.1/../../../../arm-none-eabi/lib/thumb/v7-m/nofp\libc_nano.a(libc_a-strstr.o)
                              ./Core/Src/cycle.o (strstr)
[...]
Memory Configuration

Name             Origin             Length             Attributes
RAM              0x20000000         0x00002800         xrw
FLASH            0x08000000         0x00010000         xr
*default*        0x00000000         0xffffffff

Linker script and memory map

LOAD C:/ST/STM32CubeIDE_1.18.0/STM32CubeIDE/plugins/com.st.stm32cube.ide.mcu.externaltools.gnu-tools-for-stm32.13.3.rel1.win32_1.0.0.202411081344/tools/bin/../lib/gcc/arm-none-eabi/13.3.1/thumb/v7-m/nofp/crti.o
LOAD C:/ST/STM32CubeIDE_1.18.0/STM32CubeIDE/plugins/com.st.stm32cube.ide.mcu.externaltools.gnu-tools-for-stm32.13.3.rel1.win32_1.0.0.202411081344/tools/bin/../lib/gcc/arm-none-eabi/13.3.1/thumb/v7-m/nofp/crtbegin.o
LOAD C:/ST/STM32CubeIDE_1.18.0/STM32CubeIDE/plugins/com.st.stm32cube.ide.mcu.externaltools.gnu-tools-for-stm32.13.3.rel1.win32_1.0.0.202411081344/tools/bin/../lib/gcc/arm-none-eabi/13.3.1/../../../../arm-none-eabi/lib/thumb/v7-m/nofp/crt0.o
LOAD ./Core/Src/adc.o
LOAD ./Core/Src/cycle.o
LOAD ./Core/Src/delay_us.o
LOAD ./Core/Src/dma.o
LOAD ./Core/Src/gpio.o
LOAD ./Core/Src/init.o
LOAD ./Core/Src/irq.o
LOAD ./Core/Src/main.o
LOAD ./Core/Src/nextion_com.o
LOAD ./Core/Src/nrf24l01p.o
LOAD ./Core/Src/spi.o
LOAD ./Core/Src/stm32l1xx_hal_msp.o
LOAD ./Core/Src/stm32l1xx_it.o
LOAD ./Core/Src/syscalls.o
LOAD ./Core/Src/sysmem.o
LOAD ./Core/Src/system_stm32l1xx.o
LOAD ./Core/Src/thermistor.o
LOAD ./Core/Src/tim.o
LOAD ./Core/Src/uart_cmd.o
LOAD ./Core/Src/uart_dma.o
LOAD ./Core/Src/usart.o
LOAD ./Core/Startup/startup_stm32l151c8tx.o
LOAD ./Drivers/STM32L1xx_HAL_Driver/Src/stm32l1xx_hal.o
LOAD ./Drivers/STM32L1xx_HAL_Driver/Src/stm32l1xx_hal_adc.o
LOAD ./Drivers/STM32L1xx_HAL_Driver/Src/stm32l1xx_hal_adc_ex.o
LOAD ./Drivers/STM32L1xx_HAL_Driver/Src/stm32l1xx_hal_cortex.o
LOAD ./Drivers/STM32L1xx_HAL_Driver/Src/stm32l1xx_hal_dma.o
LOAD ./Drivers/STM32L1xx_HAL_Driver/Src/stm32l1xx_hal_exti.o
LOAD ./Drivers/STM32L1xx_HAL_Driver/Src/stm32l1xx_hal_flash.o
LOAD ./Drivers/STM32L1xx_HAL_Driver/Src/stm32l1xx_hal_flash_ex.o
LOAD ./Drivers/STM32L1xx_HAL_Driver/Src/stm32l1xx_hal_flash_ramfunc.o
LOAD ./Drivers/STM32L1xx_HAL_Driver/Src/stm32l1xx_hal_gpio.o
LOAD ./Drivers/STM32L1xx_HAL_Driver/Src/stm32l1xx_hal_pwr.o
LOAD ./Drivers/STM32L1xx_HAL_Driver/Src/stm32l1xx_hal_pwr_ex.o
LOAD ./Drivers/STM32L1xx_HAL_Driver/Src/stm32l1xx_hal_rcc.o
LOAD ./Drivers/STM32L1xx_HAL_Driver/Src/stm32l1xx_hal_rcc_ex.o
LOAD ./Drivers/STM32L1xx_HAL_Driver/Src/stm32l1xx_hal_spi.o
LOAD ./Drivers/STM32L1xx_HAL_Driver/Src/stm32l1xx_hal_tim.o
LOAD ./Drivers/STM32L1xx_HAL_Driver/Src/stm32l1xx_hal_tim_ex.o
LOAD ./Drivers/STM32L1xx_HAL_Driver/Src/stm32l1xx_hal_uart.o
START GROUP
LOAD C:/ST/STM32CubeIDE_1.18.0/STM32CubeIDE/plugins/com.st.stm32cube.ide.mcu.externaltools.gnu-tools-for-stm32.13.3.rel1.win32_1.0.0.202411081344/tools/bin/../lib/gcc/arm-none-eabi/13.3.1/../../../../arm-none-eabi/lib/thumb/v7-m/nofp\libc_nano.a
LOAD C:/ST/STM32CubeIDE_1.18.0/STM32CubeIDE/plugins/com.st.stm32cube.ide.mcu.externaltools.gnu-tools-for-stm32.13.3.rel1.win32_1.0.0.202411081344/tools/bin/../lib/gcc/arm-none-eabi/13.3.1/../../../../arm-none-eabi/lib/thumb/v7-m/nofp\libm.a
END GROUP
START GROUP
LOAD C:/ST/STM32CubeIDE_1.18.0/STM32CubeIDE/plugins/com.st.stm32cube.ide.mcu.externaltools.gnu-tools-for-stm32.13.3.rel1.win32_1.0.0.202411081344/tools/bin/../lib/gcc/arm-none-eabi/13.3.1/thumb/v7-m/nofp\libgcc.a
LOAD C:/ST/STM32CubeIDE_1.18.0/STM32CubeIDE/plugins/com.st.stm32cube.ide.mcu.externaltools.gnu-tools-for-stm32.13.3.rel1.win32_1.0.0.202411081344/tools/bin/../lib/gcc/arm-none-eabi/13.3.1/../../../../arm-none-eabi/lib/thumb/v7-m/nofp\libc_nano.a
END GROUP
START GROUP
LOAD C:/ST/STM32CubeIDE_1.18.0/STM32CubeIDE/plugins/com.st.stm32cube.ide.mcu.externaltools.gnu-tools-for-stm32.13.3.rel1.win32_1.0.0.202411081344/tools/bin/../lib/gcc/arm-none-eabi/13.3.1/thumb/v7-m/nofp\libgcc.a
LOAD C:/ST/STM32CubeIDE_1.18.0/STM32CubeIDE/plugins/com.st.stm32cube.ide.mcu.externaltools.gnu-tools-for-stm32.13.3.rel1.win32_1.0.0.202411081344/tools/bin/../lib/gcc/arm-none-eabi/13.3.1/../../../../arm-none-eabi/lib/thumb/v7-m/nofp\libc_nano.a
LOAD C:/ST/STM32CubeIDE_1.18.0/STM32CubeIDE/plugins/com.st.stm32cube.ide.mcu.externaltools.gnu-tools-for-stm32.13.3.rel1.win32_1.0.0.202411081344/tools/bin/../lib/gcc/arm-none-eabi/13.3.1/../../../../arm-none-eabi/lib/thumb/v7-m/nofp\libnosys.a
END GROUP
START GROUP
LOAD C:/ST/STM32CubeIDE_1.18.0/STM32CubeIDE/plugins/com.st.stm32cube.ide.mcu.externaltools.gnu-tools-for-stm32.13.3.rel1.win32_1.0.0.202411081344/tools/bin/../lib/gcc/arm-none-eabi/13.3.1/thumb/v7-m/nofp\libgcc.a
LOAD C:/ST/STM32CubeIDE_1.18.0/STM32CubeIDE/plugins/com.st.stm32cube.ide.mcu.externaltools.gnu-tools-for-stm32.13.3.rel1.win32_1.0.0.202411081344/tools/bin/../lib/gcc/arm-none-eabi/13.3.1/../../../../arm-none-eabi/lib/thumb/v7-m/nofp\libc_nano.a
LOAD C:/ST/STM32CubeIDE_1.18.0/STM32CubeIDE/plugins/com.st.stm32cube.ide.mcu.externaltools.gnu-tools-for-stm32.13.3.rel1.win32_1.0.0.202411081344/tools/bin/../lib/gcc/arm-none-eabi/13.3.1/../../../../arm-none-eabi/lib/thumb/v7-m/nofp\libnosys.a
END GROUP
LOAD C:/ST/STM32CubeIDE_1.18.0/STM32CubeIDE/plugins/com.st.stm32cube.ide.mcu.externaltools.gnu-tools-for-stm32.13.3.rel1.win32_1.0.0.202411081344/tools/bin/../lib/gcc/arm-none-eabi/13.3.1/thumb/v7-m/nofp/crtend.o
LOAD C:/ST/STM32CubeIDE_1.18.0/STM32CubeIDE/plugins/com.st.stm32cube.ide.mcu.externaltools.gnu-tools-for-stm32.13.3.rel1.win32_1.0.0.202411081344/tools/bin/../lib/gcc/arm-none-eabi/13.3.1/thumb/v7-m/nofp/crtn.o
                0x20002800                        _estack = (ORIGIN (RAM) + LENGTH (RAM))
                0x00000200                        _Min_Heap_Size = 0x200
                0x00000400                        _Min_Stack_Size = 0x400

.isr_vector     0x08000000      0x13c
                0x08000000                        . = ALIGN (0x4)
 *(.isr_vector)
 .isr_vector    0x08000000      0x13c ./Core/Startup/startup_stm32l151c8tx.o
                0x08000000                g_pfnVectors
                0x0800013c                        . = ALIGN (0x4)

.text           0x0800013c     0x64f8
                0x0800013c                        . = ALIGN (0x4)
 *(.text)
 .text          0x0800013c       0x40 C:/ST/STM32CubeIDE_1.18.0/STM32CubeIDE/plugins/com.st.stm32cube.ide.mcu.externaltools.gnu-tools-for-stm32.13.3.rel1.win32_1.0.0.202411081344/tools/bin/../lib/gcc/arm-none-eabi/13.3.1/thumb/v7-m/nofp/crtbegin.o
 .text          0x0800017c       0x30 C:/ST/STM32CubeIDE_1.18.0/STM32CubeIDE/plugins/com.st.stm32cube.ide.mcu.externaltools.gnu-tools-for-stm32.13.3.rel1.win32_1.0.0.202411081344/tools/bin/../lib/gcc/arm-none-eabi/13.3.1/thumb/v7-m/nofp\libgcc.a(_aeabi_uldivmod.o)
                0x0800017c                __aeabi_uldivmod
 .text          0x080001ac      0x300 C:/ST/STM32CubeIDE_1.18.0/STM32CubeIDE/plugins/com.st.stm32cube.ide.mcu.externaltools.gnu-tools-for-stm32.13.3.rel1.win32_1.0.0.202411081344/tools/bin/../lib/gcc/arm-none-eabi/13.3.1/thumb/v7-m/nofp\libgcc.a(_udivmoddi4.o)
                0x080001ac                __udivmoddi4
 .text          0x080004ac        0x4 C:/ST/STM32CubeIDE_1.18.0/STM32CubeIDE/plugins/com.st.stm32cube.ide.mcu.externaltools.gnu-tools-for-stm32.13.3.rel1.win32_1.0.0.202411081344/tools/bin/../lib/gcc/arm-none-eabi/13.3.1/thumb/v7-m/nofp\libgcc.a(_dvmd_tls.o)
                0x080004ac                __aeabi_idiv0
                0x080004ac                __aeabi_ldiv0
 *(.text*)
 .text.MX_ADC_Init
                0x080004b0       0xec ./Core/Src/adc.o
                0x080004b0                MX_ADC_Init
 .text.HAL_ADC_MspInit
                0x0800059c       0xe8 ./Core/Src/adc.o
                0x0800059c                HAL_ADC_MspInit
 .text.process_uart
                0x08000684       0x8c ./Core/Src/cycle.o
 .text.adc_filter
                0x08000710       0xc8 ./Core/Src/cycle.o
 .text.process_adc_values
                0x080007d8       0x74 ./Core/Src/cycle.o
                0x080007d8                process_adc_values
 .text.cycle    0x0800084c       0xac ./Core/Src/cycle.o
                0x0800084c                cycle
 .text.delay_us_init
                0x080008f8       0x50 ./Core/Src/delay_us.o
                0x080008f8                delay_us_init
 .text.delay_us
                0x08000948       0x40 ./Core/Src/delay_us.o
                0x08000948                delay_us
 .text.MX_DMA_Init
                0x08000988       0x5c ./Core/Src/dma.o
                0x08000988                MX_DMA_Init
 .text.MX_GPIO_Init
                0x080009e4       0xb8 ./Core/Src/gpio.o
                0x080009e4                MX_GPIO_Init
 .text.init     0x08000a9c       0x4c ./Core/Src/init.o
                0x08000a9c                init
 .text.HAL_TIM_PeriodElapsedCallback
                0x08000ae8       0x2c ./Core/Src/irq.o
                0x08000ae8                HAL_TIM_PeriodElapsedCallback
 .text.HAL_GPIO_EXTI_Callback
                0x08000b14       0x30 ./Core/Src/irq.o
                0x08000b14                HAL_GPIO_EXTI_Callback
 .text.HAL_UARTEx_RxEventCallback
                0x08000b44       0x40 ./Core/Src/irq.o
                0x08000b44                HAL_UARTEx_RxEventCallback
 .text.main     0x08000b84       0x36 ./Core/Src/main.o
                0x08000b84                main
 *fill*         0x08000bba        0x2 
 .text.SystemClock_Config
                0x08000bbc       0x9c ./Core/Src/main.o
                0x08000bbc                SystemClock_Config
 .text.Error_Handler
                0x08000c58        0xc ./Core/Src/main.o
                0x08000c58                Error_Handler
 .text.battery_level_from_mv
                0x08000c64       0x3c ./Core/Src/nextion_com.o
 .text.build_nextion_msg
                0x08000ca0      0x1c8 ./Core/Src/nextion_com.o
 .text.append_nextion_txt_value
                0x08000e68       0xcc ./Core/Src/nextion_com.o
 .text.append_nextion_val
                0x08000f34       0xbc ./Core/Src/nextion_com.o
 .text.SendDataNextion
                0x08000ff0      0x158 ./Core/Src/nextion_com.o
                0x08000ff0                SendDataNextion
 .text.cs_high  0x08001148       0x18 ./Core/Src/nrf24l01p.o
 .text.cs_low   0x08001160       0x18 ./Core/Src/nrf24l01p.o
 .text.ce_high  0x08001178       0x18 ./Core/Src/nrf24l01p.o
 .text.ce_low   0x08001190       0x18 ./Core/Src/nrf24l01p.o
 .text.read_register
                0x080011a8       0x4c ./Core/Src/nrf24l01p.o
 .text.write_register
                0x080011f4       0x4c ./Core/Src/nrf24l01p.o
 .text.write_address
                0x08001240       0x50 ./Core/Src/nrf24l01p.o
 .text.nrf24l01p_reset
                0x08001290       0x68 ./Core/Src/nrf24l01p.o
                0x08001290                nrf24l01p_reset
 .text.nrf24l01p_power_up
                0x080012f8       0x28 ./Core/Src/nrf24l01p.o
                0x080012f8                nrf24l01p_power_up
 .text.nrf24l01p_prx_mode
                0x08001320       0x28 ./Core/Src/nrf24l01p.o
                0x08001320                nrf24l01p_prx_mode
 .text.nrf24l01p_ptx_mode
                0x08001348       0x28 ./Core/Src/nrf24l01p.o
                0x08001348                nrf24l01p_ptx_mode
 .text.nrf24l01p_set_rf_channel
                0x08001370       0x22 ./Core/Src/nrf24l01p.o
                0x08001370                nrf24l01p_set_rf_channel
 .text.nrf24l01p_set_rf_air_data_rate
                0x08001392       0x48 ./Core/Src/nrf24l01p.o
                0x08001392                nrf24l01p_set_rf_air_data_rate
 .text.nrf24l01p_set_rf_tx_output_power
                0x080013da       0x3c ./Core/Src/nrf24l01p.o
                0x080013da                nrf24l01p_set_rf_tx_output_power
 *fill*         0x08001416        0x2 
 .text.nrf24l01p_flush_tx_fifo
                0x08001418       0x2c ./Core/Src/nrf24l01p.o
                0x08001418                nrf24l01p_flush_tx_fifo
 .text.nrf24l01p_flush_rx_fifo
                0x08001444       0x2c ./Core/Src/nrf24l01p.o
                0x08001444                nrf24l01p_flush_rx_fifo
 .text.nrf24l01p_rx_init
                0x08001470       0x5c ./Core/Src/nrf24l01p.o
                0x08001470                nrf24l01p_rx_init
 .text.nrf24l01p_tx_transmit
                0x080014cc       0x58 ./Core/Src/nrf24l01p.o
                0x080014cc                nrf24l01p_tx_transmit
 .text.nrf24l01p_rx_receive
                0x08001524       0x48 ./Core/Src/nrf24l01p.o
                0x08001524                nrf24l01p_rx_receive
 .text.nrf24l01p_switch_rx_to_tx
                0x0800156c       0x26 ./Core/Src/nrf24l01p.o
                0x0800156c                nrf24l01p_switch_rx_to_tx
 .text.nrf24l01p_switch_tx_to_rx
                0x08001592       0x2a ./Core/Src/nrf24l01p.o
                0x08001592                nrf24l01p_switch_tx_to_rx
 .text.MX_SPI1_Init
                0x080015bc       0x60 ./Core/Src/spi.o
                0x080015bc                MX_SPI1_Init
 .text.HAL_SPI_MspInit
                0x0800161c       0x98 ./Core/Src/spi.o
                0x0800161c                HAL_SPI_MspInit
 .text.HAL_MspInit
                0x080016b4       0x5c ./Core/Src/stm32l1xx_hal_msp.o
                0x080016b4                HAL_MspInit
 .text.NMI_Handler
                0x08001710        0x8 ./Core/Src/stm32l1xx_it.o
                0x08001710                NMI_Handler
 .text.HardFault_Handler
                0x08001718        0x8 ./Core/Src/stm32l1xx_it.o
                0x08001718                HardFault_Handler
 .text.MemManage_Handler
                0x08001720        0x8 ./Core/Src/stm32l1xx_it.o
                0x08001720                MemManage_Handler
 .text.BusFault_Handler
                0x08001728        0x8 ./Core/Src/stm32l1xx_it.o
                0x08001728                BusFault_Handler
 .text.UsageFault_Handler
                0x08001730        0x8 ./Core/Src/stm32l1xx_it.o
                0x08001730                UsageFault_Handler
 .text.SVC_Handler
                0x08001738        0xc ./Core/Src/stm32l1xx_it.o
                0x08001738                SVC_Handler
 .text.DebugMon_Handler
                0x08001744        0xc ./Core/Src/stm32l1xx_it.o
                0x08001744                DebugMon_Handler
 .text.PendSV_Handler
                0x08001750        0xc ./Core/Src/stm32l1xx_it.o
                0x08001750                PendSV_Handler
 .text.SysTick_Handler
                0x0800175c        0xc ./Core/Src/stm32l1xx_it.o
                0x0800175c                SysTick_Handler
 .text.DMA1_Channel1_IRQHandler
                0x08001768       0x14 ./Core/Src/stm32l1xx_it.o
                0x08001768                DMA1_Channel1_IRQHandler
 .text.DMA1_Channel2_IRQHandler
                0x0800177c       0x14 ./Core/Src/stm32l1xx_it.o
                0x0800177c                DMA1_Channel2_IRQHandler
 .text.DMA1_Channel3_IRQHandler
                0x08001790       0x14 ./Core/Src/stm32l1xx_it.o
                0x08001790                DMA1_Channel3_IRQHandler
 .text.ADC1_IRQHandler
                0x080017a4       0x14 ./Core/Src/stm32l1xx_it.o
                0x080017a4                ADC1_IRQHandler
 .text.TIM11_IRQHandler
                0x080017b8       0x14 ./Core/Src/stm32l1xx_it.o
                0x080017b8                TIM11_IRQHandler
 .text.SPI1_IRQHandler
                0x080017cc       0x14 ./Core/Src/stm32l1xx_it.o
                0x080017cc                SPI1_IRQHandler
 .text.USART3_IRQHandler
                0x080017e0       0x14 ./Core/Src/stm32l1xx_it.o
                0x080017e0                USART3_IRQHandler
 .text.EXTI15_10_IRQHandler
                0x080017f4       0x10 ./Core/Src/stm32l1xx_it.o
                0x080017f4                EXTI15_10_IRQHandler
 .text.SystemInit
                0x08001804        0xc ./Core/Src/system_stm32l1xx.o
                0x08001804                SystemInit
 .text.NTC_ADC2Temperature
                0x08001810       0x48 ./Core/Src/thermistor.o
                0x08001810                NTC_ADC2Temperature
 .text.MX_TIM11_Init
                0x08001858       0x74 ./Core/Src/tim.o
                0x08001858                MX_TIM11_Init
 .text.HAL_TIM_Base_MspInit
                0x080018cc       0x4c ./Core/Src/tim.o
                0x080018cc                HAL_TIM_Base_MspInit
 .text.uart_cmd_push
                0x08001918       0xb4 ./Core/Src/uart_cmd.o
                0x08001918                uart_cmd_push
 .text.uart_cmd_pop
                0x080019cc       0x78 ./Core/Src/uart_cmd.o
                0x080019cc                uart_cmd_pop
 .text.uart_tx_write
                0x08001a44       0xc8 ./Core/Src/uart_dma.o
                0x08001a44                uart_tx_write
 .text.uart_tx_start_dma
                0x08001b0c       0x88 ./Core/Src/uart_dma.o
 .text.HAL_UART_TxCpltCallback
                0x08001b94       0x60 ./Core/Src/uart_dma.o
                0x08001b94                HAL_UART_TxCpltCallback
 .text.MX_USART3_UART_Init
                0x08001bf4       0x54 ./Core/Src/usart.o
                0x08001bf4                MX_USART3_UART_Init
 .text.HAL_UART_MspInit
                0x08001c48      0x144 ./Core/Src/usart.o
                0x08001c48                HAL_UART_MspInit
 .text.Reset_Handler
                0x08001d8c       0x48 ./Core/Startup/startup_stm32l151c8tx.o
                0x08001d8c                Reset_Handler
 .text.Default_Handler
                0x08001dd4        0x2 ./Core/Startup/startup_stm32l151c8tx.o
                0x08001dd4                RTC_Alarm_IRQHandler
                0x08001dd4                EXTI2_IRQHandler
                0x08001dd4                TIM10_IRQHandler
                0x08001dd4                USB_HP_IRQHandler
                0x08001dd4                TIM6_IRQHandler
                0x08001dd4                PVD_IRQHandler
                0x08001dd4                EXTI3_IRQHandler
                0x08001dd4                EXTI0_IRQHandler
                0x08001dd4                I2C2_EV_IRQHandler
                0x08001dd4                USB_FS_WKUP_IRQHandler
                0x08001dd4                DMA1_Channel4_IRQHandler
                0x08001dd4                DMA1_Channel7_IRQHandler
                0x08001dd4                TIM4_IRQHandler
                0x08001dd4                I2C1_EV_IRQHandler
                0x08001dd4                DMA1_Channel6_IRQHandler
                0x08001dd4                TIM3_IRQHandler
                0x08001dd4                RCC_IRQHandler
                0x08001dd4                Default_Handler
                0x08001dd4                TIM7_IRQHandler
                0x08001dd4                EXTI9_5_IRQHandler
                0x08001dd4                TIM9_IRQHandler
                0x08001dd4                TAMPER_STAMP_IRQHandler
                0x08001dd4                RTC_WKUP_IRQHandler
                0x08001dd4                SPI2_IRQHandler
                0x08001dd4                DMA1_Channel5_IRQHandler
                0x08001dd4                USB_LP_IRQHandler
                0x08001dd4                EXTI4_IRQHandler
                0x08001dd4                COMP_IRQHandler
                0x08001dd4                WWDG_IRQHandler
                0x08001dd4                TIM2_IRQHandler
                0x08001dd4                DAC_IRQHandler
                0x08001dd4                EXTI1_IRQHandler
                0x08001dd4                USART2_IRQHandler
                0x08001dd4                I2C2_ER_IRQHandler
                0x08001dd4                FLASH_IRQHandler
                0x08001dd4                USART1_IRQHandler
                0x08001dd4                I2C1_ER_IRQHandler
 .text.HAL_Init
                0x08001dd6       0x30 ./Drivers/STM32L1xx_HAL_Driver/Src/stm32l1xx_hal.o
                0x08001dd6                HAL_Init
 *fill*         0x08001e06        0x2 
 .text.HAL_InitTick
                0x08001e08       0x74 ./Drivers/STM32L1xx_HAL_Driver/Src/stm32l1xx_hal.o
                0x08001e08                HAL_InitTick
 .text.HAL_IncTick
                0x08001e7c       0x24 ./Drivers/STM32L1xx_HAL_Driver/Src/stm32l1xx_hal.o
                0x08001e7c                HAL_IncTick
 .text.HAL_GetTick
                0x08001ea0       0x14 ./Drivers/STM32L1xx_HAL_Driver/Src/stm32l1xx_hal.o
                0x08001ea0                HAL_GetTick
 .text.HAL_Delay
                0x08001eb4       0x44 ./Drivers/STM32L1xx_HAL_Driver/Src/stm32l1xx_hal.o
                0x08001eb4                HAL_Delay
 .text.HAL_ADC_Init
                0x08001ef8      0x28c ./Drivers/STM32L1xx_HAL_Driver/Src/stm32l1xx_hal_adc.o
                0x08001ef8                HAL_ADC_Init
 .text.HAL_ADC_Start
                0x08002184       0xc0 ./Drivers/STM32L1xx_HAL_Driver/Src/stm32l1xx_hal_adc.o
                0x08002184                HAL_ADC_Start
 .text.HAL_ADC_Start_DMA
                0x08002244      0x120 ./Drivers/STM32L1xx_HAL_Driver/Src/stm32l1xx_hal_adc.o
                0x08002244                HAL_ADC_Start_DMA
 .text.HAL_ADC_IRQHandler
                0x08002364      0x1ee ./Drivers/STM32L1xx_HAL_Driver/Src/stm32l1xx_hal_adc.o
                0x08002364                HAL_ADC_IRQHandler
 .text.HAL_ADC_ConvCpltCallback
                0x08002552       0x12 ./Drivers/STM32L1xx_HAL_Driver/Src/stm32l1xx_hal_adc.o
                0x08002552                HAL_ADC_ConvCpltCallback
 .text.HAL_ADC_ConvHalfCpltCallback
                0x08002564       0x12 ./Drivers/STM32L1xx_HAL_Driver/Src/stm32l1xx_hal_adc.o
                0x08002564                HAL_ADC_ConvHalfCpltCallback
 .text.HAL_ADC_LevelOutOfWindowCallback
                0x08002576       0x12 ./Drivers/STM32L1xx_HAL_Driver/Src/stm32l1xx_hal_adc.o
                0x08002576                HAL_ADC_LevelOutOfWindowCallback
 .text.HAL_ADC_ErrorCallback
                0x08002588       0x12 ./Drivers/STM32L1xx_HAL_Driver/Src/stm32l1xx_hal_adc.o
                0x08002588                HAL_ADC_ErrorCallback
 *fill*         0x0800259a        0x2 
 .text.HAL_ADC_ConfigChannel
                0x0800259c      0x2a0 ./Drivers/STM32L1xx_HAL_Driver/Src/stm32l1xx_hal_adc.o
                0x0800259c                HAL_ADC_ConfigChannel
 .text.ADC_Enable
                0x0800283c       0xb8 ./Drivers/STM32L1xx_HAL_Driver/Src/stm32l1xx_hal_adc.o
                0x0800283c                ADC_Enable
 .text.ADC_DMAConvCplt
                0x080028f4       0xa8 ./Drivers/STM32L1xx_HAL_Driver/Src/stm32l1xx_hal_adc.o
 .text.ADC_DMAHalfConvCplt
                0x0800299c       0x1c ./Drivers/STM32L1xx_HAL_Driver/Src/stm32l1xx_hal_adc.o
 .text.ADC_DMAError
                0x080029b8       0x34 ./Drivers/STM32L1xx_HAL_Driver/Src/stm32l1xx_hal_adc.o
 .text.HAL_ADCEx_InjectedConvCpltCallback
                0x080029ec       0x12 ./Drivers/STM32L1xx_HAL_Driver/Src/stm32l1xx_hal_adc_ex.o
                0x080029ec                HAL_ADCEx_InjectedConvCpltCallback
 *fill*         0x080029fe        0x2 
 .text.__NVIC_SetPriorityGrouping
                0x08002a00       0x48 ./Drivers/STM32L1xx_HAL_Driver/Src/stm32l1xx_hal_cortex.o
 .text.__NVIC_GetPriorityGrouping
                0x08002a48       0x1c ./Drivers/STM32L1xx_HAL_Driver/Src/stm32l1xx_hal_cortex.o
 .text.__NVIC_EnableIRQ
                0x08002a64       0x38 ./Drivers/STM32L1xx_HAL_Driver/Src/stm32l1xx_hal_cortex.o
 .text.__NVIC_SetPriority
                0x08002a9c       0x54 ./Drivers/STM32L1xx_HAL_Driver/Src/stm32l1xx_hal_cortex.o
 .text.NVIC_EncodePriority
                0x08002af0       0x64 ./Drivers/STM32L1xx_HAL_Driver/Src/stm32l1xx_hal_cortex.o
 .text.SysTick_Config
                0x08002b54       0x44 ./Drivers/STM32L1xx_HAL_Driver/Src/stm32l1xx_hal_cortex.o
 .text.HAL_NVIC_SetPriorityGrouping
                0x08002b98       0x16 ./Drivers/STM32L1xx_HAL_Driver/Src/stm32l1xx_hal_cortex.o
                0x08002b98                HAL_NVIC_SetPriorityGrouping
 .text.HAL_NVIC_SetPriority
                0x08002bae       0x38 ./Drivers/STM32L1xx_HAL_Driver/Src/stm32l1xx_hal_cortex.o
                0x08002bae                HAL_NVIC_SetPriority
 .text.HAL_NVIC_EnableIRQ
                0x08002be6       0x1c ./Drivers/STM32L1xx_HAL_Driver/Src/stm32l1xx_hal_cortex.o
                0x08002be6                HAL_NVIC_EnableIRQ
 .text.HAL_SYSTICK_Config
                0x08002c02       0x18 ./Drivers/STM32L1xx_HAL_Driver/Src/stm32l1xx_hal_cortex.o
                0x08002c02                HAL_SYSTICK_Config
 *fill*         0x08002c1a        0x2 
 .text.HAL_DMA_Init
                0x08002c1c       0xb0 ./Drivers/STM32L1xx_HAL_Driver/Src/stm32l1xx_hal_dma.o
                0x08002c1c                HAL_DMA_Init
 .text.HAL_DMA_Start_IT
                0x08002ccc       0xc0 ./Drivers/STM32L1xx_HAL_Driver/Src/stm32l1xx_hal_dma.o
                0x08002ccc                HAL_DMA_Start_IT
 .text.HAL_DMA_Abort
                0x08002d8c       0x7a ./Drivers/STM32L1xx_HAL_Driver/Src/stm32l1xx_hal_dma.o
                0x08002d8c                HAL_DMA_Abort
 .text.HAL_DMA_Abort_IT
                0x08002e06       0x82 ./Drivers/STM32L1xx_HAL_Driver/Src/stm32l1xx_hal_dma.o
                0x08002e06                HAL_DMA_Abort_IT
 .text.HAL_DMA_IRQHandler
                0x08002e88      0x15e ./Drivers/STM32L1xx_HAL_Driver/Src/stm32l1xx_hal_dma.o
                0x08002e88                HAL_DMA_IRQHandler
 .text.DMA_SetConfig
                0x08002fe6       0x5e ./Drivers/STM32L1xx_HAL_Driver/Src/stm32l1xx_hal_dma.o
 .text.HAL_GPIO_Init
                0x08003044      0x300 ./Drivers/STM32L1xx_HAL_Driver/Src/stm32l1xx_hal_gpio.o
                0x08003044                HAL_GPIO_Init
 .text.HAL_GPIO_WritePin
                0x08003344       0x30 ./Drivers/STM32L1xx_HAL_Driver/Src/stm32l1xx_hal_gpio.o
                0x08003344                HAL_GPIO_WritePin
 .text.HAL_GPIO_EXTI_IRQHandler
                0x08003374       0x30 ./Drivers/STM32L1xx_HAL_Driver/Src/stm32l1xx_hal_gpio.o
                0x08003374                HAL_GPIO_EXTI_IRQHandler
 .text.HAL_RCC_OscConfig
                0x080033a4      0x660 ./Drivers/STM32L1xx_HAL_Driver/Src/stm32l1xx_hal_rcc.o
                0x080033a4                HAL_RCC_OscConfig
 .text.HAL_RCC_ClockConfig
                0x08003a04      0x268 ./Drivers/STM32L1xx_HAL_Driver/Src/stm32l1xx_hal_rcc.o
                0x08003a04                HAL_RCC_ClockConfig
 .text.HAL_RCC_GetSysClockFreq
                0x08003c6c      0x17c ./Drivers/STM32L1xx_HAL_Driver/Src/stm32l1xx_hal_rcc.o
                0x08003c6c                HAL_RCC_GetSysClockFreq
 .text.HAL_RCC_GetHCLKFreq
                0x08003de8       0x14 ./Drivers/STM32L1xx_HAL_Driver/Src/stm32l1xx_hal_rcc.o
                0x08003de8                HAL_RCC_GetHCLKFreq
 .text.HAL_RCC_GetPCLK1Freq
                0x08003dfc       0x28 ./Drivers/STM32L1xx_HAL_Driver/Src/stm32l1xx_hal_rcc.o
                0x08003dfc                HAL_RCC_GetPCLK1Freq
 .text.HAL_RCC_GetPCLK2Freq
                0x08003e24       0x28 ./Drivers/STM32L1xx_HAL_Driver/Src/stm32l1xx_hal_rcc.o
                0x08003e24                HAL_RCC_GetPCLK2Freq
 .text.RCC_SetFlashLatencyFromMSIRange
                0x08003e4c       0xc0 ./Drivers/STM32L1xx_HAL_Driver/Src/stm32l1xx_hal_rcc.o
 .text.HAL_SPI_Init
                0x08003f0c       0xf8 ./Drivers/STM32L1xx_HAL_Driver/Src/stm32l1xx_hal_spi.o
                0x08003f0c                HAL_SPI_Init
 .text.HAL_SPI_Transmit
                0x08004004      0x288 ./Drivers/STM32L1xx_HAL_Driver/Src/stm32l1xx_hal_spi.o
                0x08004004                HAL_SPI_Transmit
 .text.HAL_SPI_Receive
                0x0800428c      0x232 ./Drivers/STM32L1xx_HAL_Driver/Src/stm32l1xx_hal_spi.o
                0x0800428c                HAL_SPI_Receive
 .text.HAL_SPI_TransmitReceive
                0x080044be      0x352 ./Drivers/STM32L1xx_HAL_Driver/Src/stm32l1xx_hal_spi.o
                0x080044be                HAL_SPI_TransmitReceive
 .text.HAL_SPI_IRQHandler
                0x08004810      0x1cc ./Drivers/STM32L1xx_HAL_Driver/Src/stm32l1xx_hal_spi.o
                0x08004810                HAL_SPI_IRQHandler
 .text.HAL_SPI_ErrorCallback
                0x080049dc       0x12 ./Drivers/STM32L1xx_HAL_Driver/Src/stm32l1xx_hal_spi.o
                0x080049dc                HAL_SPI_ErrorCallback
 .text.SPI_DMAAbortOnError
                0x080049ee       0x28 ./Drivers/STM32L1xx_HAL_Driver/Src/stm32l1xx_hal_spi.o
 *fill*         0x08004a16        0x2 
 .text.SPI_WaitFlagStateUntilTimeout
                0x08004a18      0x110 ./Drivers/STM32L1xx_HAL_Driver/Src/stm32l1xx_hal_spi.o
 .text.SPI_EndRxTransaction
                0x08004b28       0xca ./Drivers/STM32L1xx_HAL_Driver/Src/stm32l1xx_hal_spi.o
 *fill*         0x08004bf2        0x2 
 .text.SPI_EndRxTxTransaction
                0x08004bf4       0xa8 ./Drivers/STM32L1xx_HAL_Driver/Src/stm32l1xx_hal_spi.o
 .text.HAL_TIM_Base_Init
                0x08004c9c       0x7e ./Drivers/STM32L1xx_HAL_Driver/Src/stm32l1xx_hal_tim.o
                0x08004c9c                HAL_TIM_Base_Init
 *fill*         0x08004d1a        0x2 
 .text.HAL_TIM_Base_Start_IT
                0x08004d1c       0xa4 ./Drivers/STM32L1xx_HAL_Driver/Src/stm32l1xx_hal_tim.o
                0x08004d1c                HAL_TIM_Base_Start_IT
 .text.HAL_TIM_IRQHandler
                0x08004dc0      0x198 ./Drivers/STM32L1xx_HAL_Driver/Src/stm32l1xx_hal_tim.o
                0x08004dc0                HAL_TIM_IRQHandler
 .text.HAL_TIM_ConfigClockSource
                0x08004f58      0x18e ./Drivers/STM32L1xx_HAL_Driver/Src/stm32l1xx_hal_tim.o
                0x08004f58                HAL_TIM_ConfigClockSource
 .text.HAL_TIM_OC_DelayElapsedCallback
                0x080050e6       0x12 ./Drivers/STM32L1xx_HAL_Driver/Src/stm32l1xx_hal_tim.o
                0x080050e6                HAL_TIM_OC_DelayElapsedCallback
 .text.HAL_TIM_IC_CaptureCallback
                0x080050f8       0x12 ./Drivers/STM32L1xx_HAL_Driver/Src/stm32l1xx_hal_tim.o
                0x080050f8                HAL_TIM_IC_CaptureCallback
 .text.HAL_TIM_PWM_PulseFinishedCallback
                0x0800510a       0x12 ./Drivers/STM32L1xx_HAL_Driver/Src/stm32l1xx_hal_tim.o
                0x0800510a                HAL_TIM_PWM_PulseFinishedCallback
 .text.HAL_TIM_TriggerCallback
                0x0800511c       0x12 ./Drivers/STM32L1xx_HAL_Driver/Src/stm32l1xx_hal_tim.o
                0x0800511c                HAL_TIM_TriggerCallback
 *fill*         0x0800512e        0x2 
 .text.TIM_Base_SetConfig
                0x08005130       0xd0 ./Drivers/STM32L1xx_HAL_Driver/Src/stm32l1xx_hal_tim.o
 .text.TIM_TI1_ConfigInputStage
                0x08005200       0x5c ./Drivers/STM32L1xx_HAL_Driver/Src/stm32l1xx_hal_tim.o
 .text.TIM_TI2_ConfigInputStage
                0x0800525c       0x5e ./Drivers/STM32L1xx_HAL_Driver/Src/stm32l1xx_hal_tim.o
 .text.TIM_ITRx_SetConfig
                0x080052ba       0x34 ./Drivers/STM32L1xx_HAL_Driver/Src/stm32l1xx_hal_tim.o
 .text.TIM_ETR_SetConfig
                0x080052ee       0x3e ./Drivers/STM32L1xx_HAL_Driver/Src/stm32l1xx_hal_tim.o
 .text.HAL_UART_Init
                0x0800532c       0xa0 ./Drivers/STM32L1xx_HAL_Driver/Src/stm32l1xx_hal_uart.o
                0x0800532c                HAL_UART_Init
 .text.HAL_UART_Transmit_DMA
                0x080053cc       0xf8 ./Drivers/STM32L1xx_HAL_Driver/Src/stm32l1xx_hal_uart.o
                0x080053cc                HAL_UART_Transmit_DMA
 .text.HAL_UARTEx_ReceiveToIdle_DMA
                0x080054c4       0xb2 ./Drivers/STM32L1xx_HAL_Driver/Src/stm32l1xx_hal_uart.o
                0x080054c4                HAL_UARTEx_ReceiveToIdle_DMA
 *fill*         0x08005576        0x2 
 .text.HAL_UART_IRQHandler
                0x08005578      0x550 ./Drivers/STM32L1xx_HAL_Driver/Src/stm32l1xx_hal_uart.o
                0x08005578                HAL_UART_IRQHandler
 .text.HAL_UART_TxHalfCpltCallback
                0x08005ac8       0x12 ./Drivers/STM32L1xx_HAL_Driver/Src/stm32l1xx_hal_uart.o
                0x08005ac8                HAL_UART_TxHalfCpltCallback
 .text.HAL_UART_RxCpltCallback
                0x08005ada       0x12 ./Drivers/STM32L1xx_HAL_Driver/Src/stm32l1xx_hal_uart.o
                0x08005ada                HAL_UART_RxCpltCallback
 .text.HAL_UART_RxHalfCpltCallback
                0x08005aec       0x12 ./Drivers/STM32L1xx_HAL_Driver/Src/stm32l1xx_hal_uart.o
                0x08005aec                HAL_UART_RxHalfCpltCallback
 .text.HAL_UART_ErrorCallback
                0x08005afe       0x12 ./Drivers/STM32L1xx_HAL_Driver/Src/stm32l1xx_hal_uart.o
                0x08005afe                HAL_UART_ErrorCallback
 .text.UART_DMATransmitCplt
                0x08005b10       0x9a ./Drivers/STM32L1xx_HAL_Driver/Src/stm32l1xx_hal_uart.o
 .text.UART_DMATxHalfCplt
                0x08005baa       0x1c ./Drivers/STM32L1xx_HAL_Driver/Src/stm32l1xx_hal_uart.o
 .text.UART_DMAReceiveCplt
                0x08005bc6      0x12c ./Drivers/STM32L1xx_HAL_Driver/Src/stm32l1xx_hal_uart.o
 .text.UART_DMARxHalfCplt
                0x08005cf2       0x3c ./Drivers/STM32L1xx_HAL_Driver/Src/stm32l1xx_hal_uart.o
 .text.UART_DMAError
                0x08005d2e       0x94 ./Drivers/STM32L1xx_HAL_Driver/Src/stm32l1xx_hal_uart.o
 *fill*         0x08005dc2        0x2 
 .text.UART_Start_Receive_DMA
                0x08005dc4      0x14c ./Drivers/STM32L1xx_HAL_Driver/Src/stm32l1xx_hal_uart.o
                0x08005dc4                UART_Start_Receive_DMA
 .text.UART_EndTxTransfer
                0x08005f10       0x4e ./Drivers/STM32L1xx_HAL_Driver/Src/stm32l1xx_hal_uart.o
 .text.UART_EndRxTransfer
                0x08005f5e       0xc4 ./Drivers/STM32L1xx_HAL_Driver/Src/stm32l1xx_hal_uart.o
 .text.UART_DMAAbortOnError
                0x08006022       0x22 ./Drivers/STM32L1xx_HAL_Driver/Src/stm32l1xx_hal_uart.o
 .text.UART_Transmit_IT
                0x08006044       0x9e ./Drivers/STM32L1xx_HAL_Driver/Src/stm32l1xx_hal_uart.o
 .text.UART_EndTransmit_IT
                0x080060e2       0x30 ./Drivers/STM32L1xx_HAL_Driver/Src/stm32l1xx_hal_uart.o
 .text.UART_Receive_IT
                0x08006112      0x17c ./Drivers/STM32L1xx_HAL_Driver/Src/stm32l1xx_hal_uart.o
 *fill*         0x0800628e        0x2 
 .text.UART_SetConfig
                0x08006290      0x1c8 ./Drivers/STM32L1xx_HAL_Driver/Src/stm32l1xx_hal_uart.o
 .text.atoi     0x08006458        0x8 C:/ST/STM32CubeIDE_1.18.0/STM32CubeIDE/plugins/com.st.stm32cube.ide.mcu.externaltools.gnu-tools-for-stm32.13.3.rel1.win32_1.0.0.202411081344/tools/bin/../lib/gcc/arm-none-eabi/13.3.1/../../../../arm-none-eabi/lib/thumb/v7-m/nofp\libc_nano.a(libc_a-atoi.o)
                0x08006458                atoi
 .text._strtol_l.isra.0
                0x08006460       0xf4 C:/ST/STM32CubeIDE_1.18.0/STM32CubeIDE/plugins/com.st.stm32cube.ide.mcu.externaltools.gnu-tools-for-stm32.13.3.rel1.win32_1.0.0.202411081344/tools/bin/../lib/gcc/arm-none-eabi/13.3.1/../../../../arm-none-eabi/lib/thumb/v7-m/nofp\libc_nano.a(libc_a-strtol.o)
 .text.strtol   0x08006554       0x14 C:/ST/STM32CubeIDE_1.18.0/STM32CubeIDE/plugins/com.st.stm32cube.ide.mcu.externaltools.gnu-tools-for-stm32.13.3.rel1.win32_1.0.0.202411081344/tools/bin/../lib/gcc/arm-none-eabi/13.3.1/../../../../arm-none-eabi/lib/thumb/v7-m/nofp\libc_nano.a(libc_a-strtol.o)
                0x08006554                strtol
 .text.memset   0x08006568       0x10 C:/ST/STM32CubeIDE_1.18.0/STM32CubeIDE/plugins/com.st.stm32cube.ide.mcu.externaltools.gnu-tools-for-stm32.13.3.rel1.win32_1.0.0.202411081344/tools/bin/../lib/gcc/arm-none-eabi/13.3.1/../../../../arm-none-eabi/lib/thumb/v7-m/nofp\libc_nano.a(libc_a-memset.o)
                0x08006568                memset
 .text.strncmp  0x08006578       0x24 C:/ST/STM32CubeIDE_1.18.0/STM32CubeIDE/plugins/com.st.stm32cube.ide.mcu.externaltools.gnu-tools-for-stm32.13.3.rel1.win32_1.0.0.202411081344/tools/bin/../lib/gcc/arm-none-eabi/13.3.1/../../../../arm-none-eabi/lib/thumb/v7-m/nofp\libc_nano.a(libc_a-strncmp.o)
                0x08006578                strncmp
 .text.strstr   0x0800659c       0x2c C:/ST/STM32CubeIDE_1.18.0/STM32CubeIDE/plugins/com.st.stm32cube.ide.mcu.externaltools.gnu-tools-for-stm32.13.3.rel1.win32_1.0.0.202411081344/tools/bin/../lib/gcc/arm-none-eabi/13.3.1/../../../../arm-none-eabi/lib/thumb/v7-m/nofp\libc_nano.a(libc_a-strstr.o)
                0x0800659c                strstr
 .text.__errno  0x080065c8        0xc C:/ST/STM32CubeIDE_1.18.0/STM32CubeIDE/plugins/com.st.stm32cube.ide.mcu.externaltools.gnu-tools-for-stm32.13.3.rel1.win32_1.0.0.202411081344/tools/bin/../lib/gcc/arm-none-eabi/13.3.1/../../../../arm-none-eabi/lib/thumb/v7-m/nofp\libc_nano.a(libc_a-errno.o)
                0x080065c8                __errno
 .text.__libc_init_array
                0x080065d4       0x48 C:/ST/STM32CubeIDE_1.18.0/STM32CubeIDE/plugins/com.st.stm32cube.ide.mcu.externaltools.gnu-tools-for-stm32.13.3.rel1.win32_1.0.0.202411081344/tools/bin/../lib/gcc/arm-none-eabi/13.3.1/../../../../arm-none-eabi/lib/thumb/v7-m/nofp\libc_nano.a(libc_a-init.o)
                0x080065d4                __libc_init_array
 *(.glue_7)
 .glue_7        0x0800661c        0x0 linker stubs
 *(.glue_7t)
 .glue_7t       0x0800661c        0x0 linker stubs
 *(.eh_frame)
 .eh_frame      0x0800661c        0x0 C:/ST/STM32CubeIDE_1.18.0/STM32CubeIDE/plugins/com.st.stm32cube.ide.mcu.externaltools.gnu-tools-for-stm32.13.3.rel1.win32_1.0.0.202411081344/tools/bin/../lib/gcc/arm-none-eabi/13.3.1/thumb/v7-m/nofp/crtbegin.o
 *(.init)
 .init          0x0800661c        0x4 C:/ST/STM32CubeIDE_1.18.0/STM32CubeIDE/plugins/com.st.stm32cube.ide.mcu.externaltools.gnu-tools-for-stm32.13.3.rel1.win32_1.0.0.202411081344/tools/bin/../lib/gcc/arm-none-eabi/13.3.1/thumb/v7-m/nofp/crti.o
                0x0800661c                _init
 .init          0x08006620        0x8 C:/ST/STM32CubeIDE_1.18.0/STM32CubeIDE/plugins/com.st.stm32cube.ide.mcu.externaltools.gnu-tools-for-stm32.13.3.rel1.win32_1.0.0.202411081344/tools/bin/../lib/gcc/arm-none-eabi/13.3.1/thumb/v7-m/nofp/crtn.o
 *(.fini)
 .fini          0x08006628        0x4 C:/ST/STM32CubeIDE_1.18.0/STM32CubeIDE/plugins/com.st.stm32cube.ide.mcu.externaltools.gnu-tools-for-stm32.13.3.rel1.win32_1.0.0.202411081344/tools/bin/../lib/gcc/arm-none-eabi/13.3.1/thumb/v7-m/nofp/crti.o
                0x08006628                _fini
 .fini          0x0800662c        0x8 C:/ST/STM32CubeIDE_1.18.0/STM32CubeIDE/plugins/com.st.stm32cube.ide.mcu.externaltools.gnu-tools-for-stm32.13.3.rel1.win32_1.0.0.202411081344/tools/bin/../lib/gcc/arm-none-eabi/13.3.1/thumb/v7-m/nofp/crtn.o
                0x08006634                        . = ALIGN (0x4)
                0x08006634                        _etext = .

.vfp11_veneer   0x08006634        0x0
 .vfp11_veneer  0x08006634        0x0 linker stubs

.v4_bx          0x08006634        0x0
 .v4_bx         0x08006634        0x0 linker stubs

.iplt           0x08006634        0x0
 .iplt          0x08006634        0x0 C:/ST/STM32CubeIDE_1.18.0/STM32CubeIDE/plugins/com.st.stm32cube.ide.mcu.externaltools.gnu-tools-for-stm32.13.3.rel1.win32_1.0.0.202411081344/tools/bin/../lib/gcc/arm-none-eabi/13.3.1/thumb/v7-m/nofp/crtbegin.o

.rodata         0x08006634      0x17c
                0x08006634                        . = ALIGN (0x4)
 *(.rodata)
 .rodata        0x08006634        0xc ./Core/Src/cycle.o
 .rodata        0x08006640       0x3d ./Core/Src/nextion_com.o
 *(.rodata*)
 *fill*         0x0800667d        0x3 
 .rodata.NRF_ADDR
                0x08006680        0x5 ./Core/Src/nrf24l01p.o
 *fill*         0x08006685        0x3 
 .rodata.PLLMulTable
                0x08006688        0x9 ./Core/Src/system_stm32l1xx.o
                0x08006688                PLLMulTable
 *fill*         0x08006691        0x3 
 .rodata.AHBPrescTable
                0x08006694       0x10 ./Core/Src/system_stm32l1xx.o
                0x08006694                AHBPrescTable
 .rodata.APBPrescTable
                0x080066a4        0x8 ./Core/Src/system_stm32l1xx.o
                0x080066a4                APBPrescTable
 .rodata._ctype_
                0x080066ac      0x101 C:/ST/STM32CubeIDE_1.18.0/STM32CubeIDE/plugins/com.st.stm32cube.ide.mcu.externaltools.gnu-tools-for-stm32.13.3.rel1.win32_1.0.0.202411081344/tools/bin/../lib/gcc/arm-none-eabi/13.3.1/../../../../arm-none-eabi/lib/thumb/v7-m/nofp\libc_nano.a(libc_a-ctype_.o)
                0x080066ac                _ctype_
                0x080067b0                        . = ALIGN (0x4)
 *fill*         0x080067ad        0x3 

.ARM.extab      0x080067b0        0x0
                0x080067b0                        . = ALIGN (0x4)
 *(.ARM.extab* .gnu.linkonce.armextab.*)
                0x080067b0                        . = ALIGN (0x4)

.ARM            0x080067b0        0x8
                0x080067b0                        . = ALIGN (0x4)
                0x080067b0                        __exidx_start = .
 *(.ARM.exidx*)
 .ARM.exidx     0x080067b0        0x8 C:/ST/STM32CubeIDE_1.18.0/STM32CubeIDE/plugins/com.st.stm32cube.ide.mcu.externaltools.gnu-tools-for-stm32.13.3.rel1.win32_1.0.0.202411081344/tools/bin/../lib/gcc/arm-none-eabi/13.3.1/thumb/v7-m/nofp\libgcc.a(_udivmoddi4.o)
                0x080067b8                        __exidx_end = .
                0x080067b8                        . = ALIGN (0x4)

.preinit_array  0x080067b8        0x0
                0x080067b8                        . = ALIGN (0x4)
                0x080067b8                        PROVIDE (__preinit_array_start = .)
 *(.preinit_array*)
                0x080067b8                        PROVIDE (__preinit_array_end = .)
                0x080067b8                        . = ALIGN (0x4)

.init_array     0x080067b8        0x4
                0x080067b8                        . = ALIGN (0x4)
                0x080067b8                        PROVIDE (__init_array_start = .)
 *(SORT_BY_NAME(.init_array.*))
 *(.init_array*)
 .init_array    0x080067b8        0x4 C:/ST/STM32CubeIDE_1.18.0/STM32CubeIDE/plugins/com.st.stm32cube.ide.mcu.externaltools.gnu-tools-for-stm32.13.3.rel1.win32_1.0.0.202411081344/tools/bin/../lib/gcc/arm-none-eabi/13.3.1/thumb/v7-m/nofp/crtbegin.o
                0x080067bc                        PROVIDE (__init_array_end = .)
                0x080067bc                        . = ALIGN (0x4)

.fini_array     0x080067bc        0x4
                0x080067bc                        . = ALIGN (0x4)
                [!provide]                        PROVIDE (__fini_array_start = .)
 *(SORT_BY_NAME(.fini_array.*))
 *(.fini_array*)
 .fini_array    0x080067bc        0x4 C:/ST/STM32CubeIDE_1.18.0/STM32CubeIDE/plugins/com.st.stm32cube.ide.mcu.externaltools.gnu-tools-for-stm32.13.3.rel1.win32_1.0.0.202411081344/tools/bin/../lib/gcc/arm-none-eabi/13.3.1/thumb/v7-m/nofp/crtbegin.o
                [!provide]                        PROVIDE (__fini_array_end = .)
                0x080067c0                        . = ALIGN (0x4)
                0x080067c0                        _sidata = LOADADDR (.data)

.rel.dyn        0x080067c0        0x0
 .rel.iplt      0x080067c0        0x0 C:/ST/STM32CubeIDE_1.18.0/STM32CubeIDE/plugins/com.st.stm32cube.ide.mcu.externaltools.gnu-tools-for-stm32.13.3.rel1.win32_1.0.0.202411081344/tools/bin/../lib/gcc/arm-none-eabi/13.3.1/thumb/v7-m/nofp/crtbegin.o

.data           0x20000000      0x46c load address 0x080067c0
                0x20000000                        . = ALIGN (0x4)
                0x20000000                        _sdata = .
 *(.data)
 *(.data*)
 .data.t_set    0x20000000        0x1 ./Core/Src/cycle.o
                0x20000000                t_set
 *fill*         0x20000001        0x3 
 .data.tx_data  0x20000004        0x8 ./Core/Src/cycle.o
                0x20000004                tx_data
 .data.SystemCoreClock
                0x2000000c        0x4 ./Core/Src/system_stm32l1xx.o
                0x2000000c                SystemCoreClock
 .data.NTC_table
                0x20000010      0x404 ./Core/Src/thermistor.o
                0x20000010                NTC_table
 .data.uwTickPrio
                0x20000414        0x4 ./Drivers/STM32L1xx_HAL_Driver/Src/stm32l1xx_hal.o
                0x20000414                uwTickPrio
 .data.uwTickFreq
                0x20000418        0x4 ./Drivers/STM32L1xx_HAL_Driver/Src/stm32l1xx_hal.o
                0x20000418                uwTickFreq
 .data._impure_ptr
                0x2000041c        0x4 C:/ST/STM32CubeIDE_1.18.0/STM32CubeIDE/plugins/com.st.stm32cube.ide.mcu.externaltools.gnu-tools-for-stm32.13.3.rel1.win32_1.0.0.202411081344/tools/bin/../lib/gcc/arm-none-eabi/13.3.1/../../../../arm-none-eabi/lib/thumb/v7-m/nofp\libc_nano.a(libc_a-impure.o)
                0x2000041c                _impure_ptr
 .data._impure_data
                0x20000420       0x4c C:/ST/STM32CubeIDE_1.18.0/STM32CubeIDE/plugins/com.st.stm32cube.ide.mcu.externaltools.gnu-tools-for-stm32.13.3.rel1.win32_1.0.0.202411081344/tools/bin/../lib/gcc/arm-none-eabi/13.3.1/../../../../arm-none-eabi/lib/thumb/v7-m/nofp\libc_nano.a(libc_a-impure.o)
                0x20000420                _impure_data
 *(.RamFunc)
 *(.RamFunc*)
                0x2000046c                        . = ALIGN (0x4)
                0x2000046c                        _edata = .

.igot.plt       0x2000046c        0x0 load address 0x08006c2c
 .igot.plt      0x2000046c        0x0 C:/ST/STM32CubeIDE_1.18.0/STM32CubeIDE/plugins/com.st.stm32cube.ide.mcu.externaltools.gnu-tools-for-stm32.13.3.rel1.win32_1.0.0.202411081344/tools/bin/../lib/gcc/arm-none-eabi/13.3.1/thumb/v7-m/nofp/crtbegin.o
                0x2000046c                        . = ALIGN (0x4)

.bss            0x2000046c      0x6a0 load address 0x08006c2c
                0x2000046c                        _sbss = .
                0x2000046c                        __bss_start__ = _sbss
 *(.bss)
 .bss           0x2000046c       0x1c C:/ST/STM32CubeIDE_1.18.0/STM32CubeIDE/plugins/com.st.stm32cube.ide.mcu.externaltools.gnu-tools-for-stm32.13.3.rel1.win32_1.0.0.202411081344/tools/bin/../lib/gcc/arm-none-eabi/13.3.1/thumb/v7-m/nofp/crtbegin.o
 *(.bss*)
 .bss.hadc      0x20000488       0x54 ./Core/Src/adc.o
                0x20000488                hadc
 .bss.hdma_adc  0x200004dc       0x44 ./Core/Src/adc.o
                0x200004dc                hdma_adc
 .bss.adc       0x20000520        0xc ./Core/Src/cycle.o
                0x20000520                adc
 .bss.adc_buffer
                0x2000052c       0x40 ./Core/Src/cycle.o
 .bss.adc_sum   0x2000056c       0x10 ./Core/Src/cycle.o
 .bss.adc_index
                0x2000057c        0x4 ./Core/Src/cycle.o
 .bss.adc_filled
                0x20000580        0x4 ./Core/Src/cycle.o
 .bss.temperature
                0x20000584        0x4 ./Core/Src/cycle.o
                0x20000584                temperature
 .bss.voltage_mv
                0x20000588        0x4 ./Core/Src/cycle.o
                0x20000588                voltage_mv
 .bss.cmd.0     0x2000058c       0x20 ./Core/Src/cycle.o
 .bss.cycles_per_us
                0x200005ac        0x4 ./Core/Src/delay_us.o
 .bss.uart_tx_flag
                0x200005b0        0x1 ./Core/Src/irq.o
                0x200005b0                uart_tx_flag
 *fill*         0x200005b1        0x3 
 .bss.rx_buf    0x200005b4       0x14 ./Core/Src/irq.o
                0x200005b4                rx_buf
 .bss.rf_flag   0x200005c8        0x1 ./Core/Src/irq.o
                0x200005c8                rf_flag
 *fill*         0x200005c9        0x3 
 .bss.rx_data   0x200005cc        0x8 ./Core/Src/irq.o
                0x200005cc                rx_data
 .bss.bat_char  0x200005d4        0x1 ./Core/Src/nextion_com.o
                0x200005d4                bat_char
 .bss.fenix_stat
                0x200005d5        0x1 ./Core/Src/nextion_com.o
                0x200005d5                fenix_stat
 .bss.lqi       0x200005d6        0x1 ./Core/Src/nextion_com.o
                0x200005d6                lqi
 .bss.co_stat   0x200005d7        0x1 ./Core/Src/nextion_com.o
                0x200005d7                co_stat
 .bss.cwu_stat  0x200005d8        0x1 ./Core/Src/nextion_com.o
                0x200005d8                cwu_stat
 *fill*         0x200005d9        0x3 
 .bss.hspi1     0x200005dc       0x58 ./Core/Src/spi.o
                0x200005dc                hspi1
 .bss.htim11    0x20000634       0x40 ./Core/Src/tim.o
                0x20000634                htim11
 .bss.cmd_buf   0x20000674       0x80 ./Core/Src/uart_cmd.o
 .bss.cmd_head  0x200006f4        0x2 ./Core/Src/uart_cmd.o
 .bss.cmd_tail  0x200006f6        0x2 ./Core/Src/uart_cmd.o
 .bss.tx_buf    0x200006f8      0x200 ./Core/Src/uart_dma.o
 .bss.tx_head   0x200008f8        0x2 ./Core/Src/uart_dma.o
 .bss.tx_tail   0x200008fa        0x2 ./Core/Src/uart_dma.o
 .bss.tx_dma_busy
                0x200008fc        0x1 ./Core/Src/uart_dma.o
 *fill*         0x200008fd        0x3 
 .bss.huart3    0x20000900       0x48 ./Core/Src/usart.o
                0x20000900                huart3
 .bss.hdma_usart3_rx
                0x20000948       0x44 ./Core/Src/usart.o
                0x20000948                hdma_usart3_rx
 .bss.hdma_usart3_tx
                0x2000098c       0x44 ./Core/Src/usart.o
                0x2000098c                hdma_usart3_tx
 .bss.uwTick    0x200009d0        0x4 ./Drivers/STM32L1xx_HAL_Driver/Src/stm32l1xx_hal.o
                0x200009d0                uwTick
 .bss.__sf      0x200009d4      0x138 C:/ST/STM32CubeIDE_1.18.0/STM32CubeIDE/plugins/com.st.stm32cube.ide.mcu.externaltools.gnu-tools-for-stm32.13.3.rel1.win32_1.0.0.202411081344/tools/bin/../lib/gcc/arm-none-eabi/13.3.1/../../../../arm-none-eabi/lib/thumb/v7-m/nofp\libc_nano.a(libc_a-findfp.o)
                0x200009d4                __sf
 *(COMMON)
                0x20000b0c                        . = ALIGN (0x4)
                0x20000b0c                        _ebss = .
                0x20000b0c                        __bss_end__ = _ebss

._user_heap_stack
                0x20000b0c      0x604 load address 0x08006c2c
                0x20000b10                        . = ALIGN (0x8)
 *fill*         0x20000b0c        0x4 
                [!provide]                        PROVIDE (end = .)
                0x20000b10                        PROVIDE (_end = .)
                0x20000d10                        . = (. + _Min_Heap_Size)
 *fill*         0x20000b10      0x200 
                0x20001110                        . = (. + _Min_Stack_Size)
 *fill*         0x20000d10      0x400 
                0x20001110                        . = ALIGN (0x8)

/DISCARD/
 libc.a(*)
 libm.a(*)
 libgcc.a(*)

.ARM.attributes
                0x00000000       0x29
 *(.ARM.attributes)
 .ARM.attributes
                0x00000000       0x1d C:/ST/STM32CubeIDE_1.18.0/STM32CubeIDE/plugins/com.st.stm32cube.ide.mcu.externaltools.gnu-tools-for-stm32.13.3.rel1.win32_1.0.0.202411081344/tools/bin/../lib/gcc/arm-none-eabi/13.3.1/thumb/v7-m/nofp/crti.o
 .ARM.attributes
                0x0000001d       0x2d C:/ST/STM32CubeIDE_1.18.0/STM32CubeIDE/plugins/com.st.stm32cube.ide.mcu.externaltools.gnu-tools-for-stm32.13.3.rel1.win32_1.0.0.202411081344/tools/bin/../lib/gcc/arm-none-eabi/13.3.1/thumb/v7-m/nofp/crtbegin.o
 .ARM.attributes
                0x0000004a       0x2d ./Core/Src/adc.o
 .ARM.attributes
                0x00000077       0x2d ./Core/Src/cycle.o
 .ARM.attributes
                0x000000a4       0x2d ./Core/Src/delay_us.o
 .ARM.attributes
                0x000000d1       0x2d ./Core/Src/dma.o
 .ARM.attributes
                0x000000fe       0x2d ./Core/Src/gpio.o
 .ARM.attributes
                0x0000012b       0x2d ./Core/Src/init.o
 .ARM.attributes
                0x00000158       0x2d ./Core/Src/irq.o
 .ARM.attributes
                0x00000185       0x2d ./Core/Src/main.o
 .ARM.attributes
                0x000001b2       0x2d ./Core/Src/nextion_com.o
 .ARM.attributes
                0x000001df       0x2d ./Core/Src/nrf24l01p.o
 .ARM.attributes
                0x0000020c       0x2d ./Core/Src/spi.o
 .ARM.attributes
                0x00000239       0x2d ./Core/Src/stm32l1xx_hal_msp.o
 .ARM.attributes
                0x00000266       0x2d ./Core/Src/stm32l1xx_it.o
 .ARM.attributes
                0x00000293       0x2d ./Core/Src/system_stm32l1xx.o
 .ARM.attributes
                0x000002c0       0x2d ./Core/Src/thermistor.o
 .ARM.attributes
                0x000002ed       0x2d ./Core/Src/tim.o
 .ARM.attributes
                0x0000031a       0x2d ./Core/Src/uart_cmd.o
 .ARM.attributes
                0x00000347       0x2d ./Core/Src/uart_dma.o
 .ARM.attributes
                0x00000374       0x2d ./Core/Src/usart.o
 .ARM.attributes
                0x000003a1       0x21 ./Core/Startup/startup_stm32l151c8tx.o
 .ARM.attributes
                0x000003c2       0x2d ./Drivers/STM32L1xx_HAL_Driver/Src/stm32l1xx_hal.o
 .ARM.attributes
                0x000003ef       0x2d ./Drivers/STM32L1xx_HAL_Driver/Src/stm32l1xx_hal_adc.o
 .ARM.attributes
                0x0000041c       0x2d ./Drivers/STM32L1xx_HAL_Driver/Src/stm32l1xx_hal_adc_ex.o
 .ARM.attributes
                0x00000449       0x2d ./Drivers/STM32L1xx_HAL_Driver/Src/stm32l1xx_hal_cortex.o
 .ARM.attributes
                0x00000476       0x2d ./Drivers/STM32L1xx_HAL_Driver/Src/stm32l1xx_hal_dma.o
 .ARM.attributes
                0x000004a3       0x2d ./Drivers/STM32L1xx_HAL_Driver/Src/stm32l1xx_hal_gpio.o
 .ARM.attributes
                0x000004d0       0x2d ./Drivers/STM32L1xx_HAL_Driver/Src/stm32l1xx_hal_rcc.o
 .ARM.attributes
                0x000004fd       0x2d ./Drivers/STM32L1xx_HAL_Driver/Src/stm32l1xx_hal_spi.o
 .ARM.attributes
                0x0000052a       0x2d ./Drivers/STM32L1xx_HAL_Driver/Src/stm32l1xx_hal_tim.o
 .ARM.attributes
                0x00000557       0x2d ./Drivers/STM32L1xx_HAL_Driver/Src/stm32l1xx_hal_uart.o
 .ARM.attributes
                0x00000584       0x2d C:/ST/STM32CubeIDE_1.18.0/STM32CubeIDE/plugins/com.st.stm32cube.ide.mcu.externaltools.gnu-tools-for-stm32.13.3.rel1.win32_1.0.0.202411081344/tools/bin/../lib/gcc/arm-none-eabi/13.3.1/../../../../arm-none-eabi/lib/thumb/v7-m/nofp\libc_nano.a(libc_a-atoi.o)
 .ARM.attributes
                0x000005b1       0x2d C:/ST/STM32CubeIDE_1.18.0/STM32CubeIDE/plugins/com.st.stm32cube.ide.mcu.externaltools.gnu-tools-for-stm32.13.3.rel1.win32_1.0.0.202411081344/tools/bin/../lib/gcc/arm-none-eabi/13.3.1/../../../../arm-none-eabi/lib/thumb/v7-m/nofp\libc_nano.a(libc_a-strtol.o)
 .ARM.attributes
                0x000005de       0x2d C:/ST/STM32CubeIDE_1.18.0/STM32CubeIDE/plugins/com.st.stm32cube.ide.mcu.externaltools.gnu-tools-for-stm32.13.3.rel1.win32_1.0.0.202411081344/tools/bin/../lib/gcc/arm-none-eabi/13.3.1/../../../../arm-none-eabi/lib/thumb/v7-m/nofp\libc_nano.a(libc_a-ctype_.o)
 .ARM.attributes
                0x0000060b       0x2d C:/ST/STM32CubeIDE_1.18.0/STM32CubeIDE/plugins/com.st.stm32cube.ide.mcu.externaltools.gnu-tools-for-stm32.13.3.rel1.win32_1.0.0.202411081344/tools/bin/../lib/gcc/arm-none-eabi/13.3.1/../../../../arm-none-eabi/lib/thumb/v7-m/nofp\libc_nano.a(libc_a-findfp.o)
 .ARM.attributes
                0x00000638       0x2d C:/ST/STM32CubeIDE_1.18.0/STM32CubeIDE/plugins/com.st.stm32cube.ide.mcu.externaltools.gnu-tools-for-stm32.13.3.rel1.win32_1.0.0.202411081344/tools/bin/../lib/gcc/arm-none-eabi/13.3.1/../../../../arm-none-eabi/lib/thumb/v7-m/nofp\libc_nano.a(libc_a-memset.o)
 .ARM.attributes
                0x00000665       0x2d C:/ST/STM32CubeIDE_1.18.0/STM32CubeIDE/plugins/com.st.stm32cube.ide.mcu.externaltools.gnu-tools-for-stm32.13.3.rel1.win32_1.0.0.202411081344/tools/bin/../lib/gcc/arm-none-eabi/13.3.1/../../../../arm-none-eabi/lib/thumb/v7-m/nofp\libc_nano.a(libc_a-strncmp.o)
 .ARM.attributes
                0x00000692       0x2d C:/ST/STM32CubeIDE_1.18.0/STM32CubeIDE/plugins/com.st.stm32cube.ide.mcu.externaltools.gnu-tools-for-stm32.13.3.rel1.win32_1.0.0.202411081344/tools/bin/../lib/gcc/arm-none-eabi/13.3.1/../../../../arm-none-eabi/lib/thumb/v7-m/nofp\libc_nano.a(libc_a-strstr.o)
 .ARM.attributes
                0x000006bf       0x2d C:/ST/STM32CubeIDE_1.18.0/STM32CubeIDE/plugins/com.st.stm32cube.ide.mcu.externaltools.gnu-tools-for-stm32.13.3.rel1.win32_1.0.0.202411081344/tools/bin/../lib/gcc/arm-none-eabi/13.3.1/../../../../arm-none-eabi/lib/thumb/v7-m/nofp\libc_nano.a(libc_a-impure.o)
 .ARM.attributes
                0x000006ec       0x2d C:/ST/STM32CubeIDE_1.18.0/STM32CubeIDE/plugins/com.st.stm32cube.ide.mcu.externaltools.gnu-tools-for-stm32.13.3.rel1.win32_1.0.0.202411081344/tools/bin/../lib/gcc/arm-none-eabi/13.3.1/../../../../arm-none-eabi/lib/thumb/v7-m/nofp\libc_nano.a(libc_a-errno.o)
 .ARM.attributes
                0x00000719       0x2d C:/ST/STM32CubeIDE_1.18.0/STM32CubeIDE/plugins/com.st.stm32cube.ide.mcu.externaltools.gnu-tools-for-stm32.13.3.rel1.win32_1.0.0.202411081344/tools/bin/../lib/gcc/arm-none-eabi/13.3.1/../../../../arm-none-eabi/lib/thumb/v7-m/nofp\libc_nano.a(libc_a-init.o)
 .ARM.attributes
                0x00000746       0x1d C:/ST/STM32CubeIDE_1.18.0/STM32CubeIDE/plugins/com.st.stm32cube.ide.mcu.externaltools.gnu-tools-for-stm32.13.3.rel1.win32_1.0.0.202411081344/tools/bin/../lib/gcc/arm-none-eabi/13.3.1/thumb/v7-m/nofp\libgcc.a(_aeabi_uldivmod.o)
 .ARM.attributes
                0x00000763       0x2d C:/ST/STM32CubeIDE_1.18.0/STM32CubeIDE/plugins/com.st.stm32cube.ide.mcu.externaltools.gnu-tools-for-stm32.13.3.rel1.win32_1.0.0.202411081344/tools/bin/../lib/gcc/arm-none-eabi/13.3.1/thumb/v7-m/nofp\libgcc.a(_udivmoddi4.o)
 .ARM.attributes
                0x00000790       0x1d C:/ST/STM32CubeIDE_1.18.0/STM32CubeIDE/plugins/com.st.stm32cube.ide.mcu.externaltools.gnu-tools-for-stm32.13.3.rel1.win32_1.0.0.202411081344/tools/bin/../lib/gcc/arm-none-eabi/13.3.1/thumb/v7-m/nofp\libgcc.a(_dvmd_tls.o)
 .ARM.attributes
                0x000007ad       0x1d C:/ST/STM32CubeIDE_1.18.0/STM32CubeIDE/plugins/com.st.stm32cube.ide.mcu.externaltools.gnu-tools-for-stm32.13.3.rel1.win32_1.0.0.202411081344/tools/bin/../lib/gcc/arm-none-eabi/13.3.1/thumb/v7-m/nofp/crtn.o
OUTPUT(sterownik_pokojowy.elf elf32-littlearm)
LOAD linker stubs
LOAD C:/ST/STM32CubeIDE_1.18.0/STM32CubeIDE/plugins/com.st.stm32cube.ide.mcu.externaltools.gnu-tools-for-stm32.13.3.rel1.win32_1.0.0.202411081344/tools/bin/../lib/gcc/arm-none-eabi/13.3.1/../../../../arm-none-eabi/lib/thumb/v7-m/nofp\libc.a
LOAD C:/ST/STM32CubeIDE_1.18.0/STM32CubeIDE/plugins/com.st.stm32cube.ide.mcu.externaltools.gnu-tools-for-stm32.13.3.rel1.win32_1.0.0.202411081344/tools/bin/../lib/gcc/arm-none-eabi/13.3.1/../../../../arm-none-eabi/lib/thumb/v7-m/nofp\libm.a
LOAD C:/ST/STM32CubeIDE_1.18.0/STM32CubeIDE/plugins/com.st.stm32cube.ide.mcu.externaltools.gnu-tools-for-stm32.13.3.rel1.win32_1.0.0.202411081344/tools/bin/../lib/gcc/arm-none-eabi/13.3.1/thumb/v7-m/nofp\libgcc.a

.debug_info     0x00000000    0x127e4
 .debug_info    0x00000000      0xabb ./Core/Src/adc.o
 .debug_info    0x00000abb      0x3c8 ./Core/Src/cycle.o
 .debug_info    0x00000e83      0x286 ./Core/Src/delay_us.o
 .debug_info    0x00001109      0x305 ./Core/Src/dma.o
 .debug_info    0x0000140e      0x48c ./Core/Src/gpio.o
 .debug_info    0x0000189a      0xc54 ./Core/Src/init.o
 .debug_info    0x000024ee      0x9c6 ./Core/Src/irq.o
 .debug_info    0x00002eb4      0x325 ./Core/Src/main.o
 .debug_info    0x000031d9      0x3ac ./Core/Src/nextion_com.o
 .debug_info    0x00003585      0xb2a ./Core/Src/nrf24l01p.o
 .debug_info    0x000040af      0x9c8 ./Core/Src/spi.o
 .debug_info    0x00004a77      0x1b4 ./Core/Src/stm32l1xx_hal_msp.o
 .debug_info    0x00004c2b      0xf32 ./Core/Src/stm32l1xx_it.o
 .debug_info    0x00005b5d      0x27c ./Core/Src/system_stm32l1xx.o
 .debug_info    0x00005dd9       0xd9 ./Core/Src/thermistor.o
 .debug_info    0x00005eb2      0x972 ./Core/Src/tim.o
 .debug_info    0x00006824      0x1f8 ./Core/Src/uart_cmd.o
 .debug_info    0x00006a1c      0x808 ./Core/Src/uart_dma.o
 .debug_info    0x00007224      0x9f6 ./Core/Src/usart.o
 .debug_info    0x00007c1a       0x30 ./Core/Startup/startup_stm32l151c8tx.o
 .debug_info    0x00007c4a      0x6ad ./Drivers/STM32L1xx_HAL_Driver/Src/stm32l1xx_hal.o
 .debug_info    0x000082f7      0xe7f ./Drivers/STM32L1xx_HAL_Driver/Src/stm32l1xx_hal_adc.o
 .debug_info    0x00009176      0x90d ./Drivers/STM32L1xx_HAL_Driver/Src/stm32l1xx_hal_adc_ex.o
 .debug_info    0x00009a83      0xca3 ./Drivers/STM32L1xx_HAL_Driver/Src/stm32l1xx_hal_cortex.o
 .debug_info    0x0000a726      0x6dc ./Drivers/STM32L1xx_HAL_Driver/Src/stm32l1xx_hal_dma.o
 .debug_info    0x0000ae02      0x5a6 ./Drivers/STM32L1xx_HAL_Driver/Src/stm32l1xx_hal_gpio.o
 .debug_info    0x0000b3a8      0x945 ./Drivers/STM32L1xx_HAL_Driver/Src/stm32l1xx_hal_rcc.o
 .debug_info    0x0000bced     0x143c ./Drivers/STM32L1xx_HAL_Driver/Src/stm32l1xx_hal_spi.o
 .debug_info    0x0000d129     0x27c4 ./Drivers/STM32L1xx_HAL_Driver/Src/stm32l1xx_hal_tim.o
 .debug_info    0x0000f8ed     0x2ef7 ./Drivers/STM32L1xx_HAL_Driver/Src/stm32l1xx_hal_uart.o

.debug_abbrev   0x00000000     0x3731
 .debug_abbrev  0x00000000      0x20a ./Core/Src/adc.o
 .debug_abbrev  0x0000020a      0x1c6 ./Core/Src/cycle.o
 .debug_abbrev  0x000003d0       0xfa ./Core/Src/delay_us.o
 .debug_abbrev  0x000004ca       0xfc ./Core/Src/dma.o
 .debug_abbrev  0x000005c6      0x15b ./Core/Src/gpio.o
 .debug_abbrev  0x00000721      0x1b6 ./Core/Src/init.o
 .debug_abbrev  0x000008d7      0x1ed ./Core/Src/irq.o
 .debug_abbrev  0x00000ac4      0x1bb ./Core/Src/main.o
 .debug_abbrev  0x00000c7f      0x165 ./Core/Src/nextion_com.o
 .debug_abbrev  0x00000de4      0x2bf ./Core/Src/nrf24l01p.o
 .debug_abbrev  0x000010a3      0x1fe ./Core/Src/spi.o
 .debug_abbrev  0x000012a1       0xc6 ./Core/Src/stm32l1xx_hal_msp.o
 .debug_abbrev  0x00001367      0x1c3 ./Core/Src/stm32l1xx_it.o
 .debug_abbrev  0x0000152a      0x11c ./Core/Src/system_stm32l1xx.o
 .debug_abbrev  0x00001646       0x90 ./Core/Src/thermistor.o
 .debug_abbrev  0x000016d6      0x208 ./Core/Src/tim.o
 .debug_abbrev  0x000018de       0xf6 ./Core/Src/uart_cmd.o
 .debug_abbrev  0x000019d4      0x296 ./Core/Src/uart_dma.o
 .debug_abbrev  0x00001c6a      0x215 ./Core/Src/usart.o
 .debug_abbrev  0x00001e7f       0x24 ./Core/Startup/startup_stm32l151c8tx.o
 .debug_abbrev  0x00001ea3      0x275 ./Drivers/STM32L1xx_HAL_Driver/Src/stm32l1xx_hal.o
 .debug_abbrev  0x00002118      0x292 ./Drivers/STM32L1xx_HAL_Driver/Src/stm32l1xx_hal_adc.o
 .debug_abbrev  0x000023aa      0x225 ./Drivers/STM32L1xx_HAL_Driver/Src/stm32l1xx_hal_adc_ex.o
 .debug_abbrev  0x000025cf      0x31c ./Drivers/STM32L1xx_HAL_Driver/Src/stm32l1xx_hal_cortex.o
 .debug_abbrev  0x000028eb      0x1cd ./Drivers/STM32L1xx_HAL_Driver/Src/stm32l1xx_hal_dma.o
 .debug_abbrev  0x00002ab8      0x1d4 ./Drivers/STM32L1xx_HAL_Driver/Src/stm32l1xx_hal_gpio.o
 .debug_abbrev  0x00002c8c      0x2b8 ./Drivers/STM32L1xx_HAL_Driver/Src/stm32l1xx_hal_rcc.o
 .debug_abbrev  0x00002f44      0x276 ./Drivers/STM32L1xx_HAL_Driver/Src/stm32l1xx_hal_spi.o
 .debug_abbrev  0x000031ba      0x272 ./Drivers/STM32L1xx_HAL_Driver/Src/stm32l1xx_hal_tim.o
 .debug_abbrev  0x0000342c      0x305 ./Drivers/STM32L1xx_HAL_Driver/Src/stm32l1xx_hal_uart.o

.debug_aranges  0x00000000     0x1108
 .debug_aranges
                0x00000000       0x30 ./Core/Src/adc.o
 .debug_aranges
                0x00000030       0x38 ./Core/Src/cycle.o
 .debug_aranges
                0x00000068       0x28 ./Core/Src/delay_us.o
 .debug_aranges
                0x00000090       0x20 ./Core/Src/dma.o
 .debug_aranges
                0x000000b0       0x20 ./Core/Src/gpio.o
 .debug_aranges
                0x000000d0       0x20 ./Core/Src/init.o
 .debug_aranges
                0x000000f0       0x30 ./Core/Src/irq.o
 .debug_aranges
                0x00000120       0x30 ./Core/Src/main.o
 .debug_aranges
                0x00000150       0x40 ./Core/Src/nextion_com.o
 .debug_aranges
                0x00000190       0xd8 ./Core/Src/nrf24l01p.o
 .debug_aranges
                0x00000268       0x30 ./Core/Src/spi.o
 .debug_aranges
                0x00000298       0x20 ./Core/Src/stm32l1xx_hal_msp.o
 .debug_aranges
                0x000002b8       0xa0 ./Core/Src/stm32l1xx_it.o
 .debug_aranges
                0x00000358       0x28 ./Core/Src/system_stm32l1xx.o
 .debug_aranges
                0x00000380       0x20 ./Core/Src/thermistor.o
 .debug_aranges
                0x000003a0       0x30 ./Core/Src/tim.o
 .debug_aranges
                0x000003d0       0x28 ./Core/Src/uart_cmd.o
 .debug_aranges
                0x000003f8       0x58 ./Core/Src/uart_dma.o
 .debug_aranges
                0x00000450       0x30 ./Core/Src/usart.o
 .debug_aranges
                0x00000480       0x28 ./Core/Startup/startup_stm32l151c8tx.o
 .debug_aranges
                0x000004a8       0xe0 ./Drivers/STM32L1xx_HAL_Driver/Src/stm32l1xx_hal.o
 .debug_aranges
                0x00000588       0xf0 ./Drivers/STM32L1xx_HAL_Driver/Src/stm32l1xx_hal_adc.o
 .debug_aranges
                0x00000678       0x58 ./Drivers/STM32L1xx_HAL_Driver/Src/stm32l1xx_hal_adc_ex.o
 .debug_aranges
                0x000006d0      0x128 ./Drivers/STM32L1xx_HAL_Driver/Src/stm32l1xx_hal_cortex.o
 .debug_aranges
                0x000007f8       0x80 ./Drivers/STM32L1xx_HAL_Driver/Src/stm32l1xx_hal_dma.o
 .debug_aranges
                0x00000878       0x58 ./Drivers/STM32L1xx_HAL_Driver/Src/stm32l1xx_hal_gpio.o
 .debug_aranges
                0x000008d0       0x90 ./Drivers/STM32L1xx_HAL_Driver/Src/stm32l1xx_hal_rcc.o
 .debug_aranges
                0x00000960      0x1d0 ./Drivers/STM32L1xx_HAL_Driver/Src/stm32l1xx_hal_spi.o
 .debug_aranges
                0x00000b30      0x3d0 ./Drivers/STM32L1xx_HAL_Driver/Src/stm32l1xx_hal_tim.o
 .debug_aranges
                0x00000f00      0x208 ./Drivers/STM32L1xx_HAL_Driver/Src/stm32l1xx_hal_uart.o

.debug_rnglists
                0x00000000      0xcf5
 .debug_rnglists
                0x00000000       0x21 ./Core/Src/adc.o
 .debug_rnglists
                0x00000021       0x34 ./Core/Src/cycle.o
 .debug_rnglists
                0x00000055       0x19 ./Core/Src/delay_us.o
 .debug_rnglists
                0x0000006e       0x13 ./Core/Src/dma.o
 .debug_rnglists
                0x00000081       0x14 ./Core/Src/gpio.o
 .debug_rnglists
                0x00000095       0x13 ./Core/Src/init.o
 .debug_rnglists
                0x000000a8       0x1f ./Core/Src/irq.o
 .debug_rnglists
                0x000000c7       0x20 ./Core/Src/main.o
 .debug_rnglists
                0x000000e7       0x2f ./Core/Src/nextion_com.o
 .debug_rnglists
                0x00000116       0x9d ./Core/Src/nrf24l01p.o
 .debug_rnglists
                0x000001b3       0x20 ./Core/Src/spi.o
 .debug_rnglists
                0x000001d3       0x13 ./Core/Src/stm32l1xx_hal_msp.o
 .debug_rnglists
                0x000001e6       0x73 ./Core/Src/stm32l1xx_it.o
 .debug_rnglists
                0x00000259       0x1a ./Core/Src/system_stm32l1xx.o
 .debug_rnglists
                0x00000273       0x13 ./Core/Src/thermistor.o
 .debug_rnglists
                0x00000286       0x1f ./Core/Src/tim.o
 .debug_rnglists
                0x000002a5       0x1a ./Core/Src/uart_cmd.o
 .debug_rnglists
                0x000002bf       0x3f ./Core/Src/uart_dma.o
 .debug_rnglists
                0x000002fe       0x20 ./Core/Src/usart.o
 .debug_rnglists
                0x0000031e       0x19 ./Core/Startup/startup_stm32l151c8tx.o
 .debug_rnglists
                0x00000337       0xa3 ./Drivers/STM32L1xx_HAL_Driver/Src/stm32l1xx_hal.o
 .debug_rnglists
                0x000003da       0xbd ./Drivers/STM32L1xx_HAL_Driver/Src/stm32l1xx_hal_adc.o
 .debug_rnglists
                0x00000497       0x43 ./Drivers/STM32L1xx_HAL_Driver/Src/stm32l1xx_hal_adc_ex.o
 .debug_rnglists
                0x000004da       0xd9 ./Drivers/STM32L1xx_HAL_Driver/Src/stm32l1xx_hal_cortex.o
 .debug_rnglists
                0x000005b3       0x64 ./Drivers/STM32L1xx_HAL_Driver/Src/stm32l1xx_hal_dma.o
 .debug_rnglists
                0x00000617       0x3f ./Drivers/STM32L1xx_HAL_Driver/Src/stm32l1xx_hal_gpio.o
 .debug_rnglists
                0x00000656       0x6d ./Drivers/STM32L1xx_HAL_Driver/Src/stm32l1xx_hal_rcc.o
 .debug_rnglists
                0x000006c3      0x16f ./Drivers/STM32L1xx_HAL_Driver/Src/stm32l1xx_hal_spi.o
 .debug_rnglists
                0x00000832      0x307 ./Drivers/STM32L1xx_HAL_Driver/Src/stm32l1xx_hal_tim.o
 .debug_rnglists
                0x00000b39      0x1bc ./Drivers/STM32L1xx_HAL_Driver/Src/stm32l1xx_hal_uart.o

.debug_macro    0x00000000    0x172d1
 .debug_macro   0x00000000      0x1e6 ./Core/Src/adc.o
 .debug_macro   0x000001e6      0xacc ./Core/Src/adc.o
 .debug_macro   0x00000cb2      0x11b ./Core/Src/adc.o
 .debug_macro   0x00000dcd       0x2e ./Core/Src/adc.o
 .debug_macro   0x00000dfb       0x22 ./Core/Src/adc.o
 .debug_macro   0x00000e1d       0x22 ./Core/Src/adc.o
 .debug_macro   0x00000e3f       0x8e ./Core/Src/adc.o
 .debug_macro   0x00000ecd       0x51 ./Core/Src/adc.o
 .debug_macro   0x00000f1e      0x103 ./Core/Src/adc.o
 .debug_macro   0x00001021       0x6a ./Core/Src/adc.o
 .debug_macro   0x0000108b      0x1df ./Core/Src/adc.o
 .debug_macro   0x0000126a       0x1c ./Core/Src/adc.o
 .debug_macro   0x00001286       0x22 ./Core/Src/adc.o
 .debug_macro   0x000012a8       0xbd ./Core/Src/adc.o
 .debug_macro   0x00001365      0xe49 ./Core/Src/adc.o
 .debug_macro   0x000021ae      0x11f ./Core/Src/adc.o
 .debug_macro   0x000022cd     0x9b46 ./Core/Src/adc.o
 .debug_macro   0x0000be13       0x6d ./Core/Src/adc.o
 .debug_macro   0x0000be80     0x34e1 ./Core/Src/adc.o
 .debug_macro   0x0000f361      0x190 ./Core/Src/adc.o
 .debug_macro   0x0000f4f1       0x5b ./Core/Src/adc.o
 .debug_macro   0x0000f54c      0xe37 ./Core/Src/adc.o
 .debug_macro   0x00010383       0x5c ./Core/Src/adc.o
 .debug_macro   0x000103df      0x1b8 ./Core/Src/adc.o
 .debug_macro   0x00010597       0xa7 ./Core/Src/adc.o
 .debug_macro   0x0001063e      0x21e ./Core/Src/adc.o
 .debug_macro   0x0001085c      0x236 ./Core/Src/adc.o
 .debug_macro   0x00010a92      0x631 ./Core/Src/adc.o
 .debug_macro   0x000110c3      0x15d ./Core/Src/adc.o
 .debug_macro   0x00011220      0x10e ./Core/Src/adc.o
 .debug_macro   0x0001132e      0x281 ./Core/Src/adc.o
 .debug_macro   0x000115af      0x1e9 ./Core/Src/adc.o
 .debug_macro   0x00011798       0x22 ./Core/Src/adc.o
 .debug_macro   0x000117ba      0x217 ./Core/Src/adc.o
 .debug_macro   0x000119d1      0x788 ./Core/Src/adc.o
 .debug_macro   0x00012159       0x59 ./Core/Src/adc.o
 .debug_macro   0x000121b2      0x2aa ./Core/Src/adc.o
 .debug_macro   0x0001245c      0x15c ./Core/Src/adc.o
 .debug_macro   0x000125b8      0x3ce ./Core/Src/adc.o
 .debug_macro   0x00012986       0x2e ./Core/Src/adc.o
 .debug_macro   0x000129b4      0x3b0 ./Core/Src/cycle.o
 .debug_macro   0x00012d64       0x24 ./Core/Src/cycle.o
 .debug_macro   0x00012d88       0x61 ./Core/Src/cycle.o
 .debug_macro   0x00012de9       0x43 ./Core/Src/cycle.o
 .debug_macro   0x00012e2c       0x34 ./Core/Src/cycle.o
 .debug_macro   0x00012e60       0x16 ./Core/Src/cycle.o
 .debug_macro   0x00012e76       0x3c ./Core/Src/cycle.o
 .debug_macro   0x00012eb2      0x370 ./Core/Src/cycle.o
 .debug_macro   0x00013222       0x16 ./Core/Src/cycle.o
 .debug_macro   0x00013238       0x4a ./Core/Src/cycle.o
 .debug_macro   0x00013282       0x34 ./Core/Src/cycle.o
 .debug_macro   0x000132b6       0x10 ./Core/Src/cycle.o
 .debug_macro   0x000132c6       0x58 ./Core/Src/cycle.o
 .debug_macro   0x0001331e       0x8e ./Core/Src/cycle.o
 .debug_macro   0x000133ac       0x1c ./Core/Src/cycle.o
 .debug_macro   0x000133c8      0x185 ./Core/Src/cycle.o
 .debug_macro   0x0001354d       0x16 ./Core/Src/cycle.o
 .debug_macro   0x00013563       0x29 ./Core/Src/cycle.o
 .debug_macro   0x0001358c       0x1c ./Core/Src/cycle.o
 .debug_macro   0x000135a8       0x10 ./Core/Src/cycle.o
 .debug_macro   0x000135b8       0x1c ./Core/Src/cycle.o
 .debug_macro   0x000135d4       0x16 ./Core/Src/cycle.o
 .debug_macro   0x000135ea      0x146 ./Core/Src/cycle.o
 .debug_macro   0x00013730       0x16 ./Core/Src/cycle.o
 .debug_macro   0x00013746       0x20 ./Core/Src/cycle.o
 .debug_macro   0x00013766      0x19b ./Core/Src/cycle.o
 .debug_macro   0x00013901       0x22 ./Core/Src/cycle.o
 .debug_macro   0x00013923      0x11d ./Core/Src/cycle.o
 .debug_macro   0x00013a40       0x10 ./Core/Src/cycle.o
 .debug_macro   0x00013a50      0x1d1 ./Core/Src/delay_us.o
 .debug_macro   0x00013c21      0x1e6 ./Core/Src/dma.o
 .debug_macro   0x00013e07      0x1e6 ./Core/Src/gpio.o
 .debug_macro   0x00013fed      0x260 ./Core/Src/init.o
 .debug_macro   0x0001424d      0x31b ./Core/Src/irq.o
 .debug_macro   0x00014568       0x10 ./Core/Src/irq.o
 .debug_macro   0x00014578      0x25a ./Core/Src/main.o
 .debug_macro   0x000147d2      0x32a ./Core/Src/nextion_com.o
 .debug_macro   0x00014afc       0x16 ./Core/Src/nextion_com.o
 .debug_macro   0x00014b12       0x16 ./Core/Src/nextion_com.o
 .debug_macro   0x00014b28      0x202 ./Core/Src/nrf24l01p.o
 .debug_macro   0x00014d2a      0x1e6 ./Core/Src/spi.o
 .debug_macro   0x00014f10      0x1dc ./Core/Src/stm32l1xx_hal_msp.o
 .debug_macro   0x000150ec      0x1e6 ./Core/Src/stm32l1xx_it.o
 .debug_macro   0x000152d2      0x1cd ./Core/Src/system_stm32l1xx.o
 .debug_macro   0x0001549f      0x1e6 ./Core/Src/thermistor.o
 .debug_macro   0x00015685      0x1e6 ./Core/Src/tim.o
 .debug_macro   0x0001586b      0x2ba ./Core/Src/uart_cmd.o
 .debug_macro   0x00015b25       0x55 ./Core/Src/uart_cmd.o
 .debug_macro   0x00015b7a      0x2ce ./Core/Src/uart_dma.o
 .debug_macro   0x00015e48      0x1e6 ./Core/Src/usart.o
 .debug_macro   0x0001602e      0x1f1 ./Drivers/STM32L1xx_HAL_Driver/Src/stm32l1xx_hal.o
 .debug_macro   0x0001621f      0x1ea ./Drivers/STM32L1xx_HAL_Driver/Src/stm32l1xx_hal_adc.o
 .debug_macro   0x00016409      0x203 ./Drivers/STM32L1xx_HAL_Driver/Src/stm32l1xx_hal_adc_ex.o
 .debug_macro   0x0001660c      0x1cd ./Drivers/STM32L1xx_HAL_Driver/Src/stm32l1xx_hal_cortex.o
 .debug_macro   0x000167d9      0x1cd ./Drivers/STM32L1xx_HAL_Driver/Src/stm32l1xx_hal_dma.o
 .debug_macro   0x000169a6      0x1d4 ./Drivers/STM32L1xx_HAL_Driver/Src/stm32l1xx_hal_gpio.o
 .debug_macro   0x00016b7a      0x1df ./Drivers/STM32L1xx_HAL_Driver/Src/stm32l1xx_hal_rcc.o
 .debug_macro   0x00016d59      0x1dc ./Drivers/STM32L1xx_HAL_Driver/Src/stm32l1xx_hal_spi.o
 .debug_macro   0x00016f35      0x1ce ./Drivers/STM32L1xx_HAL_Driver/Src/stm32l1xx_hal_tim.o
 .debug_macro   0x00017103      0x1ce ./Drivers/STM32L1xx_HAL_Driver/Src/stm32l1xx_hal_uart.o

.debug_line     0x00000000    0x1730c
 .debug_line    0x00000000      0x853 ./Core/Src/adc.o
 .debug_line    0x00000853      0xabe ./Core/Src/cycle.o
 .debug_line    0x00001311      0x7b0 ./Core/Src/delay_us.o
 .debug_line    0x00001ac1      0x774 ./Core/Src/dma.o
 .debug_line    0x00002235      0x78f ./Core/Src/gpio.o
 .debug_line    0x000029c4      0x7dc ./Core/Src/init.o
 .debug_line    0x000031a0      0x97b ./Core/Src/irq.o
 .debug_line    0x00003b1b      0x85b ./Core/Src/main.o
 .debug_line    0x00004376      0xbf5 ./Core/Src/nextion_com.o
 .debug_line    0x00004f6b      0xa6e ./Core/Src/nrf24l01p.o
 .debug_line    0x000059d9      0x7e7 ./Core/Src/spi.o
 .debug_line    0x000061c0      0x775 ./Core/Src/stm32l1xx_hal_msp.o
 .debug_line    0x00006935      0x8e3 ./Core/Src/stm32l1xx_it.o
 .debug_line    0x00007218      0x815 ./Core/Src/system_stm32l1xx.o
 .debug_line    0x00007a2d      0x79a ./Core/Src/thermistor.o
 .debug_line    0x000081c7      0x7d7 ./Core/Src/tim.o
 .debug_line    0x0000899e      0x9c1 ./Core/Src/uart_cmd.o
 .debug_line    0x0000935f      0xaab ./Core/Src/uart_dma.o
 .debug_line    0x00009e0a      0x833 ./Core/Src/usart.o
 .debug_line    0x0000a63d       0x79 ./Core/Startup/startup_stm32l151c8tx.o
 .debug_line    0x0000a6b6      0xa44 ./Drivers/STM32L1xx_HAL_Driver/Src/stm32l1xx_hal.o
 .debug_line    0x0000b0fa     0x1018 ./Drivers/STM32L1xx_HAL_Driver/Src/stm32l1xx_hal_adc.o
 .debug_line    0x0000c112      0xb3d ./Drivers/STM32L1xx_HAL_Driver/Src/stm32l1xx_hal_adc_ex.o
 .debug_line    0x0000cc4f      0xd13 ./Drivers/STM32L1xx_HAL_Driver/Src/stm32l1xx_hal_cortex.o
 .debug_line    0x0000d962      0xc6b ./Drivers/STM32L1xx_HAL_Driver/Src/stm32l1xx_hal_dma.o
 .debug_line    0x0000e5cd      0xa60 ./Drivers/STM32L1xx_HAL_Driver/Src/stm32l1xx_hal_gpio.o
 .debug_line    0x0000f02d     0x1007 ./Drivers/STM32L1xx_HAL_Driver/Src/stm32l1xx_hal_rcc.o
 .debug_line    0x00010034     0x1ce9 ./Drivers/STM32L1xx_HAL_Driver/Src/stm32l1xx_hal_spi.o
 .debug_line    0x00011d1d     0x3056 ./Drivers/STM32L1xx_HAL_Driver/Src/stm32l1xx_hal_tim.o
 .debug_line    0x00014d73     0x2599 ./Drivers/STM32L1xx_HAL_Driver/Src/stm32l1xx_hal_uart.o

.debug_str      0x00000000    0x867e6
 .debug_str     0x00000000    0x867e6 ./Core/Src/adc.o
                              0x7e45e (size before relaxing)
 .debug_str     0x000867e6    0x82487 ./Core/Src/cycle.o
 .debug_str     0x000867e6    0x7dc0b ./Core/Src/delay_us.o
 .debug_str     0x000867e6    0x7df02 ./Core/Src/dma.o
 .debug_str     0x000867e6    0x7dfd0 ./Core/Src/gpio.o
 .debug_str     0x000867e6    0x7eb48 ./Core/Src/init.o
 .debug_str     0x000867e6    0x81b99 ./Core/Src/irq.o
 .debug_str     0x000867e6    0x7e3de ./Core/Src/main.o
 .debug_str     0x000867e6    0x81507 ./Core/Src/nextion_com.o
 .debug_str     0x000867e6    0x7e862 ./Core/Src/nrf24l01p.o
 .debug_str     0x000867e6    0x7e3ed ./Core/Src/spi.o
 .debug_str     0x000867e6    0x7dc13 ./Core/Src/stm32l1xx_hal_msp.o
 .debug_str     0x000867e6    0x7e7c3 ./Core/Src/stm32l1xx_it.o
 .debug_str     0x000867e6    0x7dbe6 ./Core/Src/system_stm32l1xx.o
 .debug_str     0x000867e6    0x7dbbb ./Core/Src/thermistor.o
 .debug_str     0x000867e6    0x7e4d0 ./Core/Src/tim.o
 .debug_str     0x000867e6    0x80e06 ./Core/Src/uart_cmd.o
 .debug_str     0x000867e6    0x81332 ./Core/Src/uart_dma.o
 .debug_str     0x000867e6    0x7e466 ./Core/Src/usart.o
 .debug_str     0x000867e6       0x7d ./Core/Startup/startup_stm32l151c8tx.o
 .debug_str     0x000867e6    0x7e26e ./Drivers/STM32L1xx_HAL_Driver/Src/stm32l1xx_hal.o
 .debug_str     0x000867e6    0x7e378 ./Drivers/STM32L1xx_HAL_Driver/Src/stm32l1xx_hal_adc.o
 .debug_str     0x000867e6    0x7e38b ./Drivers/STM32L1xx_HAL_Driver/Src/stm32l1xx_hal_adc_ex.o
 .debug_str     0x000867e6    0x7e37a ./Drivers/STM32L1xx_HAL_Driver/Src/stm32l1xx_hal_cortex.o
 .debug_str     0x000867e6    0x7df6b ./Drivers/STM32L1xx_HAL_Driver/Src/stm32l1xx_hal_dma.o
 .debug_str     0x000867e6    0x7dd79 ./Drivers/STM32L1xx_HAL_Driver/Src/stm32l1xx_hal_gpio.o
 .debug_str     0x000867e6    0x7e087 ./Drivers/STM32L1xx_HAL_Driver/Src/stm32l1xx_hal_rcc.o
 .debug_str     0x000867e6    0x7e4ef ./Drivers/STM32L1xx_HAL_Driver/Src/stm32l1xx_hal_spi.o
 .debug_str     0x000867e6    0x7eee9 ./Drivers/STM32L1xx_HAL_Driver/Src/stm32l1xx_hal_tim.o
 .debug_str     0x000867e6    0x7e64b ./Drivers/STM32L1xx_HAL_Driver/Src/stm32l1xx_hal_uart.o

.comment        0x00000000       0x86
 .comment       0x00000000       0x86 ./Core/Src/adc.o
                                 0x44 (size before relaxing)
 .comment       0x00000086       0x44 ./Core/Src/cycle.o
 .comment       0x00000086       0x44 ./Core/Src/delay_us.o
 .comment       0x00000086       0x44 ./Core/Src/dma.o
 .comment       0x00000086       0x44 ./Core/Src/gpio.o
 .comment       0x00000086       0x44 ./Core/Src/init.o
 .comment       0x00000086       0x44 ./Core/Src/irq.o
 .comment       0x00000086       0x44 ./Core/Src/main.o
 .comment       0x00000086       0x44 ./Core/Src/nextion_com.o
 .comment       0x00000086       0x44 ./Core/Src/nrf24l01p.o
 .comment       0x00000086       0x44 ./Core/Src/spi.o
 .comment       0x00000086       0x44 ./Core/Src/stm32l1xx_hal_msp.o
 .comment       0x00000086       0x44 ./Core/Src/stm32l1xx_it.o
 .comment       0x00000086       0x44 ./Core/Src/system_stm32l1xx.o
 .comment       0x00000086       0x44 ./Core/Src/thermistor.o
 .comment       0x00000086       0x44 ./Core/Src/tim.o
 .comment       0x00000086       0x44 ./Core/Src/uart_cmd.o
 .comment       0x00000086       0x44 ./Core/Src/uart_dma.o
 .comment       0x00000086       0x44 ./Core/Src/usart.o
 .comment       0x00000086       0x44 ./Drivers/STM32L1xx_HAL_Driver/Src/stm32l1xx_hal.o
 .comment       0x00000086       0x44 ./Drivers/STM32L1xx_HAL_Driver/Src/stm32l1xx_hal_adc.o
 .comment       0x00000086       0x44 ./Drivers/STM32L1xx_HAL_Driver/Src/stm32l1xx_hal_adc_ex.o
 .comment       0x00000086       0x44 ./Drivers/STM32L1xx_HAL_Driver/Src/stm32l1xx_hal_cortex.o
 .comment       0x00000086       0x44 ./Drivers/STM32L1xx_HAL_Driver/Src/stm32l1xx_hal_dma.o
 .comment       0x00000086       0x44 ./Drivers/STM32L1xx_HAL_Driver/Src/stm32l1xx_hal_gpio.o
 .comment       0x00000086       0x44 ./Drivers/STM32L1xx_HAL_Driver/Src/stm32l1xx_hal_rcc.o
 .comment       0x00000086       0x44 ./Drivers/STM32L1xx_HAL_Driver/Src/stm32l1xx_hal_spi.o
 .comment       0x00000086       0x44 ./Drivers/STM32L1xx_HAL_Driver/Src/stm32l1xx_hal_tim.o
 .comment       0x00000086       0x44 ./Drivers/STM32L1xx_HAL_Driver/Src/stm32l1xx_hal_uart.o

.debug_frame    0x00000000     0x458c
 .debug_frame   0x00000000       0x7c ./Core/Src/adc.o
 .debug_frame   0x0000007c       0x9c ./Core/Src/cycle.o
 .debug_frame   0x00000118       0x58 ./Core/Src/delay_us.o
 .debug_frame   0x00000170       0x34 ./Core/Src/dma.o
 .debug_frame   0x000001a4       0x34 ./Core/Src/gpio.o
 .debug_frame   0x000001d8       0x2c ./Core/Src/init.o
 .debug_frame   0x00000204       0x80 ./Core/Src/irq.o
 .debug_frame   0x00000284       0x68 ./Core/Src/main.o
 .debug_frame   0x000002ec       0xd8 ./Core/Src/nextion_com.o
 .debug_frame   0x000003c4      0x338 ./Core/Src/nrf24l01p.o
 .debug_frame   0x000006fc       0x74 ./Core/Src/spi.o
 .debug_frame   0x00000770       0x38 ./Core/Src/stm32l1xx_hal_msp.o
 .debug_frame   0x000007a8      0x1e4 ./Core/Src/stm32l1xx_it.o
 .debug_frame   0x0000098c       0x58 ./Core/Src/system_stm32l1xx.o
 .debug_frame   0x000009e4       0x38 ./Core/Src/thermistor.o
 .debug_frame   0x00000a1c       0x7c ./Core/Src/tim.o
 .debug_frame   0x00000a98       0x60 ./Core/Src/uart_cmd.o
 .debug_frame   0x00000af8      0x124 ./Core/Src/uart_dma.o
 .debug_frame   0x00000c1c       0x74 ./Core/Src/usart.o
 .debug_frame   0x00000c90      0x33c ./Drivers/STM32L1xx_HAL_Driver/Src/stm32l1xx_hal.o
 .debug_frame   0x00000fcc      0x40c ./Drivers/STM32L1xx_HAL_Driver/Src/stm32l1xx_hal_adc.o
 .debug_frame   0x000013d8      0x140 ./Drivers/STM32L1xx_HAL_Driver/Src/stm32l1xx_hal_adc_ex.o
 .debug_frame   0x00001518      0x4e8 ./Drivers/STM32L1xx_HAL_Driver/Src/stm32l1xx_hal_cortex.o
 .debug_frame   0x00001a00      0x204 ./Drivers/STM32L1xx_HAL_Driver/Src/stm32l1xx_hal_dma.o
 .debug_frame   0x00001c04      0x14c ./Drivers/STM32L1xx_HAL_Driver/Src/stm32l1xx_hal_gpio.o
 .debug_frame   0x00001d50      0x224 ./Drivers/STM32L1xx_HAL_Driver/Src/stm32l1xx_hal_rcc.o
 .debug_frame   0x00001f74      0x828 ./Drivers/STM32L1xx_HAL_Driver/Src/stm32l1xx_hal_spi.o
 .debug_frame   0x0000279c     0x11b4 ./Drivers/STM32L1xx_HAL_Driver/Src/stm32l1xx_hal_tim.o
 .debug_frame   0x00003950      0x944 ./Drivers/STM32L1xx_HAL_Driver/Src/stm32l1xx_hal_uart.o
 .debug_frame   0x00004294       0x30 C:/ST/STM32CubeIDE_1.18.0/STM32CubeIDE/plugins/com.st.stm32cube.ide.mcu.externaltools.gnu-tools-for-stm32.13.3.rel1.win32_1.0.0.202411081344/tools/bin/../lib/gcc/arm-none-eabi/13.3.1/../../../../arm-none-eabi/lib/thumb/v7-m/nofp\libc_nano.a(libc_a-atoi.o)
 .debug_frame   0x000042c4       0x64 C:/ST/STM32CubeIDE_1.18.0/STM32CubeIDE/plugins/com.st.stm32cube.ide.mcu.externaltools.gnu-tools-for-stm32.13.3.rel1.win32_1.0.0.202411081344/tools/bin/../lib/gcc/arm-none-eabi/13.3.1/../../../../arm-none-eabi/lib/thumb/v7-m/nofp\libc_nano.a(libc_a-strtol.o)
 .debug_frame   0x00004328      0x144 C:/ST/STM32CubeIDE_1.18.0/STM32CubeIDE/plugins/com.st.stm32cube.ide.mcu.externaltools.gnu-tools-for-stm32.13.3.rel1.win32_1.0.0.202411081344/tools/bin/../lib/gcc/arm-none-eabi/13.3.1/../../../../arm-none-eabi/lib/thumb/v7-m/nofp\libc_nano.a(libc_a-findfp.o)
 .debug_frame   0x0000446c       0x20 C:/ST/STM32CubeIDE_1.18.0/STM32CubeIDE/plugins/com.st.stm32cube.ide.mcu.externaltools.gnu-tools-for-stm32.13.3.rel1.win32_1.0.0.202411081344/tools/bin/../lib/gcc/arm-none-eabi/13.3.1/../../../../arm-none-eabi/lib/thumb/v7-m/nofp\libc_nano.a(libc_a-memset.o)
 .debug_frame   0x0000448c       0x28 C:/ST/STM32CubeIDE_1.18.0/STM32CubeIDE/plugins/com.st.stm32cube.ide.mcu.externaltools.gnu-tools-for-stm32.13.3.rel1.win32_1.0.0.202411081344/tools/bin/../lib/gcc/arm-none-eabi/13.3.1/../../../../arm-none-eabi/lib/thumb/v7-m/nofp\libc_nano.a(libc_a-strncmp.o)
 .debug_frame   0x000044b4       0x2c C:/ST/STM32CubeIDE_1.18.0/STM32CubeIDE/plugins/com.st.stm32cube.ide.mcu.externaltools.gnu-tools-for-stm32.13.3.rel1.win32_1.0.0.202411081344/tools/bin/../lib/gcc/arm-none-eabi/13.3.1/../../../../arm-none-eabi/lib/thumb/v7-m/nofp\libc_nano.a(libc_a-strstr.o)
 .debug_frame   0x000044e0       0x20 C:/ST/STM32CubeIDE_1.18.0/STM32CubeIDE/plugins/com.st.stm32cube.ide.mcu.externaltools.gnu-tools-for-stm32.13.3.rel1.win32_1.0.0.202411081344/tools/bin/../lib/gcc/arm-none-eabi/13.3.1/../../../../arm-none-eabi/lib/thumb/v7-m/nofp\libc_nano.a(libc_a-errno.o)
 .debug_frame   0x00004500       0x2c C:/ST/STM32CubeIDE_1.18.0/STM32CubeIDE/plugins/com.st.stm32cube.ide.mcu.externaltools.gnu-tools-for-stm32.13.3.rel1.win32_1.0.0.202411081344/tools/bin/../lib/gcc/arm-none-eabi/13.3.1/../../../../arm-none-eabi/lib/thumb/v7-m/nofp\libc_nano.a(libc_a-init.o)
 .debug_frame   0x0000452c       0x2c C:/ST/STM32CubeIDE_1.18.0/STM32CubeIDE/plugins/com.st.stm32cube.ide.mcu.externaltools.gnu-tools-for-stm32.13.3.rel1.win32_1.0.0.202411081344/tools/bin/../lib/gcc/arm-none-eabi/13.3.1/thumb/v7-m/nofp\libgcc.a(_aeabi_uldivmod.o)
 .debug_frame   0x00004558       0x34 C:/ST/STM32CubeIDE_1.18.0/STM32CubeIDE/plugins/com.st.stm32cube.ide.mcu.externaltools.gnu-tools-for-stm32.13.3.rel1.win32_1.0.0.202411081344/tools/bin/../lib/gcc/arm-none-eabi/13.3.1/thumb/v7-m/nofp\libgcc.a(_udivmoddi4.o)

.debug_line_str
                0x00000000       0x61
 .debug_line_str
                0x00000000       0x61 ./Core/Startup/startup_stm32l151c8tx.o
