../Core/Src/nrf24l01p.c:19:20:cs_high	8	static
../Core/Src/nrf24l01p.c:26:20:cs_low	8	static
../Core/Src/nrf24l01p.c:33:20:ce_high	8	static
../Core/Src/nrf24l01p.c:40:20:ce_low	8	static
../Core/Src/nrf24l01p.c:51:16:read_register	32	static
../Core/Src/nrf24l01p.c:64:13:write_register	24	static
../Core/Src/nrf24l01p.c:74:13:write_address	24	static
../Core/Src/nrf24l01p.c:88:6:nrf24l01p_reset	8	static
../Core/Src/nrf24l01p.c:108:6:nrf24l01p_power_up	16	static
../Core/Src/nrf24l01p.c:114:6:nrf24l01p_prx_mode	16	static
../Core/Src/nrf24l01p.c:120:6:nrf24l01p_ptx_mode	16	static
../Core/Src/nrf24l01p.c:130:6:nrf24l01p_set_rf_channel	16	static
../Core/Src/nrf24l01p.c:135:6:nrf24l01p_set_rf_air_data_rate	24	static
../Core/Src/nrf24l01p.c:143:6:nrf24l01p_set_rf_tx_output_power	24	static
../Core/Src/nrf24l01p.c:154:6:nrf24l01p_flush_tx_fifo	16	static
../Core/Src/nrf24l01p.c:162:6:nrf24l01p_flush_rx_fifo	16	static
../Core/Src/nrf24l01p.c:174:6:nrf24l01p_rx_init	16	static
../Core/Src/nrf24l01p.c:191:6:nrf24l01p_tx_init	16	static
../Core/Src/nrf24l01p.c:212:6:nrf24l01p_tx_transmit	24	static
../Core/Src/nrf24l01p.c:237:9:nrf24l01p_get_status	24	static
../Core/Src/nrf24l01p.c:249:6:nrf24l01p_tx_irq	16	static
../Core/Src/nrf24l01p.c:263:6:nrf24l01p_rx_receive	24	static
../Core/Src/nrf24l01p.c:282:6:nrf24l01p_switch_rx_to_tx	8	static
../Core/Src/nrf24l01p.c:305:6:nrf24l01p_switch_tx_to_rx	8	static
